Archive member included to satisfy reference by file (symbol)

.pio\build\STM32F4-discovery\lib358\libLuos.a(luos_engine.o)
                              .pio\build\STM32F4-discovery\src\main.o (Luos_Init)
.pio\build\STM32F4-discovery\lib358\libLuos.a(luos_utils.o)
                              .pio\build\STM32F4-discovery\lib358\libLuos.a(luos_engine.o) (Luos_assert)
.pio\build\STM32F4-discovery\lib358\libLuos.a(routing_table.o)
                              .pio\build\STM32F4-discovery\lib358\libLuos.a(luos_engine.o) (RoutingTB_ComputeRoutingTableEntryNB)
.pio\build\STM32F4-discovery\lib358\libLuos.a(streaming.o)
                              .pio\build\STM32F4-discovery\lib358\libLuos.a(luos_engine.o) (Stream_GetAvailableSampleNB)
.pio\build\STM32F4-discovery\lib358\libLuos.a(msg_alloc.o)
                              .pio\build\STM32F4-discovery\lib358\libLuos.a(luos_utils.o) (MsgAlloc_Init)
.pio\build\STM32F4-discovery\lib358\libLuos.a(port_manager.o)
                              .pio\build\STM32F4-discovery\lib358\libLuos.a(luos_utils.o) (PortMng_Init)
.pio\build\STM32F4-discovery\lib358\libLuos.a(robus.o)
                              .pio\build\STM32F4-discovery\lib358\libLuos.a(luos_engine.o) (Robus_MaskInit)
.pio\build\STM32F4-discovery\lib358\libLuos.a(timestamp.o)
                              .pio\build\STM32F4-discovery\lib358\libLuos.a(robus.o) (Timestamp_IsTimestampMsg)
.pio\build\STM32F4-discovery\lib358\libLuos.a(transmission.o)
                              .pio\build\STM32F4-discovery\lib358\libLuos.a(robus.o) (ll_crc_compute)
.pio\build\STM32F4-discovery\lib358\libLuos.a(luos_hal.o)
                              .pio\build\STM32F4-discovery\lib358\libLuos.a(luos_utils.o) (LuosHAL_SetIrqState)
.pio\build\STM32F4-discovery\lib358\libLuos.a(bootloader_core.o)
                              .pio\build\STM32F4-discovery\lib358\libLuos.a(luos_engine.o) (LuosBootloader_MsgHandler)
.pio\build\STM32F4-discovery\lib358\libLuos.a(robus_hal.o)
                              .pio\build\STM32F4-discovery\lib358\libLuos.a(robus.o) (RobusHAL_ComInit)
.pio\build\STM32F4-discovery\lib358\libLuos.a(reception.o)
                              .pio\build\STM32F4-discovery\lib358\libLuos.a(robus.o) (Recep_Init)
.pio\build\STM32F4-discovery\lib358\libLuos.a(target.o)
                              .pio\build\STM32F4-discovery\lib358\libLuos.a(reception.o) (Trgt_MulticastTargetBank)
.pio\build\STM32F4-discovery\liba2a\libButton.a(button.o)
                              .pio\build\STM32F4-discovery\src\main.o (Button_Init)
c:/users/nicol/.platformio/packages/toolchain-gccarmnoneeabi/bin/../lib/gcc/arm-none-eabi/7.2.1/../../../../arm-none-eabi/lib/thumb/v7e-m\libc_nano.a(lib_a-exit.o)
                              c:/users/nicol/.platformio/packages/toolchain-gccarmnoneeabi/bin/../lib/gcc/arm-none-eabi/7.2.1/../../../../arm-none-eabi/lib/thumb/v7e-m/crt0.o (exit)
c:/users/nicol/.platformio/packages/toolchain-gccarmnoneeabi/bin/../lib/gcc/arm-none-eabi/7.2.1/../../../../arm-none-eabi/lib/thumb/v7e-m\libc_nano.a(lib_a-impure.o)
                              c:/users/nicol/.platformio/packages/toolchain-gccarmnoneeabi/bin/../lib/gcc/arm-none-eabi/7.2.1/../../../../arm-none-eabi/lib/thumb/v7e-m\libc_nano.a(lib_a-exit.o) (_global_impure_ptr)
c:/users/nicol/.platformio/packages/toolchain-gccarmnoneeabi/bin/../lib/gcc/arm-none-eabi/7.2.1/../../../../arm-none-eabi/lib/thumb/v7e-m\libc_nano.a(lib_a-init.o)
                              c:/users/nicol/.platformio/packages/toolchain-gccarmnoneeabi/bin/../lib/gcc/arm-none-eabi/7.2.1/../../../../arm-none-eabi/lib/thumb/v7e-m/crt0.o (__libc_init_array)
c:/users/nicol/.platformio/packages/toolchain-gccarmnoneeabi/bin/../lib/gcc/arm-none-eabi/7.2.1/../../../../arm-none-eabi/lib/thumb/v7e-m\libc_nano.a(lib_a-memcpy-stub.o)
                              .pio\build\STM32F4-discovery\lib358\libLuos.a(luos_engine.o) (memcpy)
c:/users/nicol/.platformio/packages/toolchain-gccarmnoneeabi/bin/../lib/gcc/arm-none-eabi/7.2.1/../../../../arm-none-eabi/lib/thumb/v7e-m\libc_nano.a(lib_a-memset.o)
                              c:/users/nicol/.platformio/packages/toolchain-gccarmnoneeabi/bin/../lib/gcc/arm-none-eabi/7.2.1/../../../../arm-none-eabi/lib/thumb/v7e-m/crt0.o (memset)
c:/users/nicol/.platformio/packages/toolchain-gccarmnoneeabi/bin/../lib/gcc/arm-none-eabi/7.2.1/../../../../arm-none-eabi/lib/thumb/v7e-m\libc_nano.a(lib_a-sprintf.o)
                              .pio\build\STM32F4-discovery\lib358\libLuos.a(routing_table.o) (sprintf)
c:/users/nicol/.platformio/packages/toolchain-gccarmnoneeabi/bin/../lib/gcc/arm-none-eabi/7.2.1/../../../../arm-none-eabi/lib/thumb/v7e-m\libc_nano.a(lib_a-strcmp.o)
                              .pio\build\STM32F4-discovery\lib358\libLuos.a(routing_table.o) (strcmp)
c:/users/nicol/.platformio/packages/toolchain-gccarmnoneeabi/bin/../lib/gcc/arm-none-eabi/7.2.1/../../../../arm-none-eabi/lib/thumb/v7e-m\libc_nano.a(lib_a-strlen.o)
[...]
Memory Configuration

Name             Origin             Length             Attributes
CCMRAM           0x10000000         0x00010000         xrw
RAM              0x20000000         0x00020000         xrw
SHRD_FLASH       0x0800c000         0x00004000         rw
FLASH            0x08010000         0x000f0000         rw
*default*        0x00000000         0xffffffff

Linker script and memory map

LOAD c:/users/nicol/.platformio/packages/toolchain-gccarmnoneeabi/bin/../lib/gcc/arm-none-eabi/7.2.1/thumb/v7e-m/crti.o
LOAD c:/users/nicol/.platformio/packages/toolchain-gccarmnoneeabi/bin/../lib/gcc/arm-none-eabi/7.2.1/thumb/v7e-m/crtbegin.o
LOAD c:/users/nicol/.platformio/packages/toolchain-gccarmnoneeabi/bin/../lib/gcc/arm-none-eabi/7.2.1/../../../../arm-none-eabi/lib/thumb/v7e-m/crt0.o
LOAD .pio\build\STM32F4-discovery\FrameworkHALDriver\Src\stm32f4xx_hal.o
LOAD .pio\build\STM32F4-discovery\FrameworkHALDriver\Src\stm32f4xx_hal_adc.o
LOAD .pio\build\STM32F4-discovery\FrameworkHALDriver\Src\stm32f4xx_hal_adc_ex.o
LOAD .pio\build\STM32F4-discovery\FrameworkHALDriver\Src\stm32f4xx_hal_can.o
LOAD .pio\build\STM32F4-discovery\FrameworkHALDriver\Src\stm32f4xx_hal_cec.o
LOAD .pio\build\STM32F4-discovery\FrameworkHALDriver\Src\stm32f4xx_hal_cortex.o
LOAD .pio\build\STM32F4-discovery\FrameworkHALDriver\Src\stm32f4xx_hal_crc.o
LOAD .pio\build\STM32F4-discovery\FrameworkHALDriver\Src\stm32f4xx_hal_cryp.o
LOAD .pio\build\STM32F4-discovery\FrameworkHALDriver\Src\stm32f4xx_hal_cryp_ex.o
LOAD .pio\build\STM32F4-discovery\FrameworkHALDriver\Src\stm32f4xx_hal_dac.o
LOAD .pio\build\STM32F4-discovery\FrameworkHALDriver\Src\stm32f4xx_hal_dac_ex.o
LOAD .pio\build\STM32F4-discovery\FrameworkHALDriver\Src\stm32f4xx_hal_dcmi.o
LOAD .pio\build\STM32F4-discovery\FrameworkHALDriver\Src\stm32f4xx_hal_dcmi_ex.o
LOAD .pio\build\STM32F4-discovery\FrameworkHALDriver\Src\stm32f4xx_hal_dfsdm.o
LOAD .pio\build\STM32F4-discovery\FrameworkHALDriver\Src\stm32f4xx_hal_dma.o
LOAD .pio\build\STM32F4-discovery\FrameworkHALDriver\Src\stm32f4xx_hal_dma2d.o
LOAD .pio\build\STM32F4-discovery\FrameworkHALDriver\Src\stm32f4xx_hal_dma_ex.o
LOAD .pio\build\STM32F4-discovery\FrameworkHALDriver\Src\stm32f4xx_hal_dsi.o
LOAD .pio\build\STM32F4-discovery\FrameworkHALDriver\Src\stm32f4xx_hal_eth.o
LOAD .pio\build\STM32F4-discovery\FrameworkHALDriver\Src\stm32f4xx_hal_exti.o
LOAD .pio\build\STM32F4-discovery\FrameworkHALDriver\Src\stm32f4xx_hal_flash.o
LOAD .pio\build\STM32F4-discovery\FrameworkHALDriver\Src\stm32f4xx_hal_flash_ex.o
LOAD .pio\build\STM32F4-discovery\FrameworkHALDriver\Src\stm32f4xx_hal_flash_ramfunc.o
LOAD .pio\build\STM32F4-discovery\FrameworkHALDriver\Src\stm32f4xx_hal_fmpi2c.o
LOAD .pio\build\STM32F4-discovery\FrameworkHALDriver\Src\stm32f4xx_hal_fmpi2c_ex.o
LOAD .pio\build\STM32F4-discovery\FrameworkHALDriver\Src\stm32f4xx_hal_fmpsmbus.o
LOAD .pio\build\STM32F4-discovery\FrameworkHALDriver\Src\stm32f4xx_hal_fmpsmbus_ex.o
LOAD .pio\build\STM32F4-discovery\FrameworkHALDriver\Src\stm32f4xx_hal_gpio.o
LOAD .pio\build\STM32F4-discovery\FrameworkHALDriver\Src\stm32f4xx_hal_hash.o
LOAD .pio\build\STM32F4-discovery\FrameworkHALDriver\Src\stm32f4xx_hal_hash_ex.o
LOAD .pio\build\STM32F4-discovery\FrameworkHALDriver\Src\stm32f4xx_hal_hcd.o
LOAD .pio\build\STM32F4-discovery\FrameworkHALDriver\Src\stm32f4xx_hal_i2c.o
LOAD .pio\build\STM32F4-discovery\FrameworkHALDriver\Src\stm32f4xx_hal_i2c_ex.o
LOAD .pio\build\STM32F4-discovery\FrameworkHALDriver\Src\stm32f4xx_hal_i2s.o
LOAD .pio\build\STM32F4-discovery\FrameworkHALDriver\Src\stm32f4xx_hal_i2s_ex.o
LOAD .pio\build\STM32F4-discovery\FrameworkHALDriver\Src\stm32f4xx_hal_irda.o
LOAD .pio\build\STM32F4-discovery\FrameworkHALDriver\Src\stm32f4xx_hal_iwdg.o
LOAD .pio\build\STM32F4-discovery\FrameworkHALDriver\Src\stm32f4xx_hal_lptim.o
LOAD .pio\build\STM32F4-discovery\FrameworkHALDriver\Src\stm32f4xx_hal_ltdc.o
LOAD .pio\build\STM32F4-discovery\FrameworkHALDriver\Src\stm32f4xx_hal_ltdc_ex.o
LOAD .pio\build\STM32F4-discovery\FrameworkHALDriver\Src\stm32f4xx_hal_mmc.o
LOAD .pio\build\STM32F4-discovery\FrameworkHALDriver\Src\stm32f4xx_hal_nand.o
LOAD .pio\build\STM32F4-discovery\FrameworkHALDriver\Src\stm32f4xx_hal_nor.o
LOAD .pio\build\STM32F4-discovery\FrameworkHALDriver\Src\stm32f4xx_hal_pccard.o
LOAD .pio\build\STM32F4-discovery\FrameworkHALDriver\Src\stm32f4xx_hal_pcd.o
LOAD .pio\build\STM32F4-discovery\FrameworkHALDriver\Src\stm32f4xx_hal_pcd_ex.o
LOAD .pio\build\STM32F4-discovery\FrameworkHALDriver\Src\stm32f4xx_hal_pwr.o
LOAD .pio\build\STM32F4-discovery\FrameworkHALDriver\Src\stm32f4xx_hal_pwr_ex.o
LOAD .pio\build\STM32F4-discovery\FrameworkHALDriver\Src\stm32f4xx_hal_qspi.o
LOAD .pio\build\STM32F4-discovery\FrameworkHALDriver\Src\stm32f4xx_hal_rcc.o
LOAD .pio\build\STM32F4-discovery\FrameworkHALDriver\Src\stm32f4xx_hal_rcc_ex.o
LOAD .pio\build\STM32F4-discovery\FrameworkHALDriver\Src\stm32f4xx_hal_rng.o
LOAD .pio\build\STM32F4-discovery\FrameworkHALDriver\Src\stm32f4xx_hal_rtc.o
LOAD .pio\build\STM32F4-discovery\FrameworkHALDriver\Src\stm32f4xx_hal_rtc_ex.o
LOAD .pio\build\STM32F4-discovery\FrameworkHALDriver\Src\stm32f4xx_hal_sai.o
LOAD .pio\build\STM32F4-discovery\FrameworkHALDriver\Src\stm32f4xx_hal_sai_ex.o
LOAD .pio\build\STM32F4-discovery\FrameworkHALDriver\Src\stm32f4xx_hal_sd.o
LOAD .pio\build\STM32F4-discovery\FrameworkHALDriver\Src\stm32f4xx_hal_sdram.o
LOAD .pio\build\STM32F4-discovery\FrameworkHALDriver\Src\stm32f4xx_hal_smartcard.o
LOAD .pio\build\STM32F4-discovery\FrameworkHALDriver\Src\stm32f4xx_hal_smbus.o
LOAD .pio\build\STM32F4-discovery\FrameworkHALDriver\Src\stm32f4xx_hal_spdifrx.o
LOAD .pio\build\STM32F4-discovery\FrameworkHALDriver\Src\stm32f4xx_hal_spi.o
LOAD .pio\build\STM32F4-discovery\FrameworkHALDriver\Src\stm32f4xx_hal_sram.o
LOAD .pio\build\STM32F4-discovery\FrameworkHALDriver\Src\stm32f4xx_hal_tim.o
LOAD .pio\build\STM32F4-discovery\FrameworkHALDriver\Src\stm32f4xx_hal_tim_ex.o
LOAD .pio\build\STM32F4-discovery\FrameworkHALDriver\Src\stm32f4xx_hal_uart.o
LOAD .pio\build\STM32F4-discovery\FrameworkHALDriver\Src\stm32f4xx_hal_usart.o
LOAD .pio\build\STM32F4-discovery\FrameworkHALDriver\Src\stm32f4xx_hal_wwdg.o
LOAD .pio\build\STM32F4-discovery\FrameworkHALDriver\Src\stm32f4xx_ll_adc.o
LOAD .pio\build\STM32F4-discovery\FrameworkHALDriver\Src\stm32f4xx_ll_crc.o
LOAD .pio\build\STM32F4-discovery\FrameworkHALDriver\Src\stm32f4xx_ll_dac.o
LOAD .pio\build\STM32F4-discovery\FrameworkHALDriver\Src\stm32f4xx_ll_dma.o
LOAD .pio\build\STM32F4-discovery\FrameworkHALDriver\Src\stm32f4xx_ll_dma2d.o
LOAD .pio\build\STM32F4-discovery\FrameworkHALDriver\Src\stm32f4xx_ll_exti.o
LOAD .pio\build\STM32F4-discovery\FrameworkHALDriver\Src\stm32f4xx_ll_fmc.o
LOAD .pio\build\STM32F4-discovery\FrameworkHALDriver\Src\stm32f4xx_ll_fmpi2c.o
LOAD .pio\build\STM32F4-discovery\FrameworkHALDriver\Src\stm32f4xx_ll_fsmc.o
LOAD .pio\build\STM32F4-discovery\FrameworkHALDriver\Src\stm32f4xx_ll_gpio.o
LOAD .pio\build\STM32F4-discovery\FrameworkHALDriver\Src\stm32f4xx_ll_i2c.o
LOAD .pio\build\STM32F4-discovery\FrameworkHALDriver\Src\stm32f4xx_ll_lptim.o
LOAD .pio\build\STM32F4-discovery\FrameworkHALDriver\Src\stm32f4xx_ll_pwr.o
LOAD .pio\build\STM32F4-discovery\FrameworkHALDriver\Src\stm32f4xx_ll_rcc.o
LOAD .pio\build\STM32F4-discovery\FrameworkHALDriver\Src\stm32f4xx_ll_rng.o
LOAD .pio\build\STM32F4-discovery\FrameworkHALDriver\Src\stm32f4xx_ll_rtc.o
LOAD .pio\build\STM32F4-discovery\FrameworkHALDriver\Src\stm32f4xx_ll_sdmmc.o
LOAD .pio\build\STM32F4-discovery\FrameworkHALDriver\Src\stm32f4xx_ll_spi.o
LOAD .pio\build\STM32F4-discovery\FrameworkHALDriver\Src\stm32f4xx_ll_tim.o
LOAD .pio\build\STM32F4-discovery\FrameworkHALDriver\Src\stm32f4xx_ll_usart.o
LOAD .pio\build\STM32F4-discovery\FrameworkHALDriver\Src\stm32f4xx_ll_usb.o
LOAD .pio\build\STM32F4-discovery\FrameworkHALDriver\Src\stm32f4xx_ll_utils.o
LOAD .pio\build\STM32F4-discovery\src\gpio.o
LOAD .pio\build\STM32F4-discovery\src\main.o
LOAD .pio\build\STM32F4-discovery\src\stm32f4xx_hal_msp.o
LOAD .pio\build\STM32F4-discovery\src\stm32f4xx_it.o
LOAD .pio\build\STM32F4-discovery\src\system_stm32f4xx.o
START GROUP
LOAD .pio\build\STM32F4-discovery\lib358\libLuos.a
LOAD .pio\build\STM32F4-discovery\liba2a\libButton.a
LOAD c:/users/nicol/.platformio/packages/toolchain-gccarmnoneeabi/bin/../lib/gcc/arm-none-eabi/7.2.1/../../../../arm-none-eabi/lib/thumb/v7e-m\libc_nano.a
LOAD c:/users/nicol/.platformio/packages/toolchain-gccarmnoneeabi/bin/../lib/gcc/arm-none-eabi/7.2.1/thumb/v7e-m\libgcc.a
LOAD c:/users/nicol/.platformio/packages/toolchain-gccarmnoneeabi/bin/../lib/gcc/arm-none-eabi/7.2.1/../../../../arm-none-eabi/lib/thumb/v7e-m\libm.a
LOAD c:/users/nicol/.platformio/packages/toolchain-gccarmnoneeabi/bin/../lib/gcc/arm-none-eabi/7.2.1/../../../../arm-none-eabi/lib/thumb/v7e-m\libstdc++_nano.a
LOAD c:/users/nicol/.platformio/packages/toolchain-gccarmnoneeabi/bin/../lib/gcc/arm-none-eabi/7.2.1/../../../../arm-none-eabi/lib/thumb/v7e-m\libnosys.a
LOAD .pio\build\STM32F4-discovery\libFrameworkCMSISDevice.a
END GROUP
START GROUP
LOAD c:/users/nicol/.platformio/packages/toolchain-gccarmnoneeabi/bin/../lib/gcc/arm-none-eabi/7.2.1/thumb/v7e-m\libgcc.a
LOAD c:/users/nicol/.platformio/packages/toolchain-gccarmnoneeabi/bin/../lib/gcc/arm-none-eabi/7.2.1/../../../../arm-none-eabi/lib/thumb/v7e-m\libc_nano.a
END GROUP
START GROUP
LOAD c:/users/nicol/.platformio/packages/toolchain-gccarmnoneeabi/bin/../lib/gcc/arm-none-eabi/7.2.1/thumb/v7e-m\libgcc.a
LOAD c:/users/nicol/.platformio/packages/toolchain-gccarmnoneeabi/bin/../lib/gcc/arm-none-eabi/7.2.1/../../../../arm-none-eabi/lib/thumb/v7e-m\libc_nano.a
LOAD c:/users/nicol/.platformio/packages/toolchain-gccarmnoneeabi/bin/../lib/gcc/arm-none-eabi/7.2.1/../../../../arm-none-eabi/lib/thumb/v7e-m\libnosys.a
END GROUP
START GROUP
LOAD c:/users/nicol/.platformio/packages/toolchain-gccarmnoneeabi/bin/../lib/gcc/arm-none-eabi/7.2.1/thumb/v7e-m\libgcc.a
LOAD c:/users/nicol/.platformio/packages/toolchain-gccarmnoneeabi/bin/../lib/gcc/arm-none-eabi/7.2.1/../../../../arm-none-eabi/lib/thumb/v7e-m\libc_nano.a
LOAD c:/users/nicol/.platformio/packages/toolchain-gccarmnoneeabi/bin/../lib/gcc/arm-none-eabi/7.2.1/../../../../arm-none-eabi/lib/thumb/v7e-m\libnosys.a
END GROUP
LOAD c:/users/nicol/.platformio/packages/toolchain-gccarmnoneeabi/bin/../lib/gcc/arm-none-eabi/7.2.1/thumb/v7e-m/crtend.o
LOAD c:/users/nicol/.platformio/packages/toolchain-gccarmnoneeabi/bin/../lib/gcc/arm-none-eabi/7.2.1/thumb/v7e-m/crtn.o
                0x20020000                _estack = (ORIGIN (RAM) + LENGTH (RAM))
                0x00000200                _Min_Heap_Size = 0x200
                0x00000400                _Min_Stack_Size = 0x400

.isr_vector     0x08010000      0x188
                0x08010000                . = ALIGN (0x4)
 *(.isr_vector)
 .isr_vector    0x08010000      0x188 .pio\build\STM32F4-discovery\libFrameworkCMSISDevice.a(startup_stm32f407xx.o)
                0x08010000                g_pfnVectors
                0x08010188                . = ALIGN (0x4)

.text           0x08010190     0x7ad0
                0x08010190                . = ALIGN (0x4)
 *(.text)
 .text          0x08010190       0x40 c:/users/nicol/.platformio/packages/toolchain-gccarmnoneeabi/bin/../lib/gcc/arm-none-eabi/7.2.1/thumb/v7e-m/crtbegin.o
 .text          0x080101d0       0x14 c:/users/nicol/.platformio/packages/toolchain-gccarmnoneeabi/bin/../lib/gcc/arm-none-eabi/7.2.1/../../../../arm-none-eabi/lib/thumb/v7e-m\libc_nano.a(lib_a-strcmp.o)
                0x080101d0                strcmp
 .text          0x080101e4       0x10 c:/users/nicol/.platformio/packages/toolchain-gccarmnoneeabi/bin/../lib/gcc/arm-none-eabi/7.2.1/../../../../arm-none-eabi/lib/thumb/v7e-m\libc_nano.a(lib_a-strlen.o)
                0x080101e4                strlen
 *fill*         0x080101f4        0xc 
 .text          0x08010200       0xa0 c:/users/nicol/.platformio/packages/toolchain-gccarmnoneeabi/bin/../lib/gcc/arm-none-eabi/7.2.1/../../../../arm-none-eabi/lib/thumb/v7e-m\libc_nano.a(lib_a-memchr.o)
                0x08010200                memchr
 .text          0x080102a0      0x2a0 c:/users/nicol/.platformio/packages/toolchain-gccarmnoneeabi/bin/../lib/gcc/arm-none-eabi/7.2.1/thumb/v7e-m\libgcc.a(_arm_muldivsf3.o)
                0x080102a0                __mulsf3
                0x080102a0                __aeabi_fmul
                0x08010408                __aeabi_fdiv
                0x08010408                __divsf3
 .text          0x08010540       0x40 c:/users/nicol/.platformio/packages/toolchain-gccarmnoneeabi/bin/../lib/gcc/arm-none-eabi/7.2.1/thumb/v7e-m\libgcc.a(_arm_fixunssfsi.o)
                0x08010540                __fixunssfsi
                0x08010540                __aeabi_f2uiz
 .text          0x08010580       0x30 c:/users/nicol/.platformio/packages/toolchain-gccarmnoneeabi/bin/../lib/gcc/arm-none-eabi/7.2.1/thumb/v7e-m\libgcc.a(_aeabi_uldivmod.o)
                0x08010580                __aeabi_uldivmod
 .text          0x080105b0      0x2cc c:/users/nicol/.platformio/packages/toolchain-gccarmnoneeabi/bin/../lib/gcc/arm-none-eabi/7.2.1/thumb/v7e-m\libgcc.a(_udivmoddi4.o)
                0x080105b0                __udivmoddi4
 .text          0x0801087c        0x4 c:/users/nicol/.platformio/packages/toolchain-gccarmnoneeabi/bin/../lib/gcc/arm-none-eabi/7.2.1/thumb/v7e-m\libgcc.a(_dvmd_tls.o)
                0x0801087c                __aeabi_idiv0
                0x0801087c                __aeabi_ldiv0
 *(.text*)
 .text.HAL_MspDeInit
                0x08010880        0x2 .pio\build\STM32F4-discovery\FrameworkHALDriver\Src\stm32f4xx_hal.o
                0x08010880                HAL_MspDeInit
 *fill*         0x08010882        0x2 
 .text.HAL_DeInit
                0x08010884       0x2c .pio\build\STM32F4-discovery\FrameworkHALDriver\Src\stm32f4xx_hal.o
                0x08010884                HAL_DeInit
 .text.HAL_InitTick
                0x080108b0       0x4c .pio\build\STM32F4-discovery\FrameworkHALDriver\Src\stm32f4xx_hal.o
                0x080108b0                HAL_InitTick
 .text.HAL_Init
                0x080108fc       0x34 .pio\build\STM32F4-discovery\FrameworkHALDriver\Src\stm32f4xx_hal.o
                0x080108fc                HAL_Init
 .text.HAL_IncTick
                0x08010930       0x18 .pio\build\STM32F4-discovery\FrameworkHALDriver\Src\stm32f4xx_hal.o
                0x08010930                HAL_IncTick
 .text.HAL_GetTick
                0x08010948        0xc .pio\build\STM32F4-discovery\FrameworkHALDriver\Src\stm32f4xx_hal.o
                0x08010948                HAL_GetTick
 .text.HAL_NVIC_SetPriorityGrouping
                0x08010954       0x24 .pio\build\STM32F4-discovery\FrameworkHALDriver\Src\stm32f4xx_hal_cortex.o
                0x08010954                HAL_NVIC_SetPriorityGrouping
 .text.HAL_NVIC_SetPriority
                0x08010978       0x64 .pio\build\STM32F4-discovery\FrameworkHALDriver\Src\stm32f4xx_hal_cortex.o
                0x08010978                HAL_NVIC_SetPriority
 .text.HAL_NVIC_EnableIRQ
                0x080109dc       0x1c .pio\build\STM32F4-discovery\FrameworkHALDriver\Src\stm32f4xx_hal_cortex.o
                0x080109dc                HAL_NVIC_EnableIRQ
 .text.HAL_SYSTICK_Config
                0x080109f8       0x2c .pio\build\STM32F4-discovery\FrameworkHALDriver\Src\stm32f4xx_hal_cortex.o
                0x080109f8                HAL_SYSTICK_Config
 .text.FLASH_Program_DoubleWord
                0x08010a24       0x2c .pio\build\STM32F4-discovery\FrameworkHALDriver\Src\stm32f4xx_hal_flash.o
 .text.FLASH_Program_Word
                0x08010a50       0x24 .pio\build\STM32F4-discovery\FrameworkHALDriver\Src\stm32f4xx_hal_flash.o
 .text.FLASH_Program_HalfWord
                0x08010a74       0x24 .pio\build\STM32F4-discovery\FrameworkHALDriver\Src\stm32f4xx_hal_flash.o
 .text.FLASH_SetErrorCode
                0x08010a98       0x8c .pio\build\STM32F4-discovery\FrameworkHALDriver\Src\stm32f4xx_hal_flash.o
 .text.HAL_FLASH_Unlock
                0x08010b24       0x28 .pio\build\STM32F4-discovery\FrameworkHALDriver\Src\stm32f4xx_hal_flash.o
                0x08010b24                HAL_FLASH_Unlock
 .text.HAL_FLASH_Lock
                0x08010b4c       0x14 .pio\build\STM32F4-discovery\FrameworkHALDriver\Src\stm32f4xx_hal_flash.o
                0x08010b4c                HAL_FLASH_Lock
 .text.FLASH_WaitForLastOperation
                0x08010b60       0x64 .pio\build\STM32F4-discovery\FrameworkHALDriver\Src\stm32f4xx_hal_flash.o
                0x08010b60                FLASH_WaitForLastOperation
 .text.HAL_FLASH_Program
                0x08010bc4       0x98 .pio\build\STM32F4-discovery\FrameworkHALDriver\Src\stm32f4xx_hal_flash.o
                0x08010bc4                HAL_FLASH_Program
 .text.FLASH_MassErase
                0x08010c5c       0x24 .pio\build\STM32F4-discovery\FrameworkHALDriver\Src\stm32f4xx_hal_flash_ex.o
 .text.FLASH_Erase_Sector
                0x08010c80       0x54 .pio\build\STM32F4-discovery\FrameworkHALDriver\Src\stm32f4xx_hal_flash_ex.o
                0x08010c80                FLASH_Erase_Sector
 .text.FLASH_FlushCaches
                0x08010cd4       0x60 .pio\build\STM32F4-discovery\FrameworkHALDriver\Src\stm32f4xx_hal_flash_ex.o
                0x08010cd4                FLASH_FlushCaches
 .text.HAL_FLASHEx_Erase
                0x08010d34       0xa8 .pio\build\STM32F4-discovery\FrameworkHALDriver\Src\stm32f4xx_hal_flash_ex.o
                0x08010d34                HAL_FLASHEx_Erase
 .text.HAL_GPIO_Init
                0x08010ddc      0x218 .pio\build\STM32F4-discovery\FrameworkHALDriver\Src\stm32f4xx_hal_gpio.o
                0x08010ddc                HAL_GPIO_Init
 .text.HAL_GPIO_ReadPin
                0x08010ff4        0xc .pio\build\STM32F4-discovery\FrameworkHALDriver\Src\stm32f4xx_hal_gpio.o
                0x08010ff4                HAL_GPIO_ReadPin
 .text.HAL_GPIO_WritePin
                0x08011000        0xc .pio\build\STM32F4-discovery\FrameworkHALDriver\Src\stm32f4xx_hal_gpio.o
                0x08011000                HAL_GPIO_WritePin
 .text.HAL_GPIO_EXTI_IRQHandler
                0x0801100c       0x1c .pio\build\STM32F4-discovery\FrameworkHALDriver\Src\stm32f4xx_hal_gpio.o
                0x0801100c                HAL_GPIO_EXTI_IRQHandler
 .text.HAL_RCC_OscConfig
                0x08011028      0x3fc .pio\build\STM32F4-discovery\FrameworkHALDriver\Src\stm32f4xx_hal_rcc.o
                0x08011028                HAL_RCC_OscConfig
 .text.HAL_RCC_GetSysClockFreq
                0x08011424       0xa8 .pio\build\STM32F4-discovery\FrameworkHALDriver\Src\stm32f4xx_hal_rcc.o
                0x08011424                HAL_RCC_GetSysClockFreq
 .text.HAL_RCC_ClockConfig
                0x080114cc      0x164 .pio\build\STM32F4-discovery\FrameworkHALDriver\Src\stm32f4xx_hal_rcc.o
                0x080114cc                HAL_RCC_ClockConfig
 .text.HAL_RCC_DeInit
                0x08011630      0x13c .pio\build\STM32F4-discovery\FrameworkHALDriver\Src\stm32f4xx_hal_rcc_ex.o
                0x08011630                HAL_RCC_DeInit
 .text.RCC_GetHCLKClockFreq
                0x0801176c       0x18 .pio\build\STM32F4-discovery\FrameworkHALDriver\Src\stm32f4xx_ll_rcc.o
                0x0801176c                RCC_GetHCLKClockFreq
 .text.RCC_GetPCLK1ClockFreq
                0x08011784       0x18 .pio\build\STM32F4-discovery\FrameworkHALDriver\Src\stm32f4xx_ll_rcc.o
                0x08011784                RCC_GetPCLK1ClockFreq
 .text.RCC_GetPCLK2ClockFreq
                0x0801179c       0x18 .pio\build\STM32F4-discovery\FrameworkHALDriver\Src\stm32f4xx_ll_rcc.o
                0x0801179c                RCC_GetPCLK2ClockFreq
 .text.RCC_PLL_GetFreqDomain_SYS
                0x080117b4       0x4c .pio\build\STM32F4-discovery\FrameworkHALDriver\Src\stm32f4xx_ll_rcc.o
                0x080117b4                RCC_PLL_GetFreqDomain_SYS
 .text.RCC_GetSystemClockFreq
                0x08011800       0x30 .pio\build\STM32F4-discovery\FrameworkHALDriver\Src\stm32f4xx_ll_rcc.o
                0x08011800                RCC_GetSystemClockFreq
 .text.LL_RCC_GetSystemClocksFreq
                0x08011830       0x20 .pio\build\STM32F4-discovery\FrameworkHALDriver\Src\stm32f4xx_ll_rcc.o
                0x08011830                LL_RCC_GetSystemClocksFreq
 .text.LL_TIM_Init
                0x08011850       0xec .pio\build\STM32F4-discovery\FrameworkHALDriver\Src\stm32f4xx_ll_tim.o
                0x08011850                LL_TIM_Init
 .text.LL_USART_Init
                0x0801193c      0x184 .pio\build\STM32F4-discovery\FrameworkHALDriver\Src\stm32f4xx_ll_usart.o
                0x0801193c                LL_USART_Init
 .text.MX_GPIO_Init
                0x08011ac0       0x80 .pio\build\STM32F4-discovery\src\gpio.o
                0x08011ac0                MX_GPIO_Init
 .text.SystemClock_Config
                0x08011b40       0xa4 .pio\build\STM32F4-discovery\src\main.o
                0x08011b40                SystemClock_Config
 .text.main     0x08011be4       0x20 .pio\build\STM32F4-discovery\src\main.o
                0x08011be4                main
 .text.HAL_MspInit
                0x08011c04       0x38 .pio\build\STM32F4-discovery\src\stm32f4xx_hal_msp.o
                0x08011c04                HAL_MspInit
 .text.NMI_Handler
                0x08011c3c        0x2 .pio\build\STM32F4-discovery\src\stm32f4xx_it.o
                0x08011c3c                NMI_Handler
 .text.HardFault_Handler
                0x08011c3e        0x2 .pio\build\STM32F4-discovery\src\stm32f4xx_it.o
                0x08011c3e                HardFault_Handler
 .text.MemManage_Handler
                0x08011c40        0x2 .pio\build\STM32F4-discovery\src\stm32f4xx_it.o
                0x08011c40                MemManage_Handler
 .text.BusFault_Handler
                0x08011c42        0x2 .pio\build\STM32F4-discovery\src\stm32f4xx_it.o
                0x08011c42                BusFault_Handler
 .text.UsageFault_Handler
                0x08011c44        0x2 .pio\build\STM32F4-discovery\src\stm32f4xx_it.o
                0x08011c44                UsageFault_Handler
 .text.SVC_Handler
                0x08011c46        0x2 .pio\build\STM32F4-discovery\src\stm32f4xx_it.o
                0x08011c46                SVC_Handler
 .text.DebugMon_Handler
                0x08011c48        0x2 .pio\build\STM32F4-discovery\src\stm32f4xx_it.o
                0x08011c48                DebugMon_Handler
 .text.PendSV_Handler
                0x08011c4a        0x2 .pio\build\STM32F4-discovery\src\stm32f4xx_it.o
                0x08011c4a                PendSV_Handler
 .text.SysTick_Handler
                0x08011c4c        0x8 .pio\build\STM32F4-discovery\src\stm32f4xx_it.o
                0x08011c4c                SysTick_Handler
 .text.EXTI4_IRQHandler
                0x08011c54        0xa .pio\build\STM32F4-discovery\src\stm32f4xx_it.o
                0x08011c54                EXTI4_IRQHandler
 .text.EXTI9_5_IRQHandler
                0x08011c5e        0xa .pio\build\STM32F4-discovery\src\stm32f4xx_it.o
                0x08011c5e                EXTI9_5_IRQHandler
 .text.EXTI15_10_IRQHandler
                0x08011c68        0xc .pio\build\STM32F4-discovery\src\stm32f4xx_it.o
                0x08011c68                EXTI15_10_IRQHandler
 .text.SystemInit
                0x08011c74       0x10 .pio\build\STM32F4-discovery\src\system_stm32f4xx.o
                0x08011c74                SystemInit
 .text.Luos_SaveAlias
                0x08011c84       0x58 .pio\build\STM32F4-discovery\lib358\libLuos.a(luos_engine.o)
 .text.Luos_Init
                0x08011cdc       0x24 .pio\build\STM32F4-discovery\lib358\libLuos.a(luos_engine.o)
                0x08011cdc                Luos_Init
 .text.Luos_CreateService
                0x08011d00      0x158 .pio\build\STM32F4-discovery\lib358\libLuos.a(luos_engine.o)
                0x08011d00                Luos_CreateService
 .text.Luos_SendMsg
                0x08011e58       0x34 .pio\build\STM32F4-discovery\lib358\libLuos.a(luos_engine.o)
                0x08011e58                Luos_SendMsg
 .text.Luos_ReceiveData
                0x08011e8c      0x158 .pio\build\STM32F4-discovery\lib358\libLuos.a(luos_engine.o)
                0x08011e8c                Luos_ReceiveData
 .text.Luos_ResetStatistic
                0x08011fe4       0x24 .pio\build\STM32F4-discovery\lib358\libLuos.a(luos_engine.o)
                0x08011fe4                Luos_ResetStatistic
 .text.Luos_MsgHandler
                0x08012008      0x474 .pio\build\STM32F4-discovery\lib358\libLuos.a(luos_engine.o)
 .text.Luos_Loop
                0x0801247c      0x308 .pio\build\STM32F4-discovery\lib358\libLuos.a(luos_engine.o)
                0x0801247c                Luos_Loop
 .text.Luos_SendData
                0x08012784       0xa0 .pio\build\STM32F4-discovery\lib358\libLuos.a(luos_engine.o)
                0x08012784                Luos_SendData
 .text.Luos_SetVerboseMode
                0x08012824        0x8 .pio\build\STM32F4-discovery\lib358\libLuos.a(luos_engine.o)
                0x08012824                Luos_SetVerboseMode
 .text.node_assert
                0x0801282c        0x2 .pio\build\STM32F4-discovery\lib358\libLuos.a(luos_utils.o)
                0x0801282c                node_assert
 .text.Luos_assert
                0x0801282e       0x7e .pio\build\STM32F4-discovery\lib358\libLuos.a(luos_utils.o)
                0x0801282e                Luos_assert
 .text.RoutingTB_BigestNodeID
                0x080128ac       0x54 .pio\build\STM32F4-discovery\lib358\libLuos.a(routing_table.o)
 .text.RoutingTB_AddNumToAlias
                0x08012900       0x54 .pio\build\STM32F4-discovery\lib358\libLuos.a(routing_table.o)
 .text.RoutingTB_IDFromAlias
                0x08012954       0x50 .pio\build\STM32F4-discovery\lib358\libLuos.a(routing_table.o)
                0x08012954                RoutingTB_IDFromAlias
 .text.RoutingTB_AliasFromId
                0x080129a4       0x4c .pio\build\STM32F4-discovery\lib358\libLuos.a(routing_table.o)
                0x080129a4                RoutingTB_AliasFromId
 .text.RoutingTB_BigestID
                0x080129f0       0x4c .pio\build\STM32F4-discovery\lib358\libLuos.a(routing_table.o)
                0x080129f0                RoutingTB_BigestID
 .text.RoutingTB_ComputeRoutingTableEntryNB
                0x08012a3c       0x48 .pio\build\STM32F4-discovery\lib358\libLuos.a(routing_table.o)
                0x08012a3c                RoutingTB_ComputeRoutingTableEntryNB
 .text.RoutingTB_WaitRoutingTable
                0x08012a84       0x38 .pio\build\STM32F4-discovery\lib358\libLuos.a(routing_table.o)
                0x08012a84                RoutingTB_WaitRoutingTable
 .text.RoutingTB_ConvertNodeToRoutingTable
                0x08012abc       0x22 .pio\build\STM32F4-discovery\lib358\libLuos.a(routing_table.o)
                0x08012abc                RoutingTB_ConvertNodeToRoutingTable
 .text.RoutingTB_ConvertServiceToRoutingTable
                0x08012ade       0x2a .pio\build\STM32F4-discovery\lib358\libLuos.a(routing_table.o)
                0x08012ade                RoutingTB_ConvertServiceToRoutingTable
 .text.RoutingTB_RemoveOnRoutingTable
                0x08012b08       0x9c .pio\build\STM32F4-discovery\lib358\libLuos.a(routing_table.o)
                0x08012b08                RoutingTB_RemoveOnRoutingTable
 .text.RoutingTB_RemoveNode
                0x08012ba4       0x74 .pio\build\STM32F4-discovery\lib358\libLuos.a(routing_table.o)
                0x08012ba4                RoutingTB_RemoveNode
 .text.RoutingTB_Erase
                0x08012c18       0x28 .pio\build\STM32F4-discovery\lib358\libLuos.a(routing_table.o)
                0x08012c18                RoutingTB_Erase
 .text.RoutingTB_DetectServices
                0x08012c40      0x1b8 .pio\build\STM32F4-discovery\lib358\libLuos.a(routing_table.o)
                0x08012c40                RoutingTB_DetectServices
 .text.RoutingTB_Get
                0x08012df8        0x8 .pio\build\STM32F4-discovery\lib358\libLuos.a(routing_table.o)
                0x08012df8                RoutingTB_Get
 .text.RoutingTB_GetLastEntry
                0x08012e00        0xc .pio\build\STM32F4-discovery\lib358\libLuos.a(routing_table.o)
                0x08012e00                RoutingTB_GetLastEntry
 .text.MsgAlloc_Init
                0x08012e0c       0xe0 .pio\build\STM32F4-discovery\lib358\libLuos.a(msg_alloc.o)
                0x08012e0c                MsgAlloc_Init
 .text.MsgAlloc_ValidHeader
                0x08012eec       0x88 .pio\build\STM32F4-discovery\lib358\libLuos.a(msg_alloc.o)
                0x08012eec                MsgAlloc_ValidHeader
 .text.MsgAlloc_SetData
                0x08012f74       0x14 .pio\build\STM32F4-discovery\lib358\libLuos.a(msg_alloc.o)
                0x08012f74                MsgAlloc_SetData
 .text.MsgAlloc_IsEmpty
                0x08012f88       0x18 .pio\build\STM32F4-discovery\lib358\libLuos.a(msg_alloc.o)
                0x08012f88                MsgAlloc_IsEmpty
 .text.MsgAlloc_Reset
                0x08012fa0       0x24 .pio\build\STM32F4-discovery\lib358\libLuos.a(msg_alloc.o)
                0x08012fa0                MsgAlloc_Reset
 .text.MsgAlloc_IsReseted
                0x08012fc4       0x38 .pio\build\STM32F4-discovery\lib358\libLuos.a(msg_alloc.o)
                0x08012fc4                MsgAlloc_IsReseted
 .text.MsgAlloc_UsedMsgEnd
                0x08012ffc        0xc .pio\build\STM32F4-discovery\lib358\libLuos.a(msg_alloc.o)
                0x08012ffc                MsgAlloc_UsedMsgEnd
 .text.MsgAlloc_LuosTaskAlloc
                0x08013008      0x404 .pio\build\STM32F4-discovery\lib358\libLuos.a(msg_alloc.o)
                0x08013008                MsgAlloc_LuosTaskAlloc
 .text.MsgAlloc_GetLuosTaskCmd
                0x0801340c       0x24 .pio\build\STM32F4-discovery\lib358\libLuos.a(msg_alloc.o)
                0x0801340c                MsgAlloc_GetLuosTaskCmd
 .text.MsgAlloc_GetLuosTaskSize
                0x08013430       0x24 .pio\build\STM32F4-discovery\lib358\libLuos.a(msg_alloc.o)
                0x08013430                MsgAlloc_GetLuosTaskSize
 .text.MsgAlloc_ClearMsgFromLuosTasks
                0x08013454      0x2dc .pio\build\STM32F4-discovery\lib358\libLuos.a(msg_alloc.o)
                0x08013454                MsgAlloc_ClearMsgFromLuosTasks
 .text.MsgAlloc_PullMsgFromTxTask
                0x08013730      0x280 .pio\build\STM32F4-discovery\lib358\libLuos.a(msg_alloc.o)
                0x08013730                MsgAlloc_PullMsgFromTxTask
 .text.MsgAlloc_ClearMsgSpace
                0x080139b0      0x614 .pio\build\STM32F4-discovery\lib358\libLuos.a(msg_alloc.o)
 .text.MsgAlloc_SetTxTask
                0x08013fc4      0x688 .pio\build\STM32F4-discovery\lib358\libLuos.a(msg_alloc.o)
                0x08013fc4                MsgAlloc_SetTxTask
 .text.MsgAlloc_InvalidMsg
                0x0801464c       0x84 .pio\build\STM32F4-discovery\lib358\libLuos.a(msg_alloc.o)
                0x0801464c                MsgAlloc_InvalidMsg
 .text.MsgAlloc_EndMsg
                0x080146d0      0x414 .pio\build\STM32F4-discovery\lib358\libLuos.a(msg_alloc.o)
                0x080146d0                MsgAlloc_EndMsg
 .text.MsgAlloc_LookAtLuosTask
                0x08014ae4       0x94 .pio\build\STM32F4-discovery\lib358\libLuos.a(msg_alloc.o)
                0x08014ae4                MsgAlloc_LookAtLuosTask
 .text.MsgAlloc_PullMsgFromLuosTask
                0x08014b78      0x348 .pio\build\STM32F4-discovery\lib358\libLuos.a(msg_alloc.o)
                0x08014b78                MsgAlloc_PullMsgFromLuosTask
 .text.MsgAlloc_PullMsgToInterpret
                0x08014ec0      0x2f4 .pio\build\STM32F4-discovery\lib358\libLuos.a(msg_alloc.o)
                0x08014ec0                MsgAlloc_PullMsgToInterpret
 .text.MsgAlloc_loop
                0x080151b4      0x13c .pio\build\STM32F4-discovery\lib358\libLuos.a(msg_alloc.o)
                0x080151b4                MsgAlloc_loop
 .text.MsgAlloc_PullServiceFromTxTask
                0x080152f0      0x2a8 .pio\build\STM32F4-discovery\lib358\libLuos.a(msg_alloc.o)
                0x080152f0                MsgAlloc_PullServiceFromTxTask
 .text.MsgAlloc_GetTxTask
                0x08015598       0xc4 .pio\build\STM32F4-discovery\lib358\libLuos.a(msg_alloc.o)
                0x08015598                MsgAlloc_GetTxTask
 .text.MsgAlloc_TxAllComplete
                0x0801565c       0x14 .pio\build\STM32F4-discovery\lib358\libLuos.a(msg_alloc.o)
                0x0801565c                MsgAlloc_TxAllComplete
 .text.PortMng_Reset
                0x08015670       0x24 .pio\build\STM32F4-discovery\lib358\libLuos.a(port_manager.o)
 .text.PortMng_Init
                0x08015694       0x14 .pio\build\STM32F4-discovery\lib358\libLuos.a(port_manager.o)
                0x08015694                PortMng_Init
 .text.PortMng_PtpHandler
                0x080156a8       0x44 .pio\build\STM32F4-discovery\lib358\libLuos.a(port_manager.o)
                0x080156a8                PortMng_PtpHandler
 .text.PortMng_PokePort
                0x080156ec       0x60 .pio\build\STM32F4-discovery\lib358\libLuos.a(port_manager.o)
                0x080156ec                PortMng_PokePort
 .text.PortMng_PokeNextPort
                0x0801574c       0x64 .pio\build\STM32F4-discovery\lib358\libLuos.a(port_manager.o)
                0x0801574c                PortMng_PokeNextPort
 .text.Robus_MaskInit
                0x080157b0       0x14 .pio\build\STM32F4-discovery\lib358\libLuos.a(robus.o)
                0x080157b0                Robus_MaskInit
 .text.Robus_Init
                0x080157c4       0x60 .pio\build\STM32F4-discovery\lib358\libLuos.a(robus.o)
                0x080157c4                Robus_Init
 .text.Robus_ServiceCreate
                0x08015824       0x5c .pio\build\STM32F4-discovery\lib358\libLuos.a(robus.o)
                0x08015824                Robus_ServiceCreate
 .text.Robus_SendMsg
                0x08015880       0xf8 .pio\build\STM32F4-discovery\lib358\libLuos.a(robus.o)
                0x08015880                Robus_SendMsg
 .text.Robus_DetectNextNodes
                0x08015978       0xa0 .pio\build\STM32F4-discovery\lib358\libLuos.a(robus.o)
 .text.Robus_Loop
                0x08015a18      0x1a0 .pio\build\STM32F4-discovery\lib358\libLuos.a(robus.o)
                0x08015a18                Robus_Loop
 .text.Robus_TopologyDetection
                0x08015bb8      0x120 .pio\build\STM32F4-discovery\lib358\libLuos.a(robus.o)
                0x08015bb8                Robus_TopologyDetection
 .text.Robus_GetNode
                0x08015cd8        0x8 .pio\build\STM32F4-discovery\lib358\libLuos.a(robus.o)
                0x08015cd8                Robus_GetNode
 .text.Robus_ShiftMaskCalculation
                0x08015ce0       0x50 .pio\build\STM32F4-discovery\lib358\libLuos.a(robus.o)
                0x08015ce0                Robus_ShiftMaskCalculation
 .text.Robus_SetNodeDetected
                0x08015d30       0x44 .pio\build\STM32F4-discovery\lib358\libLuos.a(robus.o)
                0x08015d30                Robus_SetNodeDetected
 .text.Robus_IsNodeDetected
                0x08015d74        0xc .pio\build\STM32F4-discovery\lib358\libLuos.a(robus.o)
                0x08015d74                Robus_IsNodeDetected
 .text.Robus_SetVerboseMode
                0x08015d80       0x10 .pio\build\STM32F4-discovery\lib358\libLuos.a(robus.o)
                0x08015d80                Robus_SetVerboseMode
 .text.Timestamp_IsTimestampMsg
                0x08015d90       0x10 .pio\build\STM32F4-discovery\lib358\libLuos.a(timestamp.o)
                0x08015d90                Timestamp_IsTimestampMsg
 .text.Timestamp_TagMsg
                0x08015da0       0x42 .pio\build\STM32F4-discovery\lib358\libLuos.a(timestamp.o)
                0x08015da0                Timestamp_TagMsg
 *fill*         0x08015de2        0x2 
 .text.Transmit_GetLockStatus
                0x08015de4       0x24 .pio\build\STM32F4-discovery\lib358\libLuos.a(transmission.o)
 .text.Transmit_SendAck
                0x08015e08       0x20 .pio\build\STM32F4-discovery\lib358\libLuos.a(transmission.o)
                0x08015e08                Transmit_SendAck
 .text.ll_crc_compute
                0x08015e28       0x3e .pio\build\STM32F4-discovery\lib358\libLuos.a(transmission.o)
                0x08015e28                ll_crc_compute
 *fill*         0x08015e66        0x2 
 .text.Transmit_Process
                0x08015e68      0x138 .pio\build\STM32F4-discovery\lib358\libLuos.a(transmission.o)
                0x08015e68                Transmit_Process
 .text.Transmit_End
                0x08015fa0       0x64 .pio\build\STM32F4-discovery\lib358\libLuos.a(transmission.o)
                0x08015fa0                Transmit_End
 .text.LuosHAL_SetIrqState
                0x08016004        0xc .pio\build\STM32F4-discovery\lib358\libLuos.a(luos_hal.o)
                0x08016004                LuosHAL_SetIrqState
 .text.LuosHAL_GetSystick
                0x08016010        0x8 .pio\build\STM32F4-discovery\lib358\libLuos.a(luos_hal.o)
                0x08016010                LuosHAL_GetSystick
 .text.LuosHAL_GetTimestamp
                0x08016018       0x74 .pio\build\STM32F4-discovery\lib358\libLuos.a(luos_hal.o)
                0x08016018                LuosHAL_GetTimestamp
 .text.LuosHAL_StartTimestamp
                0x0801608c       0x10 .pio\build\STM32F4-discovery\lib358\libLuos.a(luos_hal.o)
                0x0801608c                LuosHAL_StartTimestamp
 .text.LuosHAL_Init
                0x0801609c        0x8 .pio\build\STM32F4-discovery\lib358\libLuos.a(luos_hal.o)
                0x0801609c                LuosHAL_Init
 .text.LuosHAL_FlashWriteLuosMemoryInfo
                0x080160a4       0x78 .pio\build\STM32F4-discovery\lib358\libLuos.a(luos_hal.o)
                0x080160a4                LuosHAL_FlashWriteLuosMemoryInfo
 .text.LuosHAL_FlashReadLuosMemoryInfo
                0x0801611c       0x10 .pio\build\STM32F4-discovery\lib358\libLuos.a(luos_hal.o)
                0x0801611c                LuosHAL_FlashReadLuosMemoryInfo
 .text.LuosHAL_SetMode
                0x0801612c       0x20 .pio\build\STM32F4-discovery\lib358\libLuos.a(luos_hal.o)
                0x0801612c                LuosHAL_SetMode
 .text.LuosHAL_SaveNodeID
                0x0801614c       0x2c .pio\build\STM32F4-discovery\lib358\libLuos.a(luos_hal.o)
                0x0801614c                LuosHAL_SaveNodeID
 .text.LuosHAL_Reboot
                0x08016178       0x3c .pio\build\STM32F4-discovery\lib358\libLuos.a(luos_hal.o)
                0x08016178                LuosHAL_Reboot
 .text.LuosBootloader_MsgHandler
                0x080161b4       0x2a .pio\build\STM32F4-discovery\lib358\libLuos.a(bootloader_core.o)
                0x080161b4                LuosBootloader_MsgHandler
 *fill*         0x080161de        0x2 
 .text.RobusHAL_ComInit
                0x080161e0      0x16c .pio\build\STM32F4-discovery\lib358\libLuos.a(robus_hal.o)
                0x080161e0                RobusHAL_ComInit
 .text.RobusHAL_SetTxState
                0x0801634c       0x68 .pio\build\STM32F4-discovery\lib358\libLuos.a(robus_hal.o)
                0x0801634c                RobusHAL_SetTxState
 .text.RobusHAL_SetRxState
                0x080163b4       0x38 .pio\build\STM32F4-discovery\lib358\libLuos.a(robus_hal.o)
                0x080163b4                RobusHAL_SetRxState
 .text.RobusHAL_SetRxDetecPin
                0x080163ec       0x28 .pio\build\STM32F4-discovery\lib358\libLuos.a(robus_hal.o)
                0x080163ec                RobusHAL_SetRxDetecPin
 .text.RobusHAL_GetTxLockState
                0x08016414       0x18 .pio\build\STM32F4-discovery\lib358\libLuos.a(robus_hal.o)
                0x08016414                RobusHAL_GetTxLockState
 .text.RobusHAL_ResetTimeout
                0x0801642c       0x34 .pio\build\STM32F4-discovery\lib358\libLuos.a(robus_hal.o)
                0x0801642c                RobusHAL_ResetTimeout
 .text.USART1_IRQHandler
                0x08016460       0xb4 .pio\build\STM32F4-discovery\lib358\libLuos.a(robus_hal.o)
                0x08016460                USART1_IRQHandler
 .text.RobusHAL_ComTransmit
                0x08016514       0xcc .pio\build\STM32F4-discovery\lib358\libLuos.a(robus_hal.o)
                0x08016514                RobusHAL_ComTransmit
 .text.TIM5_IRQHandler
                0x080165e0       0x48 .pio\build\STM32F4-discovery\lib358\libLuos.a(robus_hal.o)
                0x080165e0                TIM5_IRQHandler
 .text.HAL_GPIO_EXTI_Callback
                0x08016628       0x4c .pio\build\STM32F4-discovery\lib358\libLuos.a(robus_hal.o)
                0x08016628                HAL_GPIO_EXTI_Callback
 .text.RobusHAL_SetPTPDefaultState
                0x08016674       0x3c .pio\build\STM32F4-discovery\lib358\libLuos.a(robus_hal.o)
                0x08016674                RobusHAL_SetPTPDefaultState
 .text.RobusHAL_Init
                0x080166b0      0x148 .pio\build\STM32F4-discovery\lib358\libLuos.a(robus_hal.o)
                0x080166b0                RobusHAL_Init
 .text.RobusHAL_SetPTPReverseState
                0x080167f8       0x3c .pio\build\STM32F4-discovery\lib358\libLuos.a(robus_hal.o)
                0x080167f8                RobusHAL_SetPTPReverseState
 .text.RobusHAL_PushPTP
                0x08016834       0x48 .pio\build\STM32F4-discovery\lib358\libLuos.a(robus_hal.o)
                0x08016834                RobusHAL_PushPTP
 .text.RobusHAL_GetPTPState
                0x0801687c       0x1c .pio\build\STM32F4-discovery\lib358\libLuos.a(robus_hal.o)
                0x0801687c                RobusHAL_GetPTPState
 .text.RobusHAL_ComputeCRC
                0x08016898       0x26 .pio\build\STM32F4-discovery\lib358\libLuos.a(robus_hal.o)
                0x08016898                RobusHAL_ComputeCRC
 .text.Recep_Drop
                0x080168be        0x2 .pio\build\STM32F4-discovery\lib358\libLuos.a(reception.o)
                0x080168be                Recep_Drop
 .text.Recep_CatchAck
                0x080168c0       0x38 .pio\build\STM32F4-discovery\lib358\libLuos.a(reception.o)
                0x080168c0                Recep_CatchAck
 .text.Recep_GetData
                0x080168f8      0x244 .pio\build\STM32F4-discovery\lib358\libLuos.a(reception.o)
                0x080168f8                Recep_GetData
 .text.Recep_Init
                0x08016b3c       0x14 .pio\build\STM32F4-discovery\lib358\libLuos.a(reception.o)
                0x08016b3c                Recep_Init
 .text.Recep_Reset
                0x08016b50       0x38 .pio\build\STM32F4-discovery\lib358\libLuos.a(reception.o)
                0x08016b50                Recep_Reset
 .text.Recep_Timeout
                0x08016b88       0x3c .pio\build\STM32F4-discovery\lib358\libLuos.a(reception.o)
                0x08016b88                Recep_Timeout
 .text.Recep_GetConcernedLLService
                0x08016bc4       0xd8 .pio\build\STM32F4-discovery\lib358\libLuos.a(reception.o)
                0x08016bc4                Recep_GetConcernedLLService
 .text.Recep_NodeConcerned
                0x08016c9c      0x194 .pio\build\STM32F4-discovery\lib358\libLuos.a(reception.o)
                0x08016c9c                Recep_NodeConcerned
 .text.Recep_GetCollision
                0x08016e30       0xe4 .pio\build\STM32F4-discovery\lib358\libLuos.a(reception.o)
                0x08016e30                Recep_GetCollision
 .text.Recep_InterpretMsgProtocol
                0x08016f14      0x270 .pio\build\STM32F4-discovery\lib358\libLuos.a(reception.o)
                0x08016f14                Recep_InterpretMsgProtocol
 .text.Recep_ComputeMsgNumber
                0x08017184       0x4c .pio\build\STM32F4-discovery\lib358\libLuos.a(reception.o)
                0x08017184                Recep_ComputeMsgNumber
 .text.Recep_GetHeader
                0x080171d0       0xe8 .pio\build\STM32F4-discovery\lib358\libLuos.a(reception.o)
                0x080171d0                Recep_GetHeader
 .text.Trgt_MulticastTargetBank
                0x080172b8       0x26 .pio\build\STM32F4-discovery\lib358\libLuos.a(target.o)
                0x080172b8                Trgt_MulticastTargetBank
 *fill*         0x080172de        0x2 
 .text.Button_MsgHandler
                0x080172e0       0x60 .pio\build\STM32F4-discovery\liba2a\libButton.a(button.o)
 .text.Button_Init
                0x08017340       0x30 .pio\build\STM32F4-discovery\liba2a\libButton.a(button.o)
                0x08017340                Button_Init
 .text.Button_Loop
                0x08017370        0x2 .pio\build\STM32F4-discovery\liba2a\libButton.a(button.o)
                0x08017370                Button_Loop
 *fill*         0x08017372        0x2 
 .text.__libc_init_array
                0x08017374       0x48 c:/users/nicol/.platformio/packages/toolchain-gccarmnoneeabi/bin/../lib/gcc/arm-none-eabi/7.2.1/../../../../arm-none-eabi/lib/thumb/v7e-m\libc_nano.a(lib_a-init.o)
                0x08017374                __libc_init_array
 .text.memcpy   0x080173bc       0x16 c:/users/nicol/.platformio/packages/toolchain-gccarmnoneeabi/bin/../lib/gcc/arm-none-eabi/7.2.1/../../../../arm-none-eabi/lib/thumb/v7e-m\libc_nano.a(lib_a-memcpy-stub.o)
                0x080173bc                memcpy
 .text.memset   0x080173d2       0x10 c:/users/nicol/.platformio/packages/toolchain-gccarmnoneeabi/bin/../lib/gcc/arm-none-eabi/7.2.1/../../../../arm-none-eabi/lib/thumb/v7e-m\libc_nano.a(lib_a-memset.o)
                0x080173d2                memset
 *fill*         0x080173e2        0x2 
 .text.sprintf  0x080173e4       0x40 c:/users/nicol/.platformio/packages/toolchain-gccarmnoneeabi/bin/../lib/gcc/arm-none-eabi/7.2.1/../../../../arm-none-eabi/lib/thumb/v7e-m\libc_nano.a(lib_a-sprintf.o)
                0x080173e4                siprintf
                0x080173e4                sprintf
 .text.__ssputs_r
                0x08017424       0xb4 c:/users/nicol/.platformio/packages/toolchain-gccarmnoneeabi/bin/../lib/gcc/arm-none-eabi/7.2.1/../../../../arm-none-eabi/lib/thumb/v7e-m\libc_nano.a(lib_a-nano-svfprintf.o)
                0x08017424                __ssputs_r
 .text._svfprintf_r
                0x080174d8      0x1ec c:/users/nicol/.platformio/packages/toolchain-gccarmnoneeabi/bin/../lib/gcc/arm-none-eabi/7.2.1/../../../../arm-none-eabi/lib/thumb/v7e-m\libc_nano.a(lib_a-nano-svfprintf.o)
                0x080174d8                _svfiprintf_r
                0x080174d8                _svfprintf_r
 .text._printf_common
                0x080176c4       0xea c:/users/nicol/.platformio/packages/toolchain-gccarmnoneeabi/bin/../lib/gcc/arm-none-eabi/7.2.1/../../../../arm-none-eabi/lib/thumb/v7e-m\libc_nano.a(lib_a-nano-vfprintf_i.o)
                0x080176c4                _printf_common
 *fill*         0x080177ae        0x2 
 .text._printf_i
                0x080177b0      0x224 c:/users/nicol/.platformio/packages/toolchain-gccarmnoneeabi/bin/../lib/gcc/arm-none-eabi/7.2.1/../../../../arm-none-eabi/lib/thumb/v7e-m\libc_nano.a(lib_a-nano-vfprintf_i.o)
                0x080177b0                _printf_i
 .text.memmove  0x080179d4       0x32 c:/users/nicol/.platformio/packages/toolchain-gccarmnoneeabi/bin/../lib/gcc/arm-none-eabi/7.2.1/../../../../arm-none-eabi/lib/thumb/v7e-m\libc_nano.a(lib_a-memmove.o)
                0x080179d4                memmove
 *fill*         0x08017a06        0x2 
 .text._free_r  0x08017a08       0x9c c:/users/nicol/.platformio/packages/toolchain-gccarmnoneeabi/bin/../lib/gcc/arm-none-eabi/7.2.1/../../../../arm-none-eabi/lib/thumb/v7e-m\libc_nano.a(lib_a-nano-freer.o)
                0x08017a08                _free_r
 .text._malloc_r
                0x08017aa4       0xb4 c:/users/nicol/.platformio/packages/toolchain-gccarmnoneeabi/bin/../lib/gcc/arm-none-eabi/7.2.1/../../../../arm-none-eabi/lib/thumb/v7e-m\libc_nano.a(lib_a-nano-mallocr.o)
                0x08017aa4                _malloc_r
 .text._realloc_r
                0x08017b58       0x4c c:/users/nicol/.platformio/packages/toolchain-gccarmnoneeabi/bin/../lib/gcc/arm-none-eabi/7.2.1/../../../../arm-none-eabi/lib/thumb/v7e-m\libc_nano.a(lib_a-nano-reallocr.o)
                0x08017b58                _realloc_r
 .text._sbrk_r  0x08017ba4       0x20 c:/users/nicol/.platformio/packages/toolchain-gccarmnoneeabi/bin/../lib/gcc/arm-none-eabi/7.2.1/../../../../arm-none-eabi/lib/thumb/v7e-m\libc_nano.a(lib_a-sbrkr.o)
                0x08017ba4                _sbrk_r
 .text.__malloc_lock
                0x08017bc4        0x2 c:/users/nicol/.platformio/packages/toolchain-gccarmnoneeabi/bin/../lib/gcc/arm-none-eabi/7.2.1/../../../../arm-none-eabi/lib/thumb/v7e-m\libc_nano.a(lib_a-mlock.o)
                0x08017bc4                __malloc_lock
 .text.__malloc_unlock
                0x08017bc6        0x2 c:/users/nicol/.platformio/packages/toolchain-gccarmnoneeabi/bin/../lib/gcc/arm-none-eabi/7.2.1/../../../../arm-none-eabi/lib/thumb/v7e-m\libc_nano.a(lib_a-mlock.o)
                0x08017bc6                __malloc_unlock
 .text._malloc_usable_size_r
                0x08017bc8       0x10 c:/users/nicol/.platformio/packages/toolchain-gccarmnoneeabi/bin/../lib/gcc/arm-none-eabi/7.2.1/../../../../arm-none-eabi/lib/thumb/v7e-m\libc_nano.a(lib_a-nano-msizer.o)
                0x08017bc8                _malloc_usable_size_r
 .text._sbrk    0x08017bd8       0x1c c:/users/nicol/.platformio/packages/toolchain-gccarmnoneeabi/bin/../lib/gcc/arm-none-eabi/7.2.1/../../../../arm-none-eabi/lib/thumb/v7e-m\libnosys.a(sbrk.o)
                0x08017bd8                _sbrk
 .text.Reset_Handler
                0x08017bf4       0x50 .pio\build\STM32F4-discovery\libFrameworkCMSISDevice.a(startup_stm32f407xx.o)
                0x08017bf4                Reset_Handler
 .text.Default_Handler
                0x08017c44        0x2 .pio\build\STM32F4-discovery\libFrameworkCMSISDevice.a(startup_stm32f407xx.o)
                0x08017c44                RTC_Alarm_IRQHandler
                0x08017c44                HASH_RNG_IRQHandler
                0x08017c44                EXTI2_IRQHandler
                0x08017c44                TIM8_CC_IRQHandler
                0x08017c44                TIM1_CC_IRQHandler
                0x08017c44                DMA2_Stream5_IRQHandler
                0x08017c44                DMA1_Stream5_IRQHandler
                0x08017c44                PVD_IRQHandler
                0x08017c44                SDIO_IRQHandler
                0x08017c44                TAMP_STAMP_IRQHandler
                0x08017c44                CAN2_RX1_IRQHandler
                0x08017c44                EXTI3_IRQHandler
                0x08017c44                TIM8_TRG_COM_TIM14_IRQHandler
                0x08017c44                TIM1_UP_TIM10_IRQHandler
                0x08017c44                TIM8_UP_TIM13_IRQHandler
                0x08017c44                I2C3_ER_IRQHandler
                0x08017c44                EXTI0_IRQHandler
                0x08017c44                I2C2_EV_IRQHandler
                0x08017c44                DMA1_Stream2_IRQHandler
                0x08017c44                CAN1_RX0_IRQHandler
                0x08017c44                FPU_IRQHandler
                0x08017c44                OTG_HS_WKUP_IRQHandler
                0x08017c44                CAN2_SCE_IRQHandler
                0x08017c44                DMA2_Stream2_IRQHandler
                0x08017c44                SPI1_IRQHandler
                0x08017c44                TIM6_DAC_IRQHandler
                0x08017c44                TIM1_BRK_TIM9_IRQHandler
                0x08017c44                DCMI_IRQHandler
                0x08017c44                CAN2_RX0_IRQHandler
                0x08017c44                DMA2_Stream3_IRQHandler
                0x08017c44                USART6_IRQHandler
                0x08017c44                USART3_IRQHandler
                0x08017c44                CAN1_RX1_IRQHandler
                0x08017c44                UART5_IRQHandler
                0x08017c44                DMA2_Stream0_IRQHandler
                0x08017c44                TIM4_IRQHandler
                0x08017c44                I2C1_EV_IRQHandler
                0x08017c44                DMA1_Stream6_IRQHandler
                0x08017c44                DMA1_Stream1_IRQHandler
                0x08017c44                UART4_IRQHandler
                0x08017c44                TIM3_IRQHandler
                0x08017c44                RCC_IRQHandler
                0x08017c44                TIM8_BRK_TIM12_IRQHandler
                0x08017c44                Default_Handler
                0x08017c44                ADC_IRQHandler
                0x08017c44                DMA1_Stream7_IRQHandler
                0x08017c44                TIM7_IRQHandler
                0x08017c44                CAN2_TX_IRQHandler
                0x08017c44                DMA2_Stream7_IRQHandler
                0x08017c44                I2C3_EV_IRQHandler
                0x08017c44                RTC_WKUP_IRQHandler
                0x08017c44                ETH_WKUP_IRQHandler
                0x08017c44                SPI2_IRQHandler
                0x08017c44                OTG_HS_EP1_IN_IRQHandler
                0x08017c44                DMA1_Stream0_IRQHandler
                0x08017c44                CAN1_TX_IRQHandler
                0x08017c44                FSMC_IRQHandler
                0x08017c44                ETH_IRQHandler
                0x08017c44                OTG_HS_EP1_OUT_IRQHandler
                0x08017c44                WWDG_IRQHandler
                0x08017c44                TIM2_IRQHandler
                0x08017c44                OTG_FS_WKUP_IRQHandler
                0x08017c44                TIM1_TRG_COM_TIM11_IRQHandler
                0x08017c44                OTG_HS_IRQHandler
                0x08017c44                EXTI1_IRQHandler
                0x08017c44                USART2_IRQHandler
                0x08017c44                I2C2_ER_IRQHandler
                0x08017c44                DMA2_Stream1_IRQHandler
                0x08017c44                CAN1_SCE_IRQHandler
                0x08017c44                FLASH_IRQHandler
                0x08017c44                DMA2_Stream4_IRQHandler
                0x08017c44                OTG_FS_IRQHandler
                0x08017c44                SPI3_IRQHandler
                0x08017c44                DMA1_Stream4_IRQHandler
                0x08017c44                I2C1_ER_IRQHandler
                0x08017c44                DMA2_Stream6_IRQHandler
                0x08017c44                DMA1_Stream3_IRQHandler
 *(.glue_7)
 .glue_7        0x08017c46        0x0 linker stubs
 *(.glue_7t)
 .glue_7t       0x08017c46        0x0 linker stubs
 *(.eh_frame)
 *fill*         0x08017c46        0x2 
 .eh_frame      0x08017c48        0x0 c:/users/nicol/.platformio/packages/toolchain-gccarmnoneeabi/bin/../lib/gcc/arm-none-eabi/7.2.1/thumb/v7e-m/crtbegin.o
 *(.init)
 .init          0x08017c48        0x4 c:/users/nicol/.platformio/packages/toolchain-gccarmnoneeabi/bin/../lib/gcc/arm-none-eabi/7.2.1/thumb/v7e-m/crti.o
                0x08017c48                _init
 .init          0x08017c4c        0x8 c:/users/nicol/.platformio/packages/toolchain-gccarmnoneeabi/bin/../lib/gcc/arm-none-eabi/7.2.1/thumb/v7e-m/crtn.o
 *(.fini)
 .fini          0x08017c54        0x4 c:/users/nicol/.platformio/packages/toolchain-gccarmnoneeabi/bin/../lib/gcc/arm-none-eabi/7.2.1/thumb/v7e-m/crti.o
                0x08017c54                _fini
 .fini          0x08017c58        0x8 c:/users/nicol/.platformio/packages/toolchain-gccarmnoneeabi/bin/../lib/gcc/arm-none-eabi/7.2.1/thumb/v7e-m/crtn.o
                0x08017c60                . = ALIGN (0x4)
                0x08017c60                _etext = .

.vfp11_veneer   0x08017c60        0x0
 .vfp11_veneer  0x08017c60        0x0 linker stubs

.v4_bx          0x08017c60        0x0
 .v4_bx         0x08017c60        0x0 linker stubs

.iplt           0x08017c60        0x0
 .iplt          0x08017c60        0x0 c:/users/nicol/.platformio/packages/toolchain-gccarmnoneeabi/bin/../lib/gcc/arm-none-eabi/7.2.1/thumb/v7e-m/crtbegin.o

.rodata         0x08017c60      0x1bc
                0x08017c60                . = ALIGN (0x4)
 *(.rodata)
 *(.rodata*)
 .rodata.AHBPrescTable
                0x08017c60       0x10 .pio\build\STM32F4-discovery\src\system_stm32f4xx.o
                0x08017c60                AHBPrescTable
 .rodata.APBPrescTable
                0x08017c70        0x8 .pio\build\STM32F4-discovery\src\system_stm32f4xx.o
                0x08017c70                APBPrescTable
 .rodata.Luos_CreateService.str1.4
                0x08017c78       0x43 .pio\build\STM32F4-discovery\lib358\libLuos.a(luos_engine.o)
 *fill*         0x08017cbb        0x1 
 .rodata.RoutingTB_AddNumToAlias.str1.4
                0x08017cbc        0xd .pio\build\STM32F4-discovery\lib358\libLuos.a(routing_table.o)
 *fill*         0x08017cc9        0x3 
 .rodata.RoutingTB_RemoveOnRoutingTable.str1.4
                0x08017ccc       0x45 .pio\build\STM32F4-discovery\lib358\libLuos.a(routing_table.o)
 *fill*         0x08017d11        0x3 
 .rodata.MsgAlloc_LuosTaskAlloc.str1.4
                0x08017d14       0x43 .pio\build\STM32F4-discovery\lib358\libLuos.a(msg_alloc.o)
 *fill*         0x08017d57        0x1 
 .rodata.Robus_TopologyDetection.str1.4
                0x08017d58       0x3f .pio\build\STM32F4-discovery\lib358\libLuos.a(robus.o)
 *fill*         0x08017d97        0x1 
 .rodata.Recep_ComputeMsgNumber.str1.4
                0x08017d98       0x43 .pio\build\STM32F4-discovery\lib358\libLuos.a(reception.o)
 *fill*         0x08017ddb        0x1 
 .rodata.Button_Init.str1.4
                0x08017ddc        0xc .pio\build\STM32F4-discovery\liba2a\libButton.a(button.o)
                                  0xb (size before relaxing)
 .rodata._svfprintf_r.str1.1
                0x08017de8       0x11 c:/users/nicol/.platformio/packages/toolchain-gccarmnoneeabi/bin/../lib/gcc/arm-none-eabi/7.2.1/../../../../arm-none-eabi/lib/thumb/v7e-m\libc_nano.a(lib_a-nano-svfprintf.o)
 .rodata._printf_i.str1.1
                0x08017df9       0x22 c:/users/nicol/.platformio/packages/toolchain-gccarmnoneeabi/bin/../lib/gcc/arm-none-eabi/7.2.1/../../../../arm-none-eabi/lib/thumb/v7e-m\libc_nano.a(lib_a-nano-vfprintf_i.o)
                0x08017e1c                . = ALIGN (0x4)
 *fill*         0x08017e1b        0x1 

.ARM.extab      0x08017e1c        0x0
                0x08017e1c                . = ALIGN (0x4)
 *(.ARM.extab* .gnu.linkonce.armextab.*)
                0x08017e1c                . = ALIGN (0x4)

.ARM            0x08017e1c        0x8
                0x08017e1c                . = ALIGN (0x4)
                0x08017e1c                __exidx_start = .
 *(.ARM.exidx*)
 .ARM.exidx     0x08017e1c        0x8 c:/users/nicol/.platformio/packages/toolchain-gccarmnoneeabi/bin/../lib/gcc/arm-none-eabi/7.2.1/thumb/v7e-m\libgcc.a(_udivmoddi4.o)
                0x08017e24                __exidx_end = .
                0x08017e24                . = ALIGN (0x4)

.rel.dyn        0x08017e24        0x0
 .rel.iplt      0x08017e24        0x0 c:/users/nicol/.platformio/packages/toolchain-gccarmnoneeabi/bin/../lib/gcc/arm-none-eabi/7.2.1/thumb/v7e-m/crtbegin.o

.preinit_array  0x08017e24        0x0
                0x08017e24                . = ALIGN (0x4)
                0x08017e24                PROVIDE (__preinit_array_start, .)
 *(.preinit_array*)
                0x08017e24                PROVIDE (__preinit_array_end, .)
                0x08017e24                . = ALIGN (0x4)

.init_array     0x08017e24        0x4
                0x08017e24                . = ALIGN (0x4)
                0x08017e24                PROVIDE (__init_array_start, .)
 *(SORT_BY_NAME(.init_array.*))
 *(.init_array*)
 .init_array    0x08017e24        0x4 c:/users/nicol/.platformio/packages/toolchain-gccarmnoneeabi/bin/../lib/gcc/arm-none-eabi/7.2.1/thumb/v7e-m/crtbegin.o
                0x08017e28                PROVIDE (__init_array_end, .)
                0x08017e28                . = ALIGN (0x4)

.fini_array     0x08017e28        0x4
                0x08017e28                . = ALIGN (0x4)
                [!provide]                PROVIDE (__fini_array_start, .)
 *(SORT_BY_NAME(.fini_array.*))
 *(.fini_array*)
 .fini_array    0x08017e28        0x4 c:/users/nicol/.platformio/packages/toolchain-gccarmnoneeabi/bin/../lib/gcc/arm-none-eabi/7.2.1/thumb/v7e-m/crtbegin.o
                [!provide]                PROVIDE (__fini_array_end, .)
                0x08017e2c                . = ALIGN (0x4)
                0x08017e2c                _sidata = LOADADDR (.data)

.data           0x20000000       0x7c load address 0x08017e2c
                0x20000000                . = ALIGN (0x4)
                0x20000000                _sdata = .
 *(.data)
 *(.data*)
 .data.uwTickFreq
                0x20000000        0x1 .pio\build\STM32F4-discovery\FrameworkHALDriver\Src\stm32f4xx_hal.o
                0x20000000                uwTickFreq
 *fill*         0x20000001        0x3 
 .data.uwTickPrio
                0x20000004        0x4 .pio\build\STM32F4-discovery\FrameworkHALDriver\Src\stm32f4xx_hal.o
                0x20000004                uwTickPrio
 .data.SystemCoreClock
                0x20000008        0x4 .pio\build\STM32F4-discovery\src\system_stm32f4xx.o
                0x20000008                SystemCoreClock
 .data.launch_boot_flag
                0x2000000c        0x1 .pio\build\STM32F4-discovery\lib358\libLuos.a(luos_engine.o)
                0x2000000c                launch_boot_flag
 *fill*         0x2000000d        0x3 
 .data.luos_version
                0x20000010        0x3 .pio\build\STM32F4-discovery\lib358\libLuos.a(luos_engine.o)
                0x20000010                luos_version
 *fill*         0x20000013        0x1 
 .data.Timer_Prescaler
                0x20000014        0x4 .pio\build\STM32F4-discovery\lib358\libLuos.a(robus_hal.o)
                0x20000014                Timer_Prescaler
 .data._impure_ptr
                0x20000018        0x4 c:/users/nicol/.platformio/packages/toolchain-gccarmnoneeabi/bin/../lib/gcc/arm-none-eabi/7.2.1/../../../../arm-none-eabi/lib/thumb/v7e-m\libc_nano.a(lib_a-impure.o)
                0x20000018                _impure_ptr
 .data.impure_data
                0x2000001c       0x60 c:/users/nicol/.platformio/packages/toolchain-gccarmnoneeabi/bin/../lib/gcc/arm-none-eabi/7.2.1/../../../../arm-none-eabi/lib/thumb/v7e-m\libc_nano.a(lib_a-impure.o)
 *(.RamFunc)
 *(.RamFunc*)
                0x2000007c                . = ALIGN (0x4)
                0x2000007c                _edata = .
                0x08017ea8                _siccmram = LOADADDR (.ccmram)

.igot.plt       0x2000007c        0x0 load address 0x08017ea8
 .igot.plt      0x2000007c        0x0 c:/users/nicol/.platformio/packages/toolchain-gccarmnoneeabi/bin/../lib/gcc/arm-none-eabi/7.2.1/thumb/v7e-m/crtbegin.o

.ccmram         0x10000000        0x0 load address 0x08017ea8
                0x10000000                . = ALIGN (0x4)
                0x10000000                _sccmram = .
 *(.ccmram)
 *(.ccmram*)
                0x10000000                . = ALIGN (0x4)
                0x10000000                _eccmram = .
                0x10000000                . = ALIGN (0x4)

.bss            0x20000080      0x73c
                0x20000080                _sbss = .
                0x20000080                __bss_start__ = _sbss
 *(.bss)
 .bss           0x20000080       0x1c c:/users/nicol/.platformio/packages/toolchain-gccarmnoneeabi/bin/../lib/gcc/arm-none-eabi/7.2.1/thumb/v7e-m/crtbegin.o
 *(.bss*)
 .bss.boot_run  0x2000009c        0x1 .pio\build\STM32F4-discovery\lib358\libLuos.a(luos_engine.o)
                0x2000009c                boot_run
 *fill*         0x2000009d        0x3 
 .bss.boot_start_date
                0x200000a0        0x4 .pio\build\STM32F4-discovery\lib358\libLuos.a(luos_engine.o)
                0x200000a0                boot_start_date
 .bss.data_size.12995
                0x200000a4        0x4 .pio\build\STM32F4-discovery\lib358\libLuos.a(luos_engine.o)
 .bss.last_loop_date.12816
                0x200000a8        0x4 .pio\build\STM32F4-discovery\lib358\libLuos.a(luos_engine.o)
 .bss.last_msg_size.12997
                0x200000ac        0x2 .pio\build\STM32F4-discovery\lib358\libLuos.a(luos_engine.o)
 .bss.service_number
                0x200000ae        0x2 .pio\build\STM32F4-discovery\lib358\libLuos.a(luos_engine.o)
                0x200000ae                service_number
 .bss.total_data_size.12996
                0x200000b0        0x4 .pio\build\STM32F4-discovery\lib358\libLuos.a(luos_engine.o)
 .bss.last_routing_table_entry
                0x200000b4        0x2 .pio\build\STM32F4-discovery\lib358\libLuos.a(routing_table.o)
                0x200000b4                last_routing_table_entry
 .bss.last_service
                0x200000b6        0x2 .pio\build\STM32F4-discovery\lib358\libLuos.a(routing_table.o)
                0x200000b6                last_service
 .bss.copy_task_pointer
                0x200000b8        0x4 .pio\build\STM32F4-discovery\lib358\libLuos.a(msg_alloc.o)
                0x200000b8                copy_task_pointer
 .bss.mem_stat  0x200000bc        0x4 .pio\build\STM32F4-discovery\lib358\libLuos.a(msg_alloc.o)
                0x200000bc                mem_stat
 .bss.oldest_msg
                0x200000c0        0x4 .pio\build\STM32F4-discovery\lib358\libLuos.a(msg_alloc.o)
                0x200000c0                oldest_msg
 .bss.reset_needed
                0x200000c4        0x1 .pio\build\STM32F4-discovery\lib358\libLuos.a(msg_alloc.o)
                0x200000c4                reset_needed
 *fill*         0x200000c5        0x3 
 .bss.used_msg  0x200000c8        0x4 .pio\build\STM32F4-discovery\lib358\libLuos.a(msg_alloc.o)
                0x200000c8                used_msg
 .bss.Port_ExpectedState
                0x200000cc        0x1 .pio\build\STM32F4-discovery\lib358\libLuos.a(port_manager.o)
                0x200000cc                Port_ExpectedState
 *fill*         0x200000cd        0x1 
 .bss.last_node
                0x200000ce        0x2 .pio\build\STM32F4-discovery\lib358\libLuos.a(robus.o)
                0x200000ce                last_node
 .bss.nbrRetry  0x200000d0        0x1 .pio\build\STM32F4-discovery\lib358\libLuos.a(transmission.o)
                0x200000d0                nbrRetry
 *fill*         0x200000d1        0x7 
 .bss.ll_timestamp
                0x200000d8       0x18 .pio\build\STM32F4-discovery\lib358\libLuos.a(luos_hal.o)
 .bss.GPIO_InitStruct
                0x200000f0       0x14 .pio\build\STM32F4-discovery\lib358\libLuos.a(robus_hal.o)
                0x200000f0                GPIO_InitStruct
 .bss.data_size_to_transmit
                0x20000104        0x2 .pio\build\STM32F4-discovery\lib358\libLuos.a(robus_hal.o)
                0x20000104                data_size_to_transmit
 *fill*         0x20000106        0x2 
 .bss.tx_data   0x20000108        0x4 .pio\build\STM32F4-discovery\lib358\libLuos.a(robus_hal.o)
                0x20000108                tx_data
 .bss.crc_val   0x2000010c        0x2 .pio\build\STM32F4-discovery\lib358\libLuos.a(reception.o)
                0x2000010c                crc_val
 .bss.data_count
                0x2000010e        0x2 .pio\build\STM32F4-discovery\lib358\libLuos.a(reception.o)
                0x2000010e                data_count
 .bss.data_size
                0x20000110        0x2 .pio\build\STM32F4-discovery\lib358\libLuos.a(reception.o)
                0x20000110                data_size
 .bss.large_data_num
                0x20000112        0x2 .pio\build\STM32F4-discovery\lib358\libLuos.a(reception.o)
                0x20000112                large_data_num
 .bss.last_crc.11389
                0x20000114        0x2 .pio\build\STM32F4-discovery\lib358\libLuos.a(reception.o)
 *fill*         0x20000116        0x2 
 .bss.ll_rx_timestamp
                0x20000118        0x8 .pio\build\STM32F4-discovery\lib358\libLuos.a(reception.o)
 .bss.__malloc_free_list
                0x20000120        0x4 c:/users/nicol/.platformio/packages/toolchain-gccarmnoneeabi/bin/../lib/gcc/arm-none-eabi/7.2.1/../../../../arm-none-eabi/lib/thumb/v7e-m\libc_nano.a(lib_a-nano-mallocr.o)
                0x20000120                __malloc_free_list
 .bss.__malloc_sbrk_start
                0x20000124        0x4 c:/users/nicol/.platformio/packages/toolchain-gccarmnoneeabi/bin/../lib/gcc/arm-none-eabi/7.2.1/../../../../arm-none-eabi/lib/thumb/v7e-m\libc_nano.a(lib_a-nano-mallocr.o)
                0x20000124                __malloc_sbrk_start
 .bss.heap_end.4102
                0x20000128        0x4 c:/users/nicol/.platformio/packages/toolchain-gccarmnoneeabi/bin/../lib/gcc/arm-none-eabi/7.2.1/../../../../arm-none-eabi/lib/thumb/v7e-m\libnosys.a(sbrk.o)
 *(COMMON)
 COMMON         0x2000012c        0x4 .pio\build\STM32F4-discovery\FrameworkHALDriver\Src\stm32f4xx_hal.o
                0x2000012c                uwTick
 COMMON         0x20000130       0x20 .pio\build\STM32F4-discovery\FrameworkHALDriver\Src\stm32f4xx_hal_flash.o
                0x20000130                pFlash
 COMMON         0x20000150       0x60 .pio\build\STM32F4-discovery\lib358\libLuos.a(luos_engine.o)
                0x20000150                general_stats
                0x20000158                routing_table_pt
                0x2000015c                luos_stats
                0x20000164                service_table
                0x200001a4                package_table
                0x200001ac                detection_service
 COMMON         0x200001b0      0x370 .pio\build\STM32F4-discovery\lib358\libLuos.a(routing_table.o)
                0x200001b0                routing_table
 COMMON         0x20000520      0x238 .pio\build\STM32F4-discovery\lib358\libLuos.a(msg_alloc.o)
                0x20000520                msg_tasks
                0x20000534                msg_buffer
                0x200006c9                mem_clear_needed
                0x200006cc                data_ptr
                0x200006d0                data_end_estimation
                0x200006d4                luos_tasks
                0x200006fc                msg_tasks_stack_id
                0x200006fe                luos_tasks_stack_id
                0x20000700                tx_tasks_stack_id
                0x20000704                tx_tasks
                0x20000754                current_msg
 COMMON         0x20000758       0x48 .pio\build\STM32F4-discovery\lib358\libLuos.a(robus.o)
                0x20000758                ctx
                0x2000079c                baudrate
 COMMON         0x200007a0       0x18 .pio\build\STM32F4-discovery\lib358\libLuos.a(robus_hal.o)
                0x200007a0                PTP
 COMMON         0x200007b8        0x4 c:/users/nicol/.platformio/packages/toolchain-gccarmnoneeabi/bin/../lib/gcc/arm-none-eabi/7.2.1/../../../../arm-none-eabi/lib/thumb/v7e-m\libc_nano.a(lib_a-reent.o)
                0x200007b8                errno
                0x200007bc                . = ALIGN (0x4)
                0x200007bc                _ebss = .
                0x200007bc                __bss_end__ = _ebss

._user_heap_stack
                0x200007bc      0x604
                0x200007c0                . = ALIGN (0x8)
 *fill*         0x200007bc        0x4 
                0x200007c0                PROVIDE (end, .)
                [!provide]                PROVIDE (_end, .)
                0x200009c0                . = (. + _Min_Heap_Size)
 *fill*         0x200007c0      0x200 
                0x20000dc0                . = (. + _Min_Stack_Size)
 *fill*         0x200009c0      0x400 
                0x20000dc0                . = ALIGN (0x8)

/DISCARD/
 libc.a(*)
 libm.a(*)
 libgcc.a(*)

.ARM.attributes
                0x00000000       0x2a
 *(.ARM.attributes)
 .ARM.attributes
                0x00000000       0x1e c:/users/nicol/.platformio/packages/toolchain-gccarmnoneeabi/bin/../lib/gcc/arm-none-eabi/7.2.1/thumb/v7e-m/crti.o
 .ARM.attributes
                0x0000001e       0x2e c:/users/nicol/.platformio/packages/toolchain-gccarmnoneeabi/bin/../lib/gcc/arm-none-eabi/7.2.1/thumb/v7e-m/crtbegin.o
 .ARM.attributes
                0x0000004c       0x33 .pio\build\STM32F4-discovery\FrameworkHALDriver\Src\stm32f4xx_hal.o
 .ARM.attributes
                0x0000007f       0x33 .pio\build\STM32F4-discovery\FrameworkHALDriver\Src\stm32f4xx_hal_cortex.o
 .ARM.attributes
                0x000000b2       0x33 .pio\build\STM32F4-discovery\FrameworkHALDriver\Src\stm32f4xx_hal_flash.o
 .ARM.attributes
                0x000000e5       0x33 .pio\build\STM32F4-discovery\FrameworkHALDriver\Src\stm32f4xx_hal_flash_ex.o
 .ARM.attributes
                0x00000118       0x33 .pio\build\STM32F4-discovery\FrameworkHALDriver\Src\stm32f4xx_hal_gpio.o
 .ARM.attributes
                0x0000014b       0x33 .pio\build\STM32F4-discovery\FrameworkHALDriver\Src\stm32f4xx_hal_rcc.o
 .ARM.attributes
                0x0000017e       0x33 .pio\build\STM32F4-discovery\FrameworkHALDriver\Src\stm32f4xx_hal_rcc_ex.o
 .ARM.attributes
                0x000001b1       0x33 .pio\build\STM32F4-discovery\FrameworkHALDriver\Src\stm32f4xx_ll_rcc.o
 .ARM.attributes
                0x000001e4       0x33 .pio\build\STM32F4-discovery\FrameworkHALDriver\Src\stm32f4xx_ll_tim.o
 .ARM.attributes
                0x00000217       0x33 .pio\build\STM32F4-discovery\FrameworkHALDriver\Src\stm32f4xx_ll_usart.o
 .ARM.attributes
                0x0000024a       0x33 .pio\build\STM32F4-discovery\src\gpio.o
 .ARM.attributes
                0x0000027d       0x33 .pio\build\STM32F4-discovery\src\main.o
 .ARM.attributes
                0x000002b0       0x33 .pio\build\STM32F4-discovery\src\stm32f4xx_hal_msp.o
 .ARM.attributes
                0x000002e3       0x33 .pio\build\STM32F4-discovery\src\stm32f4xx_it.o
 .ARM.attributes
                0x00000316       0x33 .pio\build\STM32F4-discovery\src\system_stm32f4xx.o
 .ARM.attributes
                0x00000349       0x33 .pio\build\STM32F4-discovery\lib358\libLuos.a(luos_engine.o)
 .ARM.attributes
                0x0000037c       0x33 .pio\build\STM32F4-discovery\lib358\libLuos.a(luos_utils.o)
 .ARM.attributes
                0x000003af       0x33 .pio\build\STM32F4-discovery\lib358\libLuos.a(routing_table.o)
 .ARM.attributes
                0x000003e2       0x33 .pio\build\STM32F4-discovery\lib358\libLuos.a(msg_alloc.o)
 .ARM.attributes
                0x00000415       0x33 .pio\build\STM32F4-discovery\lib358\libLuos.a(port_manager.o)
 .ARM.attributes
                0x00000448       0x33 .pio\build\STM32F4-discovery\lib358\libLuos.a(robus.o)
 .ARM.attributes
                0x0000047b       0x33 .pio\build\STM32F4-discovery\lib358\libLuos.a(timestamp.o)
 .ARM.attributes
                0x000004ae       0x33 .pio\build\STM32F4-discovery\lib358\libLuos.a(transmission.o)
 .ARM.attributes
                0x000004e1       0x33 .pio\build\STM32F4-discovery\lib358\libLuos.a(luos_hal.o)
 .ARM.attributes
                0x00000514       0x33 .pio\build\STM32F4-discovery\lib358\libLuos.a(bootloader_core.o)
 .ARM.attributes
                0x00000547       0x33 .pio\build\STM32F4-discovery\lib358\libLuos.a(robus_hal.o)
 .ARM.attributes
                0x0000057a       0x33 .pio\build\STM32F4-discovery\lib358\libLuos.a(reception.o)
 .ARM.attributes
                0x000005ad       0x33 .pio\build\STM32F4-discovery\lib358\libLuos.a(target.o)
 .ARM.attributes
                0x000005e0       0x33 .pio\build\STM32F4-discovery\liba2a\libButton.a(button.o)
 .ARM.attributes
                0x00000613       0x2e c:/users/nicol/.platformio/packages/toolchain-gccarmnoneeabi/bin/../lib/gcc/arm-none-eabi/7.2.1/../../../../arm-none-eabi/lib/thumb/v7e-m\libc_nano.a(lib_a-impure.o)
 .ARM.attributes
                0x00000641       0x2e c:/users/nicol/.platformio/packages/toolchain-gccarmnoneeabi/bin/../lib/gcc/arm-none-eabi/7.2.1/../../../../arm-none-eabi/lib/thumb/v7e-m\libc_nano.a(lib_a-init.o)
 .ARM.attributes
                0x0000066f       0x2e c:/users/nicol/.platformio/packages/toolchain-gccarmnoneeabi/bin/../lib/gcc/arm-none-eabi/7.2.1/../../../../arm-none-eabi/lib/thumb/v7e-m\libc_nano.a(lib_a-memcpy-stub.o)
 .ARM.attributes
                0x0000069d       0x2e c:/users/nicol/.platformio/packages/toolchain-gccarmnoneeabi/bin/../lib/gcc/arm-none-eabi/7.2.1/../../../../arm-none-eabi/lib/thumb/v7e-m\libc_nano.a(lib_a-memset.o)
 .ARM.attributes
                0x000006cb       0x2e c:/users/nicol/.platformio/packages/toolchain-gccarmnoneeabi/bin/../lib/gcc/arm-none-eabi/7.2.1/../../../../arm-none-eabi/lib/thumb/v7e-m\libc_nano.a(lib_a-sprintf.o)
 .ARM.attributes
                0x000006f9       0x1c c:/users/nicol/.platformio/packages/toolchain-gccarmnoneeabi/bin/../lib/gcc/arm-none-eabi/7.2.1/../../../../arm-none-eabi/lib/thumb/v7e-m\libc_nano.a(lib_a-strcmp.o)
 .ARM.attributes
                0x00000715       0x17 c:/users/nicol/.platformio/packages/toolchain-gccarmnoneeabi/bin/../lib/gcc/arm-none-eabi/7.2.1/../../../../arm-none-eabi/lib/thumb/v7e-m\libc_nano.a(lib_a-strlen.o)
 .ARM.attributes
                0x0000072c       0x2e c:/users/nicol/.platformio/packages/toolchain-gccarmnoneeabi/bin/../lib/gcc/arm-none-eabi/7.2.1/../../../../arm-none-eabi/lib/thumb/v7e-m\libc_nano.a(lib_a-nano-svfprintf.o)
 .ARM.attributes
                0x0000075a       0x2e c:/users/nicol/.platformio/packages/toolchain-gccarmnoneeabi/bin/../lib/gcc/arm-none-eabi/7.2.1/../../../../arm-none-eabi/lib/thumb/v7e-m\libc_nano.a(lib_a-nano-vfprintf_i.o)
 .ARM.attributes
                0x00000788       0x1c c:/users/nicol/.platformio/packages/toolchain-gccarmnoneeabi/bin/../lib/gcc/arm-none-eabi/7.2.1/../../../../arm-none-eabi/lib/thumb/v7e-m\libc_nano.a(lib_a-memchr.o)
 .ARM.attributes
                0x000007a4       0x2e c:/users/nicol/.platformio/packages/toolchain-gccarmnoneeabi/bin/../lib/gcc/arm-none-eabi/7.2.1/../../../../arm-none-eabi/lib/thumb/v7e-m\libc_nano.a(lib_a-memmove.o)
 .ARM.attributes
                0x000007d2       0x2e c:/users/nicol/.platformio/packages/toolchain-gccarmnoneeabi/bin/../lib/gcc/arm-none-eabi/7.2.1/../../../../arm-none-eabi/lib/thumb/v7e-m\libc_nano.a(lib_a-nano-freer.o)
 .ARM.attributes
                0x00000800       0x2e c:/users/nicol/.platformio/packages/toolchain-gccarmnoneeabi/bin/../lib/gcc/arm-none-eabi/7.2.1/../../../../arm-none-eabi/lib/thumb/v7e-m\libc_nano.a(lib_a-nano-mallocr.o)
 .ARM.attributes
                0x0000082e       0x2e c:/users/nicol/.platformio/packages/toolchain-gccarmnoneeabi/bin/../lib/gcc/arm-none-eabi/7.2.1/../../../../arm-none-eabi/lib/thumb/v7e-m\libc_nano.a(lib_a-nano-reallocr.o)
 .ARM.attributes
                0x0000085c       0x2e c:/users/nicol/.platformio/packages/toolchain-gccarmnoneeabi/bin/../lib/gcc/arm-none-eabi/7.2.1/../../../../arm-none-eabi/lib/thumb/v7e-m\libc_nano.a(lib_a-sbrkr.o)
 .ARM.attributes
                0x0000088a       0x2e c:/users/nicol/.platformio/packages/toolchain-gccarmnoneeabi/bin/../lib/gcc/arm-none-eabi/7.2.1/../../../../arm-none-eabi/lib/thumb/v7e-m\libc_nano.a(lib_a-mlock.o)
 .ARM.attributes
                0x000008b8       0x2e c:/users/nicol/.platformio/packages/toolchain-gccarmnoneeabi/bin/../lib/gcc/arm-none-eabi/7.2.1/../../../../arm-none-eabi/lib/thumb/v7e-m\libc_nano.a(lib_a-nano-msizer.o)
 .ARM.attributes
                0x000008e6       0x2e c:/users/nicol/.platformio/packages/toolchain-gccarmnoneeabi/bin/../lib/gcc/arm-none-eabi/7.2.1/../../../../arm-none-eabi/lib/thumb/v7e-m\libc_nano.a(lib_a-reent.o)
 .ARM.attributes
                0x00000914       0x1e c:/users/nicol/.platformio/packages/toolchain-gccarmnoneeabi/bin/../lib/gcc/arm-none-eabi/7.2.1/thumb/v7e-m\libgcc.a(_arm_muldivsf3.o)
 .ARM.attributes
                0x00000932       0x1e c:/users/nicol/.platformio/packages/toolchain-gccarmnoneeabi/bin/../lib/gcc/arm-none-eabi/7.2.1/thumb/v7e-m\libgcc.a(_arm_fixunssfsi.o)
 .ARM.attributes
                0x00000950       0x1e c:/users/nicol/.platformio/packages/toolchain-gccarmnoneeabi/bin/../lib/gcc/arm-none-eabi/7.2.1/thumb/v7e-m\libgcc.a(_aeabi_uldivmod.o)
 .ARM.attributes
                0x0000096e       0x2e c:/users/nicol/.platformio/packages/toolchain-gccarmnoneeabi/bin/../lib/gcc/arm-none-eabi/7.2.1/thumb/v7e-m\libgcc.a(_udivmoddi4.o)
 .ARM.attributes
                0x0000099c       0x1e c:/users/nicol/.platformio/packages/toolchain-gccarmnoneeabi/bin/../lib/gcc/arm-none-eabi/7.2.1/thumb/v7e-m\libgcc.a(_dvmd_tls.o)
 .ARM.attributes
                0x000009ba       0x2e c:/users/nicol/.platformio/packages/toolchain-gccarmnoneeabi/bin/../lib/gcc/arm-none-eabi/7.2.1/../../../../arm-none-eabi/lib/thumb/v7e-m\libnosys.a(sbrk.o)
 .ARM.attributes
                0x000009e8       0x21 .pio\build\STM32F4-discovery\libFrameworkCMSISDevice.a(startup_stm32f407xx.o)
 .ARM.attributes
                0x00000a09       0x1e c:/users/nicol/.platformio/packages/toolchain-gccarmnoneeabi/bin/../lib/gcc/arm-none-eabi/7.2.1/thumb/v7e-m/crtn.o
OUTPUT(.pio\build\STM32F4-discovery\firmware.elf elf32-littlearm)

.comment        0x00000000       0x7e
 .comment       0x00000000       0x7e .pio\build\STM32F4-discovery\FrameworkHALDriver\Src\stm32f4xx_hal.o
                                 0x7f (size before relaxing)
 .comment       0x0000007e       0x7f .pio\build\STM32F4-discovery\FrameworkHALDriver\Src\stm32f4xx_hal_cortex.o
 .comment       0x0000007e       0x7f .pio\build\STM32F4-discovery\FrameworkHALDriver\Src\stm32f4xx_hal_flash.o
 .comment       0x0000007e       0x7f .pio\build\STM32F4-discovery\FrameworkHALDriver\Src\stm32f4xx_hal_flash_ex.o
 .comment       0x0000007e       0x7f .pio\build\STM32F4-discovery\FrameworkHALDriver\Src\stm32f4xx_hal_gpio.o
 .comment       0x0000007e       0x7f .pio\build\STM32F4-discovery\FrameworkHALDriver\Src\stm32f4xx_hal_rcc.o
 .comment       0x0000007e       0x7f .pio\build\STM32F4-discovery\FrameworkHALDriver\Src\stm32f4xx_hal_rcc_ex.o
 .comment       0x0000007e       0x7f .pio\build\STM32F4-discovery\FrameworkHALDriver\Src\stm32f4xx_ll_rcc.o
 .comment       0x0000007e       0x7f .pio\build\STM32F4-discovery\FrameworkHALDriver\Src\stm32f4xx_ll_tim.o
 .comment       0x0000007e       0x7f .pio\build\STM32F4-discovery\FrameworkHALDriver\Src\stm32f4xx_ll_usart.o
 .comment       0x0000007e       0x7f .pio\build\STM32F4-discovery\src\gpio.o
 .comment       0x0000007e       0x7f .pio\build\STM32F4-discovery\src\main.o
 .comment       0x0000007e       0x7f .pio\build\STM32F4-discovery\src\stm32f4xx_hal_msp.o
 .comment       0x0000007e       0x7f .pio\build\STM32F4-discovery\src\stm32f4xx_it.o
 .comment       0x0000007e       0x7f .pio\build\STM32F4-discovery\src\system_stm32f4xx.o
 .comment       0x0000007e       0x7f .pio\build\STM32F4-discovery\lib358\libLuos.a(luos_engine.o)
 .comment       0x0000007e       0x7f .pio\build\STM32F4-discovery\lib358\libLuos.a(luos_utils.o)
 .comment       0x0000007e       0x7f .pio\build\STM32F4-discovery\lib358\libLuos.a(routing_table.o)
 .comment       0x0000007e       0x7f .pio\build\STM32F4-discovery\lib358\libLuos.a(msg_alloc.o)
 .comment       0x0000007e       0x7f .pio\build\STM32F4-discovery\lib358\libLuos.a(port_manager.o)
 .comment       0x0000007e       0x7f .pio\build\STM32F4-discovery\lib358\libLuos.a(robus.o)
 .comment       0x0000007e       0x7f .pio\build\STM32F4-discovery\lib358\libLuos.a(timestamp.o)
 .comment       0x0000007e       0x7f .pio\build\STM32F4-discovery\lib358\libLuos.a(transmission.o)
 .comment       0x0000007e       0x7f .pio\build\STM32F4-discovery\lib358\libLuos.a(luos_hal.o)
 .comment       0x0000007e       0x7f .pio\build\STM32F4-discovery\lib358\libLuos.a(bootloader_core.o)
 .comment       0x0000007e       0x7f .pio\build\STM32F4-discovery\lib358\libLuos.a(robus_hal.o)
 .comment       0x0000007e       0x7f .pio\build\STM32F4-discovery\lib358\libLuos.a(reception.o)
 .comment       0x0000007e       0x7f .pio\build\STM32F4-discovery\lib358\libLuos.a(target.o)
 .comment       0x0000007e       0x7f .pio\build\STM32F4-discovery\liba2a\libButton.a(button.o)

.debug_frame    0x00000000      0x46c
 .debug_frame   0x00000000       0x2c c:/users/nicol/.platformio/packages/toolchain-gccarmnoneeabi/bin/../lib/gcc/arm-none-eabi/7.2.1/../../../../arm-none-eabi/lib/thumb/v7e-m\libc_nano.a(lib_a-init.o)
 .debug_frame   0x0000002c       0x28 c:/users/nicol/.platformio/packages/toolchain-gccarmnoneeabi/bin/../lib/gcc/arm-none-eabi/7.2.1/../../../../arm-none-eabi/lib/thumb/v7e-m\libc_nano.a(lib_a-memcpy-stub.o)
 .debug_frame   0x00000054       0x20 c:/users/nicol/.platformio/packages/toolchain-gccarmnoneeabi/bin/../lib/gcc/arm-none-eabi/7.2.1/../../../../arm-none-eabi/lib/thumb/v7e-m\libc_nano.a(lib_a-memset.o)
 .debug_frame   0x00000074       0x6c c:/users/nicol/.platformio/packages/toolchain-gccarmnoneeabi/bin/../lib/gcc/arm-none-eabi/7.2.1/../../../../arm-none-eabi/lib/thumb/v7e-m\libc_nano.a(lib_a-sprintf.o)
 .debug_frame   0x000000e0       0x20 c:/users/nicol/.platformio/packages/toolchain-gccarmnoneeabi/bin/../lib/gcc/arm-none-eabi/7.2.1/../../../../arm-none-eabi/lib/thumb/v7e-m\libc_nano.a(lib_a-strcmp.o)
 .debug_frame   0x00000100       0x90 c:/users/nicol/.platformio/packages/toolchain-gccarmnoneeabi/bin/../lib/gcc/arm-none-eabi/7.2.1/../../../../arm-none-eabi/lib/thumb/v7e-m\libc_nano.a(lib_a-nano-svfprintf.o)
 .debug_frame   0x00000190       0x60 c:/users/nicol/.platformio/packages/toolchain-gccarmnoneeabi/bin/../lib/gcc/arm-none-eabi/7.2.1/../../../../arm-none-eabi/lib/thumb/v7e-m\libc_nano.a(lib_a-nano-vfprintf_i.o)
 .debug_frame   0x000001f0       0x28 c:/users/nicol/.platformio/packages/toolchain-gccarmnoneeabi/bin/../lib/gcc/arm-none-eabi/7.2.1/../../../../arm-none-eabi/lib/thumb/v7e-m\libc_nano.a(lib_a-memmove.o)
 .debug_frame   0x00000218       0x38 c:/users/nicol/.platformio/packages/toolchain-gccarmnoneeabi/bin/../lib/gcc/arm-none-eabi/7.2.1/../../../../arm-none-eabi/lib/thumb/v7e-m\libc_nano.a(lib_a-nano-freer.o)
 .debug_frame   0x00000250       0x2c c:/users/nicol/.platformio/packages/toolchain-gccarmnoneeabi/bin/../lib/gcc/arm-none-eabi/7.2.1/../../../../arm-none-eabi/lib/thumb/v7e-m\libc_nano.a(lib_a-nano-mallocr.o)
 .debug_frame   0x0000027c       0x3c c:/users/nicol/.platformio/packages/toolchain-gccarmnoneeabi/bin/../lib/gcc/arm-none-eabi/7.2.1/../../../../arm-none-eabi/lib/thumb/v7e-m\libc_nano.a(lib_a-nano-reallocr.o)
 .debug_frame   0x000002b8       0x2c c:/users/nicol/.platformio/packages/toolchain-gccarmnoneeabi/bin/../lib/gcc/arm-none-eabi/7.2.1/../../../../arm-none-eabi/lib/thumb/v7e-m\libc_nano.a(lib_a-sbrkr.o)
 .debug_frame   0x000002e4       0x30 c:/users/nicol/.platformio/packages/toolchain-gccarmnoneeabi/bin/../lib/gcc/arm-none-eabi/7.2.1/../../../../arm-none-eabi/lib/thumb/v7e-m\libc_nano.a(lib_a-mlock.o)
 .debug_frame   0x00000314       0x20 c:/users/nicol/.platformio/packages/toolchain-gccarmnoneeabi/bin/../lib/gcc/arm-none-eabi/7.2.1/../../../../arm-none-eabi/lib/thumb/v7e-m\libc_nano.a(lib_a-nano-msizer.o)
 .debug_frame   0x00000334       0x5c c:/users/nicol/.platformio/packages/toolchain-gccarmnoneeabi/bin/../lib/gcc/arm-none-eabi/7.2.1/../../../../arm-none-eabi/lib/thumb/v7e-m\libc_nano.a(lib_a-reent.o)
 .debug_frame   0x00000390       0x38 c:/users/nicol/.platformio/packages/toolchain-gccarmnoneeabi/bin/../lib/gcc/arm-none-eabi/7.2.1/thumb/v7e-m\libgcc.a(_arm_muldivsf3.o)
 .debug_frame   0x000003c8       0x24 c:/users/nicol/.platformio/packages/toolchain-gccarmnoneeabi/bin/../lib/gcc/arm-none-eabi/7.2.1/thumb/v7e-m\libgcc.a(_arm_fixunssfsi.o)
 .debug_frame   0x000003ec       0x2c c:/users/nicol/.platformio/packages/toolchain-gccarmnoneeabi/bin/../lib/gcc/arm-none-eabi/7.2.1/thumb/v7e-m\libgcc.a(_aeabi_uldivmod.o)
 .debug_frame   0x00000418       0x34 c:/users/nicol/.platformio/packages/toolchain-gccarmnoneeabi/bin/../lib/gcc/arm-none-eabi/7.2.1/thumb/v7e-m\libgcc.a(_udivmoddi4.o)
 .debug_frame   0x0000044c       0x20 c:/users/nicol/.platformio/packages/toolchain-gccarmnoneeabi/bin/../lib/gcc/arm-none-eabi/7.2.1/../../../../arm-none-eabi/lib/thumb/v7e-m\libnosys.a(sbrk.o)
