Archive member included to satisfy reference by file (symbol)

c:/program files/microchip/xc32/v3.00/bin/bin/../../lib/gcc/pic32c/8.3.1/../../../../pic32c/lib/thumb/v6-m/nofp\libpic32c.a(data_init.o)
                              build/luos_bootloader/production/_ext/1137593668/startup_xc32.o (__pic32c_data_initialization)
c:/program files/microchip/xc32/v3.00/bin/bin/../../lib/gcc/pic32c/8.3.1/thumb/v6-m/nofp\libgcc.a(_udivsi3.o)
                              build/luos_bootloader/production/_ext/1857845632/robus_hal.o (__aeabi_uidiv)
c:/program files/microchip/xc32/v3.00/bin/bin/../../lib/gcc/pic32c/8.3.1/thumb/v6-m/nofp\libgcc.a(_divsi3.o)
                              build/luos_bootloader/production/_ext/1555399743/luos_engine.o (__aeabi_idiv)
c:/program files/microchip/xc32/v3.00/bin/bin/../../lib/gcc/pic32c/8.3.1/thumb/v6-m/nofp\libgcc.a(_dvmd_tls.o)
                              c:/program files/microchip/xc32/v3.00/bin/bin/../../lib/gcc/pic32c/8.3.1/thumb/v6-m/nofp\libgcc.a(_udivsi3.o) (__aeabi_idiv0)
c:/program files/microchip/xc32/v3.00/bin/bin/../../lib/gcc/pic32c/8.3.1/thumb/v6-m/nofp\libgcc.a(_aeabi_uldivmod.o)
                              build/luos_bootloader/production/_ext/1857845632/robus_hal.o (__aeabi_uldivmod)
c:/program files/microchip/xc32/v3.00/bin/bin/../../lib/gcc/pic32c/8.3.1/thumb/v6-m/nofp\libgcc.a(_fixunssfsi.o)
                              build/luos_bootloader/production/_ext/1555399743/luos_engine.o (__aeabi_f2uiz)
c:/program files/microchip/xc32/v3.00/bin/bin/../../lib/gcc/pic32c/8.3.1/thumb/v6-m/nofp\libgcc.a(_udivmoddi4.o)
                              c:/program files/microchip/xc32/v3.00/bin/bin/../../lib/gcc/pic32c/8.3.1/thumb/v6-m/nofp\libgcc.a(_aeabi_uldivmod.o) (__udivmoddi4)
c:/program files/microchip/xc32/v3.00/bin/bin/../../lib/gcc/pic32c/8.3.1/thumb/v6-m/nofp\libgcc.a(mulsf3.o)
                              build/luos_bootloader/production/_ext/1555399743/luos_engine.o (__aeabi_fmul)
c:/program files/microchip/xc32/v3.00/bin/bin/../../lib/gcc/pic32c/8.3.1/thumb/v6-m/nofp\libgcc.a(subsf3.o)
                              c:/program files/microchip/xc32/v3.00/bin/bin/../../lib/gcc/pic32c/8.3.1/thumb/v6-m/nofp\libgcc.a(_fixunssfsi.o) (__aeabi_fsub)
c:/program files/microchip/xc32/v3.00/bin/bin/../../lib/gcc/pic32c/8.3.1/thumb/v6-m/nofp\libgcc.a(fixsfsi.o)
                              c:/program files/microchip/xc32/v3.00/bin/bin/../../lib/gcc/pic32c/8.3.1/thumb/v6-m/nofp\libgcc.a(_fixunssfsi.o) (__aeabi_f2iz)
c:/program files/microchip/xc32/v3.00/bin/bin/../../lib/gcc/pic32c/8.3.1/thumb/v6-m/nofp\libgcc.a(_arm_cmpsf2.o)
                              c:/program files/microchip/xc32/v3.00/bin/bin/../../lib/gcc/pic32c/8.3.1/thumb/v6-m/nofp\libgcc.a(_fixunssfsi.o) (__aeabi_fcmpge)
c:/program files/microchip/xc32/v3.00/bin/bin/../../lib/gcc/pic32c/8.3.1/thumb/v6-m/nofp\libgcc.a(_clzsi2.o)
                              c:/program files/microchip/xc32/v3.00/bin/bin/../../lib/gcc/pic32c/8.3.1/thumb/v6-m/nofp\libgcc.a(mulsf3.o) (__clzsi2)
c:/program files/microchip/xc32/v3.00/bin/bin/../../lib/gcc/pic32c/8.3.1/thumb/v6-m/nofp\libgcc.a(_clzdi2.o)
                              c:/program files/microchip/xc32/v3.00/bin/bin/../../lib/gcc/pic32c/8.3.1/thumb/v6-m/nofp\libgcc.a(_udivmoddi4.o) (__clzdi2)
c:/program files/microchip/xc32/v3.00/bin/bin/../../lib/gcc/pic32c/8.3.1/thumb/v6-m/nofp\libgcc.a(eqsf2.o)
                              c:/program files/microchip/xc32/v3.00/bin/bin/../../lib/gcc/pic32c/8.3.1/thumb/v6-m/nofp\libgcc.a(_arm_cmpsf2.o) (__eqsf2)
c:/program files/microchip/xc32/v3.00/bin/bin/../../lib/gcc/pic32c/8.3.1/thumb/v6-m/nofp\libgcc.a(gesf2.o)
                              c:/program files/microchip/xc32/v3.00/bin/bin/../../lib/gcc/pic32c/8.3.1/thumb/v6-m/nofp\libgcc.a(_arm_cmpsf2.o) (__gesf2)
c:/program files/microchip/xc32/v3.00/bin/bin/../../lib/gcc/pic32c/8.3.1/thumb/v6-m/nofp\libgcc.a(lesf2.o)
                              c:/program files/microchip/xc32/v3.00/bin/bin/../../lib/gcc/pic32c/8.3.1/thumb/v6-m/nofp\libgcc.a(_arm_cmpsf2.o) (__lesf2)
c:/program files/microchip/xc32/v3.00/bin/bin/../../lib/gcc/pic32c/8.3.1/../../../../pic32c/lib/thumb/v6-m/nofp\libc_nano.a(_lib_a-sprintf.cdnopsuxX.o)
                              (_sprintf_cdnopsuxX)
c:/program files/microchip/xc32/v3.00/bin/bin/../../lib/gcc/pic32c/8.3.1/../../../../pic32c/lib/thumb/v6-m/nofp\libc_nano.a(lib_a-init.o)
                              build/luos_bootloader/production/_ext/1137593668/startup_xc32.o (__libc_init_array)
c:/program files/microchip/xc32/v3.00/bin/bin/../../lib/gcc/pic32c/8.3.1/../../../../pic32c/lib/thumb/v6-m/nofp\libc_nano.a(lib_a-memcpy-stub.o)
                              build/luos_bootloader/production/_ext/1001328808/plib_nvmctrl.o (memcpy)
c:/program files/microchip/xc32/v3.00/bin/bin/../../lib/gcc/pic32c/8.3.1/../../../../pic32c/lib/thumb/v6-m/nofp\libc_nano.a(lib_a-memset.o)
[...]
Memory Configuration

Name             Origin             Length             Attributes
rom              0x00000000         0x0000a000         xrl
ram              0x20000000         0x00008000         xw !r
config_00804000  0x00804000         0x00000004
config_00804004  0x00804004         0x00000004
*default*        0x00000000         0xffffffff

Linker script and memory map

LOAD c:/program files/microchip/xc32/v3.00/bin/bin/../../lib/gcc/pic32c/8.3.1/thumb/v6-m/nofp/crti.o
LOAD c:/program files/microchip/xc32/v3.00/bin/bin/../../lib/gcc/pic32c/8.3.1/thumb/v6-m/nofp/crtbegin.o
LOAD build/luos_bootloader/production/_ext/903266522/plib_clock.o
LOAD build/luos_bootloader/production/_ext/901117036/plib_evsys.o
LOAD build/luos_bootloader/production/_ext/1968463158/plib_nvic.o
LOAD build/luos_bootloader/production/_ext/1001328808/plib_nvmctrl.o
LOAD build/luos_bootloader/production/_ext/1968410007/plib_port.o
LOAD build/luos_bootloader/production/_ext/1426513406/xc32_monitor.o
LOAD build/luos_bootloader/production/_ext/1137593668/initialization.o
LOAD build/luos_bootloader/production/_ext/1137593668/interrupts.o
LOAD build/luos_bootloader/production/_ext/1137593668/exceptions.o
LOAD build/luos_bootloader/production/_ext/1137593668/startup_xc32.o
LOAD build/luos_bootloader/production/_ext/1137593668/libc_syscalls.o
LOAD build/luos_bootloader/production/_ext/1360937237/main.o
LOAD build/luos_bootloader/production/_ext/1342350994/bootloader_core.o
LOAD build/luos_bootloader/production/_ext/1555399743/luos_engine.o
LOAD build/luos_bootloader/production/_ext/1555399743/luos_utils.o
LOAD build/luos_bootloader/production/_ext/1555399743/profile_core.o
LOAD build/luos_bootloader/production/_ext/1555399743/routing_table.o
LOAD build/luos_bootloader/production/_ext/1555399743/streaming.o
LOAD build/luos_bootloader/production/_ext/1234256160/luos_hal.o
LOAD build/luos_bootloader/production/_ext/1857845632/robus_hal.o
LOAD build/luos_bootloader/production/_ext/1000620745/msg_alloc.o
LOAD build/luos_bootloader/production/_ext/1000620745/port_manager.o
LOAD build/luos_bootloader/production/_ext/1000620745/reception.o
LOAD build/luos_bootloader/production/_ext/1000620745/robus.o
LOAD build/luos_bootloader/production/_ext/1000620745/target.o
LOAD build/luos_bootloader/production/_ext/1000620745/timestamp.o
LOAD build/luos_bootloader/production/_ext/1000620745/transmission.o
                0x00000001                __MPLAB_BUILD = 0x1
                0x0000a000                __rom_end = (ORIGIN (rom) + LENGTH (rom))
                0x20008000                __ram_end = (ORIGIN (ram) + LENGTH (ram))

.config_00804000
                0x00804000        0x4
 *(.config_00804000)
 .config_00804000
                0x00804000        0x4 build/luos_bootloader/production/_ext/1137593668/initialization.o
                0x00804000                __config_00804000

.config_00804004
                0x00804004        0x4
 *(.config_00804004)
 .config_00804004
                0x00804004        0x4 build/luos_bootloader/production/_ext/1137593668/initialization.o
                0x00804004                __config_00804004

.vectors        0x00000000       0xb0
                0x00000000                . = ALIGN (0x4)
                0x00000000                _sfixed = .
 *(.vectors .vectors.* .vectors_default .vectors_default.*)
 .vectors       0x00000000       0xb0 build/luos_bootloader/production/_ext/1137593668/interrupts.o
                0x00000000                exception_table
 *(.isr_vector)
 *(.reset*)
 *(.after_vectors)

.text           0x000000b0       0x20
                0x000000b0                . = ALIGN (0x4)
 *(.glue_7t)
 .glue_7t       0x000000b0        0x0 linker stubs
 *(.glue_7)
 .glue_7        0x000000b0        0x0 linker stubs
 *(.gnu.linkonce.r.*)
 *(.ARM.extab* .gnu.linkonce.armextab.*)
                0x000000b0                . = ALIGN (0x4)
 *(.init)
 .init          0x000000b0        0x4 c:/program files/microchip/xc32/v3.00/bin/bin/../../lib/gcc/pic32c/8.3.1/thumb/v6-m/nofp/crti.o
                0x000000b0                _init
 .init          0x000000b4        0x8 c:/program files/microchip/xc32/v3.00/bin/bin/../../lib/gcc/pic32c/8.3.1/thumb/v6-m/nofp/crtn.o
                0x000000bc                . = ALIGN (0x4)
                0x000000bc                __preinit_array_start = .
 *(.preinit_array)
                0x000000bc                __preinit_array_end = .
                0x000000bc                . = ALIGN (0x4)
                0x000000bc                __init_array_start = .
 *(SORT_BY_NAME(.init_array.*))
 *(.init_array)
 .init_array    0x000000bc        0x4 c:/program files/microchip/xc32/v3.00/bin/bin/../../lib/gcc/pic32c/8.3.1/thumb/v6-m/nofp/crtbegin.o
                0x000000c0                __init_array_end = .
                0x000000c0                . = ALIGN (0x4)
 *crtbegin.o(.ctors)
 *(EXCLUDE_FILE(*crtend.o) .ctors)
 *(SORT_BY_NAME(.ctors.*))
 *crtend.o(.ctors)
                0x000000c0                . = ALIGN (0x4)
 *(.fini)
 .fini          0x000000c0        0x4 c:/program files/microchip/xc32/v3.00/bin/bin/../../lib/gcc/pic32c/8.3.1/thumb/v6-m/nofp/crti.o
                0x000000c0                _fini
 .fini          0x000000c4        0x8 c:/program files/microchip/xc32/v3.00/bin/bin/../../lib/gcc/pic32c/8.3.1/thumb/v6-m/nofp/crtn.o
                0x000000cc                . = ALIGN (0x4)
                0x000000cc                __fini_array_start = .
 *(.fini_array)
 .fini_array    0x000000cc        0x4 c:/program files/microchip/xc32/v3.00/bin/bin/../../lib/gcc/pic32c/8.3.1/thumb/v6-m/nofp/crtbegin.o
 *(SORT_BY_NAME(.fini_array.*))
                0x000000d0                __fini_array_end = .
 *crtbegin.o(.dtors)
 *(EXCLUDE_FILE(*crtend.o) .dtors)
 *(SORT_BY_NAME(.dtors.*))
 *crtend.o(.dtors)
                0x000000d0                . = ALIGN (0x4)
                0x000000d0                _efixed = .
                [!provide]                PROVIDE (__exidx_start = .)

.ARM.exidx      0x000000d0        0x8
 *(.ARM.exidx* .gnu.linkonce.armexidx.*)
 .ARM.exidx     0x000000d0        0x8 c:/program files/microchip/xc32/v3.00/bin/bin/../../lib/gcc/pic32c/8.3.1/thumb/v6-m/nofp\libgcc.a(_udivmoddi4.o)
                [!provide]                PROVIDE (__exidx_end = .)
                0x000000d8                . = ALIGN (0x4)
                0x000000d8                _etext = .

.bss            0x20000000        0x4
                0x20000000                . = ALIGN (0x4)
                0x20000000                __bss_start__ = .
                0x20000000                _sbss = .
                0x20000000                _szero = .
 *(COMMON)
 COMMON         0x20000000        0x4 c:/program files/microchip/xc32/v3.00/bin/bin/../../lib/gcc/pic32c/8.3.1/../../../../pic32c/lib/thumb/v6-m/nofp\libc_nano.a(lib_a-reent.o)
                0x20000000                errno
                0x20000004                . = ALIGN (0x4)
                0x20000004                __bss_end__ = .
                0x20000004                _ebss = .
                0x20000004                _ezero = .
                0x20000004                . = ALIGN (0x4)
                0x20000004                _end = .
                0x20007fff                _ram_end_ = ((ORIGIN (ram) + LENGTH (ram)) - 0x1)
                0x00000200                _min_heap_size = 0x200
START GROUP
LOAD c:/program files/microchip/xc32/v3.00/bin/bin/../../lib/gcc/pic32c/8.3.1/../../../../pic32c/lib/thumb/v6-m/nofp\libpic32c.a
LOAD c:/program files/microchip/xc32/v3.00/bin/bin/../../lib/gcc/pic32c/8.3.1/thumb/v6-m/nofp\libgcc.a
LOAD c:/program files/microchip/xc32/v3.00/bin/bin/../../lib/gcc/pic32c/8.3.1/../../../../pic32c/lib/thumb/v6-m/nofp\libm_nano.a
LOAD c:/program files/microchip/xc32/v3.00/bin/bin/../../lib/gcc/pic32c/8.3.1/../../../../pic32c/lib/thumb/v6-m/nofp\libc_nano.a
END GROUP
LOAD c:/program files/microchip/xc32/v3.00/bin/bin/../../lib/gcc/pic32c/8.3.1/thumb/v6-m/nofp/crtend.o
LOAD c:/program files/microchip/xc32/v3.00/bin/bin/../../lib/gcc/pic32c/8.3.1/thumb/v6-m/nofp/crtn.o
OUTPUT(dist/luos_bootloader/production/luos_bootloader_samd21j18a.X.production.elf elf32-littlearm)
LOAD stack
LOAD data_init

.ARM.attributes
                0x00000000       0x28
 .ARM.attributes
                0x00000000       0x1e c:/program files/microchip/xc32/v3.00/bin/bin/../../lib/gcc/pic32c/8.3.1/thumb/v6-m/nofp/crti.o
 .ARM.attributes
                0x0000001e       0x2c c:/program files/microchip/xc32/v3.00/bin/bin/../../lib/gcc/pic32c/8.3.1/thumb/v6-m/nofp/crtbegin.o
 .ARM.attributes
                0x0000004a       0x2c build/luos_bootloader/production/_ext/903266522/plib_clock.o
 .ARM.attributes
                0x00000076       0x2c build/luos_bootloader/production/_ext/901117036/plib_evsys.o
 .ARM.attributes
                0x000000a2       0x2c build/luos_bootloader/production/_ext/1968463158/plib_nvic.o
 .ARM.attributes
                0x000000ce       0x2c build/luos_bootloader/production/_ext/1001328808/plib_nvmctrl.o
 .ARM.attributes
                0x000000fa       0x2c build/luos_bootloader/production/_ext/1968410007/plib_port.o
 .ARM.attributes
                0x00000126       0x2c build/luos_bootloader/production/_ext/1426513406/xc32_monitor.o
 .ARM.attributes
                0x00000152       0x2c build/luos_bootloader/production/_ext/1137593668/initialization.o
 .ARM.attributes
                0x0000017e       0x2c build/luos_bootloader/production/_ext/1137593668/interrupts.o
 .ARM.attributes
                0x000001aa       0x2c build/luos_bootloader/production/_ext/1137593668/exceptions.o
 .ARM.attributes
                0x000001d6       0x2c build/luos_bootloader/production/_ext/1137593668/startup_xc32.o
 .ARM.attributes
                0x00000202       0x2c build/luos_bootloader/production/_ext/1360937237/main.o
 .ARM.attributes
                0x0000022e       0x2c build/luos_bootloader/production/_ext/1342350994/bootloader_core.o
 .ARM.attributes
                0x0000025a       0x2c build/luos_bootloader/production/_ext/1555399743/luos_engine.o
 .ARM.attributes
                0x00000286       0x2c build/luos_bootloader/production/_ext/1555399743/luos_utils.o
 .ARM.attributes
                0x000002b2       0x2c build/luos_bootloader/production/_ext/1555399743/routing_table.o
 .ARM.attributes
                0x000002de       0x2c build/luos_bootloader/production/_ext/1234256160/luos_hal.o
 .ARM.attributes
                0x0000030a       0x2c build/luos_bootloader/production/_ext/1857845632/robus_hal.o
 .ARM.attributes
                0x00000336       0x2c build/luos_bootloader/production/_ext/1000620745/msg_alloc.o
 .ARM.attributes
                0x00000362       0x2c build/luos_bootloader/production/_ext/1000620745/port_manager.o
 .ARM.attributes
                0x0000038e       0x2c build/luos_bootloader/production/_ext/1000620745/reception.o
 .ARM.attributes
                0x000003ba       0x2c build/luos_bootloader/production/_ext/1000620745/robus.o
 .ARM.attributes
                0x000003e6       0x2c build/luos_bootloader/production/_ext/1000620745/target.o
 .ARM.attributes
                0x00000412       0x2c build/luos_bootloader/production/_ext/1000620745/timestamp.o
 .ARM.attributes
                0x0000043e       0x2c build/luos_bootloader/production/_ext/1000620745/transmission.o
 .ARM.attributes
                0x0000046a       0x2c c:/program files/microchip/xc32/v3.00/bin/bin/../../lib/gcc/pic32c/8.3.1/../../../../pic32c/lib/thumb/v6-m/nofp\libpic32c.a(data_init.o)
 .ARM.attributes
                0x00000496       0x1e c:/program files/microchip/xc32/v3.00/bin/bin/../../lib/gcc/pic32c/8.3.1/thumb/v6-m/nofp\libgcc.a(_udivsi3.o)
 .ARM.attributes
                0x000004b4       0x1e c:/program files/microchip/xc32/v3.00/bin/bin/../../lib/gcc/pic32c/8.3.1/thumb/v6-m/nofp\libgcc.a(_dvmd_tls.o)
 .ARM.attributes
                0x000004d2       0x1e c:/program files/microchip/xc32/v3.00/bin/bin/../../lib/gcc/pic32c/8.3.1/thumb/v6-m/nofp\libgcc.a(_aeabi_uldivmod.o)
 .ARM.attributes
                0x000004f0       0x2c c:/program files/microchip/xc32/v3.00/bin/bin/../../lib/gcc/pic32c/8.3.1/thumb/v6-m/nofp\libgcc.a(_fixunssfsi.o)
 .ARM.attributes
                0x0000051c       0x2c c:/program files/microchip/xc32/v3.00/bin/bin/../../lib/gcc/pic32c/8.3.1/thumb/v6-m/nofp\libgcc.a(_udivmoddi4.o)
 .ARM.attributes
                0x00000548       0x2c c:/program files/microchip/xc32/v3.00/bin/bin/../../lib/gcc/pic32c/8.3.1/thumb/v6-m/nofp\libgcc.a(mulsf3.o)
 .ARM.attributes
                0x00000574       0x2c c:/program files/microchip/xc32/v3.00/bin/bin/../../lib/gcc/pic32c/8.3.1/thumb/v6-m/nofp\libgcc.a(subsf3.o)
 .ARM.attributes
                0x000005a0       0x2c c:/program files/microchip/xc32/v3.00/bin/bin/../../lib/gcc/pic32c/8.3.1/thumb/v6-m/nofp\libgcc.a(fixsfsi.o)
 .ARM.attributes
                0x000005cc       0x1e c:/program files/microchip/xc32/v3.00/bin/bin/../../lib/gcc/pic32c/8.3.1/thumb/v6-m/nofp\libgcc.a(_arm_cmpsf2.o)
 .ARM.attributes
                0x000005ea       0x1e c:/program files/microchip/xc32/v3.00/bin/bin/../../lib/gcc/pic32c/8.3.1/thumb/v6-m/nofp\libgcc.a(_clzsi2.o)
 .ARM.attributes
                0x00000608       0x1e c:/program files/microchip/xc32/v3.00/bin/bin/../../lib/gcc/pic32c/8.3.1/thumb/v6-m/nofp\libgcc.a(_clzdi2.o)
 .ARM.attributes
                0x00000626       0x2c c:/program files/microchip/xc32/v3.00/bin/bin/../../lib/gcc/pic32c/8.3.1/thumb/v6-m/nofp\libgcc.a(eqsf2.o)
 .ARM.attributes
                0x00000652       0x2c c:/program files/microchip/xc32/v3.00/bin/bin/../../lib/gcc/pic32c/8.3.1/thumb/v6-m/nofp\libgcc.a(gesf2.o)
 .ARM.attributes
                0x0000067e       0x2c c:/program files/microchip/xc32/v3.00/bin/bin/../../lib/gcc/pic32c/8.3.1/thumb/v6-m/nofp\libgcc.a(lesf2.o)
 .ARM.attributes
                0x000006aa       0x2c c:/program files/microchip/xc32/v3.00/bin/bin/../../lib/gcc/pic32c/8.3.1/../../../../pic32c/lib/thumb/v6-m/nofp\libc_nano.a(_lib_a-sprintf.cdnopsuxX.o)
 .ARM.attributes
                0x000006d6       0x2c c:/program files/microchip/xc32/v3.00/bin/bin/../../lib/gcc/pic32c/8.3.1/../../../../pic32c/lib/thumb/v6-m/nofp\libc_nano.a(lib_a-init.o)
 .ARM.attributes
                0x00000702       0x2c c:/program files/microchip/xc32/v3.00/bin/bin/../../lib/gcc/pic32c/8.3.1/../../../../pic32c/lib/thumb/v6-m/nofp\libc_nano.a(lib_a-memcpy-stub.o)
 .ARM.attributes
                0x0000072e       0x2c c:/program files/microchip/xc32/v3.00/bin/bin/../../lib/gcc/pic32c/8.3.1/../../../../pic32c/lib/thumb/v6-m/nofp\libc_nano.a(lib_a-memset.o)
 .ARM.attributes
                0x0000075a       0x1c c:/program files/microchip/xc32/v3.00/bin/bin/../../lib/gcc/pic32c/8.3.1/../../../../pic32c/lib/thumb/v6-m/nofp\libc_nano.a(lib_a-strcmp.o)
 .ARM.attributes
                0x00000776       0x1c c:/program files/microchip/xc32/v3.00/bin/bin/../../lib/gcc/pic32c/8.3.1/../../../../pic32c/lib/thumb/v6-m/nofp\libc_nano.a(lib_a-strlen.o)
 .ARM.attributes
                0x00000792       0x2c c:/program files/microchip/xc32/v3.00/bin/bin/../../lib/gcc/pic32c/8.3.1/../../../../pic32c/lib/thumb/v6-m/nofp\libc_nano.a(_lib_a-nano-vfprintf.cdnopsuxX.o)
 .ARM.attributes
                0x000007be       0x2c c:/program files/microchip/xc32/v3.00/bin/bin/../../lib/gcc/pic32c/8.3.1/../../../../pic32c/lib/thumb/v6-m/nofp\libc_nano.a(lib_a-__ssfputs.o)
 .ARM.attributes
                0x000007ea       0x2c c:/program files/microchip/xc32/v3.00/bin/bin/../../lib/gcc/pic32c/8.3.1/../../../../pic32c/lib/thumb/v6-m/nofp\libc_nano.a(lib_a-findfp.o)
 .ARM.attributes
                0x00000816       0x2c c:/program files/microchip/xc32/v3.00/bin/bin/../../lib/gcc/pic32c/8.3.1/../../../../pic32c/lib/thumb/v6-m/nofp\libc_nano.a(lib_a-fputwc.o)
 .ARM.attributes
                0x00000842       0x2c c:/program files/microchip/xc32/v3.00/bin/bin/../../lib/gcc/pic32c/8.3.1/../../../../pic32c/lib/thumb/v6-m/nofp\libc_nano.a(lib_a-fwalk.o)
 .ARM.attributes
                0x0000086e       0x2c c:/program files/microchip/xc32/v3.00/bin/bin/../../lib/gcc/pic32c/8.3.1/../../../../pic32c/lib/thumb/v6-m/nofp\libc_nano.a(lib_a-impure.o)
 .ARM.attributes
                0x0000089a       0x2c c:/program files/microchip/xc32/v3.00/bin/bin/../../lib/gcc/pic32c/8.3.1/../../../../pic32c/lib/thumb/v6-m/nofp\libc_nano.a(lib_a-locale.o)
 .ARM.attributes
                0x000008c6       0x2c c:/program files/microchip/xc32/v3.00/bin/bin/../../lib/gcc/pic32c/8.3.1/../../../../pic32c/lib/thumb/v6-m/nofp\libc_nano.a(lib_a-mbtowc_r.o)
 .ARM.attributes
                0x000008f2       0x2c c:/program files/microchip/xc32/v3.00/bin/bin/../../lib/gcc/pic32c/8.3.1/../../../../pic32c/lib/thumb/v6-m/nofp\libc_nano.a(lib_a-memchr-stub.o)
 .ARM.attributes
                0x0000091e       0x2c c:/program files/microchip/xc32/v3.00/bin/bin/../../lib/gcc/pic32c/8.3.1/../../../../pic32c/lib/thumb/v6-m/nofp\libc_nano.a(lib_a-nano-mallocr.o)
 .ARM.attributes
                0x0000094a       0x2c c:/program files/microchip/xc32/v3.00/bin/bin/../../lib/gcc/pic32c/8.3.1/../../../../pic32c/lib/thumb/v6-m/nofp\libc_nano.a(lib_a-nano-vfprintf_i.o)
 .ARM.attributes
                0x00000976       0x2c c:/program files/microchip/xc32/v3.00/bin/bin/../../lib/gcc/pic32c/8.3.1/../../../../pic32c/lib/thumb/v6-m/nofp\libc_nano.a(lib_a-sbrkr.o)
 .ARM.attributes
                0x000009a2       0x2c c:/program files/microchip/xc32/v3.00/bin/bin/../../lib/gcc/pic32c/8.3.1/../../../../pic32c/lib/thumb/v6-m/nofp\libc_nano.a(lib_a-stdio.o)
 .ARM.attributes
                0x000009ce       0x2c c:/program files/microchip/xc32/v3.00/bin/bin/../../lib/gcc/pic32c/8.3.1/../../../../pic32c/lib/thumb/v6-m/nofp\libc_nano.a(lib_a-wbuf.o)
 .ARM.attributes
                0x000009fa       0x2c c:/program files/microchip/xc32/v3.00/bin/bin/../../lib/gcc/pic32c/8.3.1/../../../../pic32c/lib/thumb/v6-m/nofp\libc_nano.a(lib_a-wcrtomb.o)
 .ARM.attributes
                0x00000a26       0x2c c:/program files/microchip/xc32/v3.00/bin/bin/../../lib/gcc/pic32c/8.3.1/../../../../pic32c/lib/thumb/v6-m/nofp\libc_nano.a(lib_a-wctomb_r.o)
 .ARM.attributes
                0x00000a52       0x2c c:/program files/microchip/xc32/v3.00/bin/bin/../../lib/gcc/pic32c/8.3.1/../../../../pic32c/lib/thumb/v6-m/nofp\libc_nano.a(lib_a-writer.o)
 .ARM.attributes
                0x00000a7e       0x2c c:/program files/microchip/xc32/v3.00/bin/bin/../../lib/gcc/pic32c/8.3.1/../../../../pic32c/lib/thumb/v6-m/nofp\libc_nano.a(lib_a-wsetup.o)
 .ARM.attributes
                0x00000aaa       0x2c c:/program files/microchip/xc32/v3.00/bin/bin/../../lib/gcc/pic32c/8.3.1/../../../../pic32c/lib/thumb/v6-m/nofp\libc_nano.a(lib_a-closer.o)
 .ARM.attributes
                0x00000ad6       0x2c c:/program files/microchip/xc32/v3.00/bin/bin/../../lib/gcc/pic32c/8.3.1/../../../../pic32c/lib/thumb/v6-m/nofp\libc_nano.a(lib_a-ctype_.o)
 .ARM.attributes
                0x00000b02       0x2c c:/program files/microchip/xc32/v3.00/bin/bin/../../lib/gcc/pic32c/8.3.1/../../../../pic32c/lib/thumb/v6-m/nofp\libc_nano.a(lib_a-fflush.o)
 .ARM.attributes
                0x00000b2e       0x2c c:/program files/microchip/xc32/v3.00/bin/bin/../../lib/gcc/pic32c/8.3.1/../../../../pic32c/lib/thumb/v6-m/nofp\libc_nano.a(lib_a-lseekr.o)
 .ARM.attributes
                0x00000b5a       0x2c c:/program files/microchip/xc32/v3.00/bin/bin/../../lib/gcc/pic32c/8.3.1/../../../../pic32c/lib/thumb/v6-m/nofp\libc_nano.a(lib_a-makebuf.o)
 .ARM.attributes
                0x00000b86       0x2c c:/program files/microchip/xc32/v3.00/bin/bin/../../lib/gcc/pic32c/8.3.1/../../../../pic32c/lib/thumb/v6-m/nofp\libc_nano.a(lib_a-mlock.o)
 .ARM.attributes
                0x00000bb2       0x2c c:/program files/microchip/xc32/v3.00/bin/bin/../../lib/gcc/pic32c/8.3.1/../../../../pic32c/lib/thumb/v6-m/nofp\libc_nano.a(lib_a-nano-freer.o)
 .ARM.attributes
                0x00000bde       0x2c c:/program files/microchip/xc32/v3.00/bin/bin/../../lib/gcc/pic32c/8.3.1/../../../../pic32c/lib/thumb/v6-m/nofp\libc_nano.a(lib_a-readr.o)
 .ARM.attributes
                0x00000c0a       0x2c c:/program files/microchip/xc32/v3.00/bin/bin/../../lib/gcc/pic32c/8.3.1/../../../../pic32c/lib/thumb/v6-m/nofp\libc_nano.a(lib_a-reent.o)
 .ARM.attributes
                0x00000c36       0x2c c:/program files/microchip/xc32/v3.00/bin/bin/../../lib/gcc/pic32c/8.3.1/../../../../pic32c/lib/thumb/v6-m/nofp\libc_nano.a(lib_a-fstatr.o)
 .ARM.attributes
                0x00000c62       0x2c c:/program files/microchip/xc32/v3.00/bin/bin/../../lib/gcc/pic32c/8.3.1/../../../../pic32c/lib/thumb/v6-m/nofp\libc_nano.a(lib_a-isattyr.o)
 .ARM.attributes
                0x00000c8e       0x2c c:/program files/microchip/xc32/v3.00/bin/bin/../../lib/gcc/pic32c/8.3.1/../../../../pic32c/lib/thumb/v6-m/nofp\libpic32c.a(_close.o)
 .ARM.attributes
                0x00000cba       0x2c c:/program files/microchip/xc32/v3.00/bin/bin/../../lib/gcc/pic32c/8.3.1/../../../../pic32c/lib/thumb/v6-m/nofp\libpic32c.a(_fstat.o)
 .ARM.attributes
                0x00000ce6       0x2c c:/program files/microchip/xc32/v3.00/bin/bin/../../lib/gcc/pic32c/8.3.1/../../../../pic32c/lib/thumb/v6-m/nofp\libpic32c.a(_isatty.o)
 .ARM.attributes
                0x00000d12       0x2c c:/program files/microchip/xc32/v3.00/bin/bin/../../lib/gcc/pic32c/8.3.1/../../../../pic32c/lib/thumb/v6-m/nofp\libpic32c.a(_lseek.o)
 .ARM.attributes
                0x00000d3e       0x2c c:/program files/microchip/xc32/v3.00/bin/bin/../../lib/gcc/pic32c/8.3.1/../../../../pic32c/lib/thumb/v6-m/nofp\libpic32c.a(_read.o)
 .ARM.attributes
                0x00000d6a       0x2c c:/program files/microchip/xc32/v3.00/bin/bin/../../lib/gcc/pic32c/8.3.1/../../../../pic32c/lib/thumb/v6-m/nofp\libpic32c.a(sbrk.o)
 .ARM.attributes
                0x00000d96       0x2c c:/program files/microchip/xc32/v3.00/bin/bin/../../lib/gcc/pic32c/8.3.1/../../../../pic32c/lib/thumb/v6-m/nofp\libpic32c.a(_write.o)
 .ARM.attributes
                0x00000dc2       0x2c c:/program files/microchip/xc32/v3.00/bin/bin/../../lib/gcc/pic32c/8.3.1/../../../../pic32c/lib/thumb/v6-m/nofp\libpic32c.a(close.o)
 .ARM.attributes
                0x00000dee       0x2c c:/program files/microchip/xc32/v3.00/bin/bin/../../lib/gcc/pic32c/8.3.1/../../../../pic32c/lib/thumb/v6-m/nofp\libpic32c.a(fstat.o)
 .ARM.attributes
                0x00000e1a       0x2c c:/program files/microchip/xc32/v3.00/bin/bin/../../lib/gcc/pic32c/8.3.1/../../../../pic32c/lib/thumb/v6-m/nofp\libpic32c.a(isatty.o)
 .ARM.attributes
                0x00000e46       0x2c c:/program files/microchip/xc32/v3.00/bin/bin/../../lib/gcc/pic32c/8.3.1/../../../../pic32c/lib/thumb/v6-m/nofp\libpic32c.a(lseek.o)
 .ARM.attributes
                0x00000e72       0x2c c:/program files/microchip/xc32/v3.00/bin/bin/../../lib/gcc/pic32c/8.3.1/../../../../pic32c/lib/thumb/v6-m/nofp\libpic32c.a(read.o)
 .ARM.attributes
                0x00000e9e       0x2c c:/program files/microchip/xc32/v3.00/bin/bin/../../lib/gcc/pic32c/8.3.1/../../../../pic32c/lib/thumb/v6-m/nofp\libpic32c.a(write.o)
 .ARM.attributes
                0x00000eca       0x1e c:/program files/microchip/xc32/v3.00/bin/bin/../../lib/gcc/pic32c/8.3.1/thumb/v6-m/nofp/crtn.o

.comment        0x00000000       0x53
 .comment       0x00000000       0x53 c:/program files/microchip/xc32/v3.00/bin/bin/../../lib/gcc/pic32c/8.3.1/thumb/v6-m/nofp/crtbegin.o
                                 0x54 (size before relaxing)
 .comment       0x00000053       0x54 build/luos_bootloader/production/_ext/903266522/plib_clock.o
 .comment       0x00000053       0x54 build/luos_bootloader/production/_ext/901117036/plib_evsys.o
 .comment       0x00000053       0x54 build/luos_bootloader/production/_ext/1968463158/plib_nvic.o
 .comment       0x00000053       0x54 build/luos_bootloader/production/_ext/1001328808/plib_nvmctrl.o
 .comment       0x00000053       0x54 build/luos_bootloader/production/_ext/1968410007/plib_port.o
 .comment       0x00000053       0x54 build/luos_bootloader/production/_ext/1426513406/xc32_monitor.o
 .comment       0x00000053       0x54 build/luos_bootloader/production/_ext/1137593668/initialization.o
 .comment       0x00000053       0x54 build/luos_bootloader/production/_ext/1137593668/interrupts.o
 .comment       0x00000053       0x54 build/luos_bootloader/production/_ext/1137593668/exceptions.o
 .comment       0x00000053       0x54 build/luos_bootloader/production/_ext/1137593668/startup_xc32.o
 .comment       0x00000053       0x54 build/luos_bootloader/production/_ext/1360937237/main.o
 .comment       0x00000053       0x54 build/luos_bootloader/production/_ext/1342350994/bootloader_core.o
 .comment       0x00000053       0x54 build/luos_bootloader/production/_ext/1555399743/luos_engine.o
 .comment       0x00000053       0x54 build/luos_bootloader/production/_ext/1555399743/luos_utils.o
 .comment       0x00000053       0x54 build/luos_bootloader/production/_ext/1555399743/routing_table.o
 .comment       0x00000053       0x54 build/luos_bootloader/production/_ext/1234256160/luos_hal.o
 .comment       0x00000053       0x54 build/luos_bootloader/production/_ext/1857845632/robus_hal.o
 .comment       0x00000053       0x54 build/luos_bootloader/production/_ext/1000620745/msg_alloc.o
 .comment       0x00000053       0x54 build/luos_bootloader/production/_ext/1000620745/port_manager.o
 .comment       0x00000053       0x54 build/luos_bootloader/production/_ext/1000620745/reception.o
 .comment       0x00000053       0x54 build/luos_bootloader/production/_ext/1000620745/robus.o
 .comment       0x00000053       0x54 build/luos_bootloader/production/_ext/1000620745/target.o
 .comment       0x00000053       0x54 build/luos_bootloader/production/_ext/1000620745/timestamp.o
 .comment       0x00000053       0x54 build/luos_bootloader/production/_ext/1000620745/transmission.o
 .comment       0x00000053       0x54 c:/program files/microchip/xc32/v3.00/bin/bin/../../lib/gcc/pic32c/8.3.1/../../../../pic32c/lib/thumb/v6-m/nofp\libpic32c.a(data_init.o)
 .comment       0x00000053       0x54 c:/program files/microchip/xc32/v3.00/bin/bin/../../lib/gcc/pic32c/8.3.1/thumb/v6-m/nofp\libgcc.a(_fixunssfsi.o)
 .comment       0x00000053       0x54 c:/program files/microchip/xc32/v3.00/bin/bin/../../lib/gcc/pic32c/8.3.1/thumb/v6-m/nofp\libgcc.a(_udivmoddi4.o)
 .comment       0x00000053       0x54 c:/program files/microchip/xc32/v3.00/bin/bin/../../lib/gcc/pic32c/8.3.1/thumb/v6-m/nofp\libgcc.a(mulsf3.o)
 .comment       0x00000053       0x54 c:/program files/microchip/xc32/v3.00/bin/bin/../../lib/gcc/pic32c/8.3.1/thumb/v6-m/nofp\libgcc.a(subsf3.o)
 .comment       0x00000053       0x54 c:/program files/microchip/xc32/v3.00/bin/bin/../../lib/gcc/pic32c/8.3.1/thumb/v6-m/nofp\libgcc.a(fixsfsi.o)
 .comment       0x00000053       0x54 c:/program files/microchip/xc32/v3.00/bin/bin/../../lib/gcc/pic32c/8.3.1/thumb/v6-m/nofp\libgcc.a(eqsf2.o)
 .comment       0x00000053       0x54 c:/program files/microchip/xc32/v3.00/bin/bin/../../lib/gcc/pic32c/8.3.1/thumb/v6-m/nofp\libgcc.a(gesf2.o)
 .comment       0x00000053       0x54 c:/program files/microchip/xc32/v3.00/bin/bin/../../lib/gcc/pic32c/8.3.1/thumb/v6-m/nofp\libgcc.a(lesf2.o)
 .comment       0x00000053       0x54 c:/program files/microchip/xc32/v3.00/bin/bin/../../lib/gcc/pic32c/8.3.1/../../../../pic32c/lib/thumb/v6-m/nofp\libc_nano.a(_lib_a-sprintf.cdnopsuxX.o)
 .comment       0x00000053       0x54 c:/program files/microchip/xc32/v3.00/bin/bin/../../lib/gcc/pic32c/8.3.1/../../../../pic32c/lib/thumb/v6-m/nofp\libc_nano.a(lib_a-init.o)
 .comment       0x00000053       0x54 c:/program files/microchip/xc32/v3.00/bin/bin/../../lib/gcc/pic32c/8.3.1/../../../../pic32c/lib/thumb/v6-m/nofp\libc_nano.a(lib_a-memcpy-stub.o)
 .comment       0x00000053       0x54 c:/program files/microchip/xc32/v3.00/bin/bin/../../lib/gcc/pic32c/8.3.1/../../../../pic32c/lib/thumb/v6-m/nofp\libc_nano.a(lib_a-memset.o)
 .comment       0x00000053       0x54 c:/program files/microchip/xc32/v3.00/bin/bin/../../lib/gcc/pic32c/8.3.1/../../../../pic32c/lib/thumb/v6-m/nofp\libc_nano.a(_lib_a-nano-vfprintf.cdnopsuxX.o)
 .comment       0x00000053       0x54 c:/program files/microchip/xc32/v3.00/bin/bin/../../lib/gcc/pic32c/8.3.1/../../../../pic32c/lib/thumb/v6-m/nofp\libc_nano.a(lib_a-__ssfputs.o)
 .comment       0x00000053       0x54 c:/program files/microchip/xc32/v3.00/bin/bin/../../lib/gcc/pic32c/8.3.1/../../../../pic32c/lib/thumb/v6-m/nofp\libc_nano.a(lib_a-findfp.o)
 .comment       0x00000053       0x54 c:/program files/microchip/xc32/v3.00/bin/bin/../../lib/gcc/pic32c/8.3.1/../../../../pic32c/lib/thumb/v6-m/nofp\libc_nano.a(lib_a-fputwc.o)
 .comment       0x00000053       0x54 c:/program files/microchip/xc32/v3.00/bin/bin/../../lib/gcc/pic32c/8.3.1/../../../../pic32c/lib/thumb/v6-m/nofp\libc_nano.a(lib_a-fwalk.o)
 .comment       0x00000053       0x54 c:/program files/microchip/xc32/v3.00/bin/bin/../../lib/gcc/pic32c/8.3.1/../../../../pic32c/lib/thumb/v6-m/nofp\libc_nano.a(lib_a-impure.o)
 .comment       0x00000053       0x54 c:/program files/microchip/xc32/v3.00/bin/bin/../../lib/gcc/pic32c/8.3.1/../../../../pic32c/lib/thumb/v6-m/nofp\libc_nano.a(lib_a-locale.o)
 .comment       0x00000053       0x54 c:/program files/microchip/xc32/v3.00/bin/bin/../../lib/gcc/pic32c/8.3.1/../../../../pic32c/lib/thumb/v6-m/nofp\libc_nano.a(lib_a-mbtowc_r.o)
 .comment       0x00000053       0x54 c:/program files/microchip/xc32/v3.00/bin/bin/../../lib/gcc/pic32c/8.3.1/../../../../pic32c/lib/thumb/v6-m/nofp\libc_nano.a(lib_a-memchr-stub.o)
 .comment       0x00000053       0x54 c:/program files/microchip/xc32/v3.00/bin/bin/../../lib/gcc/pic32c/8.3.1/../../../../pic32c/lib/thumb/v6-m/nofp\libc_nano.a(lib_a-nano-mallocr.o)
 .comment       0x00000053       0x54 c:/program files/microchip/xc32/v3.00/bin/bin/../../lib/gcc/pic32c/8.3.1/../../../../pic32c/lib/thumb/v6-m/nofp\libc_nano.a(lib_a-nano-vfprintf_i.o)
 .comment       0x00000053       0x54 c:/program files/microchip/xc32/v3.00/bin/bin/../../lib/gcc/pic32c/8.3.1/../../../../pic32c/lib/thumb/v6-m/nofp\libc_nano.a(lib_a-sbrkr.o)
 .comment       0x00000053       0x54 c:/program files/microchip/xc32/v3.00/bin/bin/../../lib/gcc/pic32c/8.3.1/../../../../pic32c/lib/thumb/v6-m/nofp\libc_nano.a(lib_a-stdio.o)
 .comment       0x00000053       0x54 c:/program files/microchip/xc32/v3.00/bin/bin/../../lib/gcc/pic32c/8.3.1/../../../../pic32c/lib/thumb/v6-m/nofp\libc_nano.a(lib_a-wbuf.o)
 .comment       0x00000053       0x54 c:/program files/microchip/xc32/v3.00/bin/bin/../../lib/gcc/pic32c/8.3.1/../../../../pic32c/lib/thumb/v6-m/nofp\libc_nano.a(lib_a-wcrtomb.o)
 .comment       0x00000053       0x54 c:/program files/microchip/xc32/v3.00/bin/bin/../../lib/gcc/pic32c/8.3.1/../../../../pic32c/lib/thumb/v6-m/nofp\libc_nano.a(lib_a-wctomb_r.o)
 .comment       0x00000053       0x54 c:/program files/microchip/xc32/v3.00/bin/bin/../../lib/gcc/pic32c/8.3.1/../../../../pic32c/lib/thumb/v6-m/nofp\libc_nano.a(lib_a-writer.o)
 .comment       0x00000053       0x54 c:/program files/microchip/xc32/v3.00/bin/bin/../../lib/gcc/pic32c/8.3.1/../../../../pic32c/lib/thumb/v6-m/nofp\libc_nano.a(lib_a-wsetup.o)
 .comment       0x00000053       0x54 c:/program files/microchip/xc32/v3.00/bin/bin/../../lib/gcc/pic32c/8.3.1/../../../../pic32c/lib/thumb/v6-m/nofp\libc_nano.a(lib_a-closer.o)
 .comment       0x00000053       0x54 c:/program files/microchip/xc32/v3.00/bin/bin/../../lib/gcc/pic32c/8.3.1/../../../../pic32c/lib/thumb/v6-m/nofp\libc_nano.a(lib_a-ctype_.o)
 .comment       0x00000053       0x54 c:/program files/microchip/xc32/v3.00/bin/bin/../../lib/gcc/pic32c/8.3.1/../../../../pic32c/lib/thumb/v6-m/nofp\libc_nano.a(lib_a-fflush.o)
 .comment       0x00000053       0x54 c:/program files/microchip/xc32/v3.00/bin/bin/../../lib/gcc/pic32c/8.3.1/../../../../pic32c/lib/thumb/v6-m/nofp\libc_nano.a(lib_a-lseekr.o)
 .comment       0x00000053       0x54 c:/program files/microchip/xc32/v3.00/bin/bin/../../lib/gcc/pic32c/8.3.1/../../../../pic32c/lib/thumb/v6-m/nofp\libc_nano.a(lib_a-makebuf.o)
 .comment       0x00000053       0x54 c:/program files/microchip/xc32/v3.00/bin/bin/../../lib/gcc/pic32c/8.3.1/../../../../pic32c/lib/thumb/v6-m/nofp\libc_nano.a(lib_a-mlock.o)
 .comment       0x00000053       0x54 c:/program files/microchip/xc32/v3.00/bin/bin/../../lib/gcc/pic32c/8.3.1/../../../../pic32c/lib/thumb/v6-m/nofp\libc_nano.a(lib_a-nano-freer.o)
 .comment       0x00000053       0x54 c:/program files/microchip/xc32/v3.00/bin/bin/../../lib/gcc/pic32c/8.3.1/../../../../pic32c/lib/thumb/v6-m/nofp\libc_nano.a(lib_a-readr.o)
 .comment       0x00000053       0x54 c:/program files/microchip/xc32/v3.00/bin/bin/../../lib/gcc/pic32c/8.3.1/../../../../pic32c/lib/thumb/v6-m/nofp\libc_nano.a(lib_a-reent.o)
 .comment       0x00000053       0x54 c:/program files/microchip/xc32/v3.00/bin/bin/../../lib/gcc/pic32c/8.3.1/../../../../pic32c/lib/thumb/v6-m/nofp\libc_nano.a(lib_a-fstatr.o)
 .comment       0x00000053       0x54 c:/program files/microchip/xc32/v3.00/bin/bin/../../lib/gcc/pic32c/8.3.1/../../../../pic32c/lib/thumb/v6-m/nofp\libc_nano.a(lib_a-isattyr.o)
 .comment       0x00000053       0x54 c:/program files/microchip/xc32/v3.00/bin/bin/../../lib/gcc/pic32c/8.3.1/../../../../pic32c/lib/thumb/v6-m/nofp\libpic32c.a(_close.o)
 .comment       0x00000053       0x54 c:/program files/microchip/xc32/v3.00/bin/bin/../../lib/gcc/pic32c/8.3.1/../../../../pic32c/lib/thumb/v6-m/nofp\libpic32c.a(_fstat.o)
 .comment       0x00000053       0x54 c:/program files/microchip/xc32/v3.00/bin/bin/../../lib/gcc/pic32c/8.3.1/../../../../pic32c/lib/thumb/v6-m/nofp\libpic32c.a(_isatty.o)
 .comment       0x00000053       0x54 c:/program files/microchip/xc32/v3.00/bin/bin/../../lib/gcc/pic32c/8.3.1/../../../../pic32c/lib/thumb/v6-m/nofp\libpic32c.a(_lseek.o)
 .comment       0x00000053       0x54 c:/program files/microchip/xc32/v3.00/bin/bin/../../lib/gcc/pic32c/8.3.1/../../../../pic32c/lib/thumb/v6-m/nofp\libpic32c.a(_read.o)
 .comment       0x00000053       0x54 c:/program files/microchip/xc32/v3.00/bin/bin/../../lib/gcc/pic32c/8.3.1/../../../../pic32c/lib/thumb/v6-m/nofp\libpic32c.a(sbrk.o)
 .comment       0x00000053       0x54 c:/program files/microchip/xc32/v3.00/bin/bin/../../lib/gcc/pic32c/8.3.1/../../../../pic32c/lib/thumb/v6-m/nofp\libpic32c.a(_write.o)
 .comment       0x00000053       0x54 c:/program files/microchip/xc32/v3.00/bin/bin/../../lib/gcc/pic32c/8.3.1/../../../../pic32c/lib/thumb/v6-m/nofp\libpic32c.a(close.o)
 .comment       0x00000053       0x54 c:/program files/microchip/xc32/v3.00/bin/bin/../../lib/gcc/pic32c/8.3.1/../../../../pic32c/lib/thumb/v6-m/nofp\libpic32c.a(fstat.o)
 .comment       0x00000053       0x54 c:/program files/microchip/xc32/v3.00/bin/bin/../../lib/gcc/pic32c/8.3.1/../../../../pic32c/lib/thumb/v6-m/nofp\libpic32c.a(isatty.o)
 .comment       0x00000053       0x54 c:/program files/microchip/xc32/v3.00/bin/bin/../../lib/gcc/pic32c/8.3.1/../../../../pic32c/lib/thumb/v6-m/nofp\libpic32c.a(lseek.o)
 .comment       0x00000053       0x54 c:/program files/microchip/xc32/v3.00/bin/bin/../../lib/gcc/pic32c/8.3.1/../../../../pic32c/lib/thumb/v6-m/nofp\libpic32c.a(read.o)
 .comment       0x00000053       0x54 c:/program files/microchip/xc32/v3.00/bin/bin/../../lib/gcc/pic32c/8.3.1/../../../../pic32c/lib/thumb/v6-m/nofp\libpic32c.a(write.o)

.debug_info     0x00000000    0x2bf09
 .debug_info    0x00000000      0x8d9 build/luos_bootloader/production/_ext/903266522/plib_clock.o
 .debug_info    0x000008d9      0x37b build/luos_bootloader/production/_ext/901117036/plib_evsys.o
 .debug_info    0x00000c54      0x5ba build/luos_bootloader/production/_ext/1968463158/plib_nvic.o
 .debug_info    0x0000120e     0x1403 build/luos_bootloader/production/_ext/1001328808/plib_nvmctrl.o
 .debug_info    0x00002611      0xd99 build/luos_bootloader/production/_ext/1968410007/plib_port.o
 .debug_info    0x000033aa      0x30c build/luos_bootloader/production/_ext/1426513406/xc32_monitor.o
 .debug_info    0x000036b6      0x635 build/luos_bootloader/production/_ext/1137593668/initialization.o
 .debug_info    0x00003ceb      0x8d8 build/luos_bootloader/production/_ext/1137593668/interrupts.o
 .debug_info    0x000045c3      0x396 build/luos_bootloader/production/_ext/1137593668/exceptions.o
 .debug_info    0x00004959      0x521 build/luos_bootloader/production/_ext/1137593668/startup_xc32.o
 .debug_info    0x00004e7a      0xf3b build/luos_bootloader/production/_ext/1360937237/main.o
 .debug_info    0x00005db5     0x218d build/luos_bootloader/production/_ext/1342350994/bootloader_core.o
 .debug_info    0x00007f42     0x3eb1 build/luos_bootloader/production/_ext/1555399743/luos_engine.o
 .debug_info    0x0000bdf3     0x13a0 build/luos_bootloader/production/_ext/1555399743/luos_utils.o
 .debug_info    0x0000d193     0x3266 build/luos_bootloader/production/_ext/1555399743/routing_table.o
 .debug_info    0x000103f9     0x1c61 build/luos_bootloader/production/_ext/1234256160/luos_hal.o
 .debug_info    0x0001205a     0x2e9e build/luos_bootloader/production/_ext/1857845632/robus_hal.o
 .debug_info    0x00014ef8     0x5b58 build/luos_bootloader/production/_ext/1000620745/msg_alloc.o
 .debug_info    0x0001aa50      0xcce build/luos_bootloader/production/_ext/1000620745/port_manager.o
 .debug_info    0x0001b71e     0x263c build/luos_bootloader/production/_ext/1000620745/reception.o
 .debug_info    0x0001dd5a     0x269d build/luos_bootloader/production/_ext/1000620745/robus.o
 .debug_info    0x000203f7      0xa3a build/luos_bootloader/production/_ext/1000620745/target.o
 .debug_info    0x00020e31     0x1759 build/luos_bootloader/production/_ext/1000620745/timestamp.o
 .debug_info    0x0002258a     0x1c62 build/luos_bootloader/production/_ext/1000620745/transmission.o
 .debug_info    0x000241ec      0x2c3 c:/program files/microchip/xc32/v3.00/bin/bin/../../lib/gcc/pic32c/8.3.1/../../../../pic32c/lib/thumb/v6-m/nofp\libpic32c.a(data_init.o)
 .debug_info    0x000244af       0x26 c:/program files/microchip/xc32/v3.00/bin/bin/../../lib/gcc/pic32c/8.3.1/thumb/v6-m/nofp\libgcc.a(_udivsi3.o)
 .debug_info    0x000244d5       0x26 c:/program files/microchip/xc32/v3.00/bin/bin/../../lib/gcc/pic32c/8.3.1/thumb/v6-m/nofp\libgcc.a(_dvmd_tls.o)
 .debug_info    0x000244fb       0x26 c:/program files/microchip/xc32/v3.00/bin/bin/../../lib/gcc/pic32c/8.3.1/thumb/v6-m/nofp\libgcc.a(_aeabi_uldivmod.o)
 .debug_info    0x00024521     0x1b5e c:/program files/microchip/xc32/v3.00/bin/bin/../../lib/gcc/pic32c/8.3.1/thumb/v6-m/nofp\libgcc.a(_fixunssfsi.o)
 .debug_info    0x0002607f     0x1c12 c:/program files/microchip/xc32/v3.00/bin/bin/../../lib/gcc/pic32c/8.3.1/thumb/v6-m/nofp\libgcc.a(_udivmoddi4.o)
 .debug_info    0x00027c91      0x6e2 c:/program files/microchip/xc32/v3.00/bin/bin/../../lib/gcc/pic32c/8.3.1/thumb/v6-m/nofp\libgcc.a(mulsf3.o)
 .debug_info    0x00028373      0x63e c:/program files/microchip/xc32/v3.00/bin/bin/../../lib/gcc/pic32c/8.3.1/thumb/v6-m/nofp\libgcc.a(subsf3.o)
 .debug_info    0x000289b1      0x441 c:/program files/microchip/xc32/v3.00/bin/bin/../../lib/gcc/pic32c/8.3.1/thumb/v6-m/nofp\libgcc.a(fixsfsi.o)
 .debug_info    0x00028df2       0x26 c:/program files/microchip/xc32/v3.00/bin/bin/../../lib/gcc/pic32c/8.3.1/thumb/v6-m/nofp\libgcc.a(_arm_cmpsf2.o)
 .debug_info    0x00028e18       0x26 c:/program files/microchip/xc32/v3.00/bin/bin/../../lib/gcc/pic32c/8.3.1/thumb/v6-m/nofp\libgcc.a(_clzsi2.o)
 .debug_info    0x00028e3e       0x26 c:/program files/microchip/xc32/v3.00/bin/bin/../../lib/gcc/pic32c/8.3.1/thumb/v6-m/nofp\libgcc.a(_clzdi2.o)
 .debug_info    0x00028e64      0x491 c:/program files/microchip/xc32/v3.00/bin/bin/../../lib/gcc/pic32c/8.3.1/thumb/v6-m/nofp\libgcc.a(eqsf2.o)
 .debug_info    0x000292f5      0x4c3 c:/program files/microchip/xc32/v3.00/bin/bin/../../lib/gcc/pic32c/8.3.1/thumb/v6-m/nofp\libgcc.a(gesf2.o)
 .debug_info    0x000297b8      0x4c3 c:/program files/microchip/xc32/v3.00/bin/bin/../../lib/gcc/pic32c/8.3.1/thumb/v6-m/nofp\libgcc.a(lesf2.o)
 .debug_info    0x00029c7b      0x2aa c:/program files/microchip/xc32/v3.00/bin/bin/../../lib/gcc/pic32c/8.3.1/../../../../pic32c/lib/thumb/v6-m/nofp\libpic32c.a(_close.o)
 .debug_info    0x00029f25      0x2aa c:/program files/microchip/xc32/v3.00/bin/bin/../../lib/gcc/pic32c/8.3.1/../../../../pic32c/lib/thumb/v6-m/nofp\libpic32c.a(_fstat.o)
 .debug_info    0x0002a1cf      0x2ac c:/program files/microchip/xc32/v3.00/bin/bin/../../lib/gcc/pic32c/8.3.1/../../../../pic32c/lib/thumb/v6-m/nofp\libpic32c.a(_isatty.o)
 .debug_info    0x0002a47b      0x2aa c:/program files/microchip/xc32/v3.00/bin/bin/../../lib/gcc/pic32c/8.3.1/../../../../pic32c/lib/thumb/v6-m/nofp\libpic32c.a(_lseek.o)
 .debug_info    0x0002a725      0x2a8 c:/program files/microchip/xc32/v3.00/bin/bin/../../lib/gcc/pic32c/8.3.1/../../../../pic32c/lib/thumb/v6-m/nofp\libpic32c.a(_read.o)
 .debug_info    0x0002a9cd      0x2a6 c:/program files/microchip/xc32/v3.00/bin/bin/../../lib/gcc/pic32c/8.3.1/../../../../pic32c/lib/thumb/v6-m/nofp\libpic32c.a(sbrk.o)
 .debug_info    0x0002ac73      0x2aa c:/program files/microchip/xc32/v3.00/bin/bin/../../lib/gcc/pic32c/8.3.1/../../../../pic32c/lib/thumb/v6-m/nofp\libpic32c.a(_write.o)
 .debug_info    0x0002af1d      0x2a7 c:/program files/microchip/xc32/v3.00/bin/bin/../../lib/gcc/pic32c/8.3.1/../../../../pic32c/lib/thumb/v6-m/nofp\libpic32c.a(close.o)
 .debug_info    0x0002b1c4      0x2a7 c:/program files/microchip/xc32/v3.00/bin/bin/../../lib/gcc/pic32c/8.3.1/../../../../pic32c/lib/thumb/v6-m/nofp\libpic32c.a(fstat.o)
 .debug_info    0x0002b46b      0x2a9 c:/program files/microchip/xc32/v3.00/bin/bin/../../lib/gcc/pic32c/8.3.1/../../../../pic32c/lib/thumb/v6-m/nofp\libpic32c.a(isatty.o)
 .debug_info    0x0002b714      0x2a7 c:/program files/microchip/xc32/v3.00/bin/bin/../../lib/gcc/pic32c/8.3.1/../../../../pic32c/lib/thumb/v6-m/nofp\libpic32c.a(lseek.o)
 .debug_info    0x0002b9bb      0x2a6 c:/program files/microchip/xc32/v3.00/bin/bin/../../lib/gcc/pic32c/8.3.1/../../../../pic32c/lib/thumb/v6-m/nofp\libpic32c.a(read.o)
 .debug_info    0x0002bc61      0x2a8 c:/program files/microchip/xc32/v3.00/bin/bin/../../lib/gcc/pic32c/8.3.1/../../../../pic32c/lib/thumb/v6-m/nofp\libpic32c.a(write.o)

.debug_abbrev   0x00000000     0x5084
 .debug_abbrev  0x00000000      0x12d build/luos_bootloader/production/_ext/903266522/plib_clock.o
 .debug_abbrev  0x0000012d       0x3b build/luos_bootloader/production/_ext/901117036/plib_evsys.o
 .debug_abbrev  0x00000168      0x118 build/luos_bootloader/production/_ext/1968463158/plib_nvic.o
 .debug_abbrev  0x00000280      0x2a7 build/luos_bootloader/production/_ext/1001328808/plib_nvmctrl.o
 .debug_abbrev  0x00000527      0x1c7 build/luos_bootloader/production/_ext/1968410007/plib_port.o
 .debug_abbrev  0x000006ee       0x80 build/luos_bootloader/production/_ext/1426513406/xc32_monitor.o
 .debug_abbrev  0x0000076e       0xda build/luos_bootloader/production/_ext/1137593668/initialization.o
 .debug_abbrev  0x00000848       0xa6 build/luos_bootloader/production/_ext/1137593668/interrupts.o
 .debug_abbrev  0x000008ee       0x3e build/luos_bootloader/production/_ext/1137593668/exceptions.o
 .debug_abbrev  0x0000092c      0x11f build/luos_bootloader/production/_ext/1137593668/startup_xc32.o
 .debug_abbrev  0x00000a4b      0x1f1 build/luos_bootloader/production/_ext/1360937237/main.o
 .debug_abbrev  0x00000c3c      0x4d8 build/luos_bootloader/production/_ext/1342350994/bootloader_core.o
 .debug_abbrev  0x00001114      0x673 build/luos_bootloader/production/_ext/1555399743/luos_engine.o
 .debug_abbrev  0x00001787      0x2bc build/luos_bootloader/production/_ext/1555399743/luos_utils.o
 .debug_abbrev  0x00001a43      0x547 build/luos_bootloader/production/_ext/1555399743/routing_table.o
 .debug_abbrev  0x00001f8a      0x52b build/luos_bootloader/production/_ext/1234256160/luos_hal.o
 .debug_abbrev  0x000024b5      0x4a7 build/luos_bootloader/production/_ext/1857845632/robus_hal.o
 .debug_abbrev  0x0000295c      0x572 build/luos_bootloader/production/_ext/1000620745/msg_alloc.o
 .debug_abbrev  0x00002ece      0x1e5 build/luos_bootloader/production/_ext/1000620745/port_manager.o
 .debug_abbrev  0x000030b3      0x483 build/luos_bootloader/production/_ext/1000620745/reception.o
 .debug_abbrev  0x00003536      0x597 build/luos_bootloader/production/_ext/1000620745/robus.o
 .debug_abbrev  0x00003acd      0x17b build/luos_bootloader/production/_ext/1000620745/target.o
 .debug_abbrev  0x00003c48      0x384 build/luos_bootloader/production/_ext/1000620745/timestamp.o
 .debug_abbrev  0x00003fcc      0x32d build/luos_bootloader/production/_ext/1000620745/transmission.o
 .debug_abbrev  0x000042f9       0x2e c:/program files/microchip/xc32/v3.00/bin/bin/../../lib/gcc/pic32c/8.3.1/../../../../pic32c/lib/thumb/v6-m/nofp\libpic32c.a(data_init.o)
 .debug_abbrev  0x00004327       0x14 c:/program files/microchip/xc32/v3.00/bin/bin/../../lib/gcc/pic32c/8.3.1/thumb/v6-m/nofp\libgcc.a(_udivsi3.o)
 .debug_abbrev  0x0000433b       0x14 c:/program files/microchip/xc32/v3.00/bin/bin/../../lib/gcc/pic32c/8.3.1/thumb/v6-m/nofp\libgcc.a(_dvmd_tls.o)
 .debug_abbrev  0x0000434f       0x14 c:/program files/microchip/xc32/v3.00/bin/bin/../../lib/gcc/pic32c/8.3.1/thumb/v6-m/nofp\libgcc.a(_aeabi_uldivmod.o)
 .debug_abbrev  0x00004363      0x130 c:/program files/microchip/xc32/v3.00/bin/bin/../../lib/gcc/pic32c/8.3.1/thumb/v6-m/nofp\libgcc.a(_fixunssfsi.o)
 .debug_abbrev  0x00004493      0x157 c:/program files/microchip/xc32/v3.00/bin/bin/../../lib/gcc/pic32c/8.3.1/thumb/v6-m/nofp\libgcc.a(_udivmoddi4.o)
 .debug_abbrev  0x000045ea      0x161 c:/program files/microchip/xc32/v3.00/bin/bin/../../lib/gcc/pic32c/8.3.1/thumb/v6-m/nofp\libgcc.a(mulsf3.o)
 .debug_abbrev  0x0000474b      0x172 c:/program files/microchip/xc32/v3.00/bin/bin/../../lib/gcc/pic32c/8.3.1/thumb/v6-m/nofp\libgcc.a(subsf3.o)
 .debug_abbrev  0x000048bd      0x153 c:/program files/microchip/xc32/v3.00/bin/bin/../../lib/gcc/pic32c/8.3.1/thumb/v6-m/nofp\libgcc.a(fixsfsi.o)
 .debug_abbrev  0x00004a10       0x14 c:/program files/microchip/xc32/v3.00/bin/bin/../../lib/gcc/pic32c/8.3.1/thumb/v6-m/nofp\libgcc.a(_arm_cmpsf2.o)
 .debug_abbrev  0x00004a24       0x14 c:/program files/microchip/xc32/v3.00/bin/bin/../../lib/gcc/pic32c/8.3.1/thumb/v6-m/nofp\libgcc.a(_clzsi2.o)
 .debug_abbrev  0x00004a38       0x14 c:/program files/microchip/xc32/v3.00/bin/bin/../../lib/gcc/pic32c/8.3.1/thumb/v6-m/nofp\libgcc.a(_clzdi2.o)
 .debug_abbrev  0x00004a4c      0x14a c:/program files/microchip/xc32/v3.00/bin/bin/../../lib/gcc/pic32c/8.3.1/thumb/v6-m/nofp\libgcc.a(eqsf2.o)
 .debug_abbrev  0x00004b96      0x14c c:/program files/microchip/xc32/v3.00/bin/bin/../../lib/gcc/pic32c/8.3.1/thumb/v6-m/nofp\libgcc.a(gesf2.o)
 .debug_abbrev  0x00004ce2      0x14c c:/program files/microchip/xc32/v3.00/bin/bin/../../lib/gcc/pic32c/8.3.1/thumb/v6-m/nofp\libgcc.a(lesf2.o)
 .debug_abbrev  0x00004e2e       0x2e c:/program files/microchip/xc32/v3.00/bin/bin/../../lib/gcc/pic32c/8.3.1/../../../../pic32c/lib/thumb/v6-m/nofp\libpic32c.a(_close.o)
 .debug_abbrev  0x00004e5c       0x2e c:/program files/microchip/xc32/v3.00/bin/bin/../../lib/gcc/pic32c/8.3.1/../../../../pic32c/lib/thumb/v6-m/nofp\libpic32c.a(_fstat.o)
 .debug_abbrev  0x00004e8a       0x2e c:/program files/microchip/xc32/v3.00/bin/bin/../../lib/gcc/pic32c/8.3.1/../../../../pic32c/lib/thumb/v6-m/nofp\libpic32c.a(_isatty.o)
 .debug_abbrev  0x00004eb8       0x2e c:/program files/microchip/xc32/v3.00/bin/bin/../../lib/gcc/pic32c/8.3.1/../../../../pic32c/lib/thumb/v6-m/nofp\libpic32c.a(_lseek.o)
 .debug_abbrev  0x00004ee6       0x2e c:/program files/microchip/xc32/v3.00/bin/bin/../../lib/gcc/pic32c/8.3.1/../../../../pic32c/lib/thumb/v6-m/nofp\libpic32c.a(_read.o)
 .debug_abbrev  0x00004f14       0x2e c:/program files/microchip/xc32/v3.00/bin/bin/../../lib/gcc/pic32c/8.3.1/../../../../pic32c/lib/thumb/v6-m/nofp\libpic32c.a(sbrk.o)
 .debug_abbrev  0x00004f42       0x2e c:/program files/microchip/xc32/v3.00/bin/bin/../../lib/gcc/pic32c/8.3.1/../../../../pic32c/lib/thumb/v6-m/nofp\libpic32c.a(_write.o)
 .debug_abbrev  0x00004f70       0x2e c:/program files/microchip/xc32/v3.00/bin/bin/../../lib/gcc/pic32c/8.3.1/../../../../pic32c/lib/thumb/v6-m/nofp\libpic32c.a(close.o)
 .debug_abbrev  0x00004f9e       0x2e c:/program files/microchip/xc32/v3.00/bin/bin/../../lib/gcc/pic32c/8.3.1/../../../../pic32c/lib/thumb/v6-m/nofp\libpic32c.a(fstat.o)
 .debug_abbrev  0x00004fcc       0x2e c:/program files/microchip/xc32/v3.00/bin/bin/../../lib/gcc/pic32c/8.3.1/../../../../pic32c/lib/thumb/v6-m/nofp\libpic32c.a(isatty.o)
 .debug_abbrev  0x00004ffa       0x2e c:/program files/microchip/xc32/v3.00/bin/bin/../../lib/gcc/pic32c/8.3.1/../../../../pic32c/lib/thumb/v6-m/nofp\libpic32c.a(lseek.o)
 .debug_abbrev  0x00005028       0x2e c:/program files/microchip/xc32/v3.00/bin/bin/../../lib/gcc/pic32c/8.3.1/../../../../pic32c/lib/thumb/v6-m/nofp\libpic32c.a(read.o)
 .debug_abbrev  0x00005056       0x2e c:/program files/microchip/xc32/v3.00/bin/bin/../../lib/gcc/pic32c/8.3.1/../../../../pic32c/lib/thumb/v6-m/nofp\libpic32c.a(write.o)

.debug_loc      0x00000000     0xa1c8
 .debug_loc     0x00000000       0x8e build/luos_bootloader/production/_ext/903266522/plib_clock.o
 .debug_loc     0x0000008e       0x2e build/luos_bootloader/production/_ext/1968463158/plib_nvic.o
 .debug_loc     0x000000bc      0x228 build/luos_bootloader/production/_ext/1001328808/plib_nvmctrl.o
 .debug_loc     0x000002e4      0x226 build/luos_bootloader/production/_ext/1968410007/plib_port.o
 .debug_loc     0x0000050a       0x25 build/luos_bootloader/production/_ext/1426513406/xc32_monitor.o
 .debug_loc     0x0000052f       0x45 build/luos_bootloader/production/_ext/1137593668/initialization.o
 .debug_loc     0x00000574       0x20 build/luos_bootloader/production/_ext/1137593668/startup_xc32.o
 .debug_loc     0x00000594       0x20 build/luos_bootloader/production/_ext/1360937237/main.o
 .debug_loc     0x000005b4      0x575 build/luos_bootloader/production/_ext/1342350994/bootloader_core.o
 .debug_loc     0x00000b29     0x1b97 build/luos_bootloader/production/_ext/1555399743/luos_engine.o
 .debug_loc     0x000026c0       0x64 build/luos_bootloader/production/_ext/1555399743/luos_utils.o
 .debug_loc     0x00002724      0xebb build/luos_bootloader/production/_ext/1555399743/routing_table.o
 .debug_loc     0x000035df      0x631 build/luos_bootloader/production/_ext/1234256160/luos_hal.o
 .debug_loc     0x00003c10      0x792 build/luos_bootloader/production/_ext/1857845632/robus_hal.o
 .debug_loc     0x000043a2     0x256c build/luos_bootloader/production/_ext/1000620745/msg_alloc.o
 .debug_loc     0x0000690e      0x253 build/luos_bootloader/production/_ext/1000620745/port_manager.o
 .debug_loc     0x00006b61      0x87f build/luos_bootloader/production/_ext/1000620745/reception.o
 .debug_loc     0x000073e0      0x7f2 build/luos_bootloader/production/_ext/1000620745/robus.o
 .debug_loc     0x00007bd2      0x107 build/luos_bootloader/production/_ext/1000620745/target.o
 .debug_loc     0x00007cd9      0x3ad build/luos_bootloader/production/_ext/1000620745/timestamp.o
 .debug_loc     0x00008086      0x2f6 build/luos_bootloader/production/_ext/1000620745/transmission.o
 .debug_loc     0x0000837c       0x14 c:/program files/microchip/xc32/v3.00/bin/bin/../../lib/gcc/pic32c/8.3.1/../../../../pic32c/lib/thumb/v6-m/nofp\libpic32c.a(data_init.o)
 .debug_loc     0x00008390       0x62 c:/program files/microchip/xc32/v3.00/bin/bin/../../lib/gcc/pic32c/8.3.1/thumb/v6-m/nofp\libgcc.a(_fixunssfsi.o)
 .debug_loc     0x000083f2      0x41c c:/program files/microchip/xc32/v3.00/bin/bin/../../lib/gcc/pic32c/8.3.1/thumb/v6-m/nofp\libgcc.a(_udivmoddi4.o)
 .debug_loc     0x0000880e      0x8ef c:/program files/microchip/xc32/v3.00/bin/bin/../../lib/gcc/pic32c/8.3.1/thumb/v6-m/nofp\libgcc.a(mulsf3.o)
 .debug_loc     0x000090fd      0x8e2 c:/program files/microchip/xc32/v3.00/bin/bin/../../lib/gcc/pic32c/8.3.1/thumb/v6-m/nofp\libgcc.a(subsf3.o)
 .debug_loc     0x000099df       0xf4 c:/program files/microchip/xc32/v3.00/bin/bin/../../lib/gcc/pic32c/8.3.1/thumb/v6-m/nofp\libgcc.a(fixsfsi.o)
 .debug_loc     0x00009ad3      0x166 c:/program files/microchip/xc32/v3.00/bin/bin/../../lib/gcc/pic32c/8.3.1/thumb/v6-m/nofp\libgcc.a(eqsf2.o)
 .debug_loc     0x00009c39      0x27d c:/program files/microchip/xc32/v3.00/bin/bin/../../lib/gcc/pic32c/8.3.1/thumb/v6-m/nofp\libgcc.a(gesf2.o)
 .debug_loc     0x00009eb6      0x272 c:/program files/microchip/xc32/v3.00/bin/bin/../../lib/gcc/pic32c/8.3.1/thumb/v6-m/nofp\libgcc.a(lesf2.o)
 .debug_loc     0x0000a128       0x14 c:/program files/microchip/xc32/v3.00/bin/bin/../../lib/gcc/pic32c/8.3.1/../../../../pic32c/lib/thumb/v6-m/nofp\libpic32c.a(_close.o)
 .debug_loc     0x0000a13c       0x14 c:/program files/microchip/xc32/v3.00/bin/bin/../../lib/gcc/pic32c/8.3.1/../../../../pic32c/lib/thumb/v6-m/nofp\libpic32c.a(_fstat.o)
 .debug_loc     0x0000a150       0x14 c:/program files/microchip/xc32/v3.00/bin/bin/../../lib/gcc/pic32c/8.3.1/../../../../pic32c/lib/thumb/v6-m/nofp\libpic32c.a(_isatty.o)
 .debug_loc     0x0000a164       0x14 c:/program files/microchip/xc32/v3.00/bin/bin/../../lib/gcc/pic32c/8.3.1/../../../../pic32c/lib/thumb/v6-m/nofp\libpic32c.a(_lseek.o)
 .debug_loc     0x0000a178       0x14 c:/program files/microchip/xc32/v3.00/bin/bin/../../lib/gcc/pic32c/8.3.1/../../../../pic32c/lib/thumb/v6-m/nofp\libpic32c.a(_read.o)
 .debug_loc     0x0000a18c       0x14 c:/program files/microchip/xc32/v3.00/bin/bin/../../lib/gcc/pic32c/8.3.1/../../../../pic32c/lib/thumb/v6-m/nofp\libpic32c.a(_write.o)
 .debug_loc     0x0000a1a0       0x14 c:/program files/microchip/xc32/v3.00/bin/bin/../../lib/gcc/pic32c/8.3.1/../../../../pic32c/lib/thumb/v6-m/nofp\libpic32c.a(read.o)
 .debug_loc     0x0000a1b4       0x14 c:/program files/microchip/xc32/v3.00/bin/bin/../../lib/gcc/pic32c/8.3.1/../../../../pic32c/lib/thumb/v6-m/nofp\libpic32c.a(write.o)

.debug_aranges  0x00000000      0xc08
 .debug_aranges
                0x00000000       0x20 build/luos_bootloader/production/_ext/903266522/plib_clock.o
 .debug_aranges
                0x00000020       0x20 build/luos_bootloader/production/_ext/901117036/plib_evsys.o
 .debug_aranges
                0x00000040       0x38 build/luos_bootloader/production/_ext/1968463158/plib_nvic.o
 .debug_aranges
                0x00000078       0x60 build/luos_bootloader/production/_ext/1001328808/plib_nvmctrl.o
 .debug_aranges
                0x000000d8       0x70 build/luos_bootloader/production/_ext/1968410007/plib_port.o
 .debug_aranges
                0x00000148       0x28 build/luos_bootloader/production/_ext/1426513406/xc32_monitor.o
 .debug_aranges
                0x00000170       0x20 build/luos_bootloader/production/_ext/1137593668/initialization.o
 .debug_aranges
                0x00000190       0x20 build/luos_bootloader/production/_ext/1137593668/interrupts.o
 .debug_aranges
                0x000001b0       0x28 build/luos_bootloader/production/_ext/1137593668/exceptions.o
 .debug_aranges
                0x000001d8       0x28 build/luos_bootloader/production/_ext/1137593668/startup_xc32.o
 .debug_aranges
                0x00000200       0x20 build/luos_bootloader/production/_ext/1360937237/main.o
 .debug_aranges
                0x00000220       0x50 build/luos_bootloader/production/_ext/1342350994/bootloader_core.o
 .debug_aranges
                0x00000270       0xf8 build/luos_bootloader/production/_ext/1555399743/luos_engine.o
 .debug_aranges
                0x00000368       0x28 build/luos_bootloader/production/_ext/1555399743/luos_utils.o
 .debug_aranges
                0x00000390       0xd8 build/luos_bootloader/production/_ext/1555399743/routing_table.o
 .debug_aranges
                0x00000468       0xa8 build/luos_bootloader/production/_ext/1234256160/luos_hal.o
 .debug_aranges
                0x00000510       0x98 build/luos_bootloader/production/_ext/1857845632/robus_hal.o
 .debug_aranges
                0x000005a8       0xe8 build/luos_bootloader/production/_ext/1000620745/msg_alloc.o
 .debug_aranges
                0x00000690       0x40 build/luos_bootloader/production/_ext/1000620745/port_manager.o
 .debug_aranges
                0x000006d0       0x78 build/luos_bootloader/production/_ext/1000620745/reception.o
 .debug_aranges
                0x00000748       0x90 build/luos_bootloader/production/_ext/1000620745/robus.o
 .debug_aranges
                0x000007d8       0x28 build/luos_bootloader/production/_ext/1000620745/target.o
 .debug_aranges
                0x00000800       0x48 build/luos_bootloader/production/_ext/1000620745/timestamp.o
 .debug_aranges
                0x00000848       0x40 build/luos_bootloader/production/_ext/1000620745/transmission.o
 .debug_aranges
                0x00000888       0x20 c:/program files/microchip/xc32/v3.00/bin/bin/../../lib/gcc/pic32c/8.3.1/../../../../pic32c/lib/thumb/v6-m/nofp\libpic32c.a(data_init.o)
 .debug_aranges
                0x000008a8       0x20 c:/program files/microchip/xc32/v3.00/bin/bin/../../lib/gcc/pic32c/8.3.1/thumb/v6-m/nofp\libgcc.a(_udivsi3.o)
 .debug_aranges
                0x000008c8       0x20 c:/program files/microchip/xc32/v3.00/bin/bin/../../lib/gcc/pic32c/8.3.1/thumb/v6-m/nofp\libgcc.a(_dvmd_tls.o)
 .debug_aranges
                0x000008e8       0x20 c:/program files/microchip/xc32/v3.00/bin/bin/../../lib/gcc/pic32c/8.3.1/thumb/v6-m/nofp\libgcc.a(_aeabi_uldivmod.o)
 .debug_aranges
                0x00000908       0x20 c:/program files/microchip/xc32/v3.00/bin/bin/../../lib/gcc/pic32c/8.3.1/thumb/v6-m/nofp\libgcc.a(_fixunssfsi.o)
 .debug_aranges
                0x00000928       0x20 c:/program files/microchip/xc32/v3.00/bin/bin/../../lib/gcc/pic32c/8.3.1/thumb/v6-m/nofp\libgcc.a(_udivmoddi4.o)
 .debug_aranges
                0x00000948       0x20 c:/program files/microchip/xc32/v3.00/bin/bin/../../lib/gcc/pic32c/8.3.1/thumb/v6-m/nofp\libgcc.a(mulsf3.o)
 .debug_aranges
                0x00000968       0x20 c:/program files/microchip/xc32/v3.00/bin/bin/../../lib/gcc/pic32c/8.3.1/thumb/v6-m/nofp\libgcc.a(subsf3.o)
 .debug_aranges
                0x00000988       0x20 c:/program files/microchip/xc32/v3.00/bin/bin/../../lib/gcc/pic32c/8.3.1/thumb/v6-m/nofp\libgcc.a(fixsfsi.o)
 .debug_aranges
                0x000009a8       0x20 c:/program files/microchip/xc32/v3.00/bin/bin/../../lib/gcc/pic32c/8.3.1/thumb/v6-m/nofp\libgcc.a(_arm_cmpsf2.o)
 .debug_aranges
                0x000009c8       0x20 c:/program files/microchip/xc32/v3.00/bin/bin/../../lib/gcc/pic32c/8.3.1/thumb/v6-m/nofp\libgcc.a(_clzsi2.o)
 .debug_aranges
                0x000009e8       0x20 c:/program files/microchip/xc32/v3.00/bin/bin/../../lib/gcc/pic32c/8.3.1/thumb/v6-m/nofp\libgcc.a(_clzdi2.o)
 .debug_aranges
                0x00000a08       0x20 c:/program files/microchip/xc32/v3.00/bin/bin/../../lib/gcc/pic32c/8.3.1/thumb/v6-m/nofp\libgcc.a(eqsf2.o)
 .debug_aranges
                0x00000a28       0x20 c:/program files/microchip/xc32/v3.00/bin/bin/../../lib/gcc/pic32c/8.3.1/thumb/v6-m/nofp\libgcc.a(gesf2.o)
 .debug_aranges
                0x00000a48       0x20 c:/program files/microchip/xc32/v3.00/bin/bin/../../lib/gcc/pic32c/8.3.1/thumb/v6-m/nofp\libgcc.a(lesf2.o)
 .debug_aranges
                0x00000a68       0x20 c:/program files/microchip/xc32/v3.00/bin/bin/../../lib/gcc/pic32c/8.3.1/../../../../pic32c/lib/thumb/v6-m/nofp\libpic32c.a(_close.o)
 .debug_aranges
                0x00000a88       0x20 c:/program files/microchip/xc32/v3.00/bin/bin/../../lib/gcc/pic32c/8.3.1/../../../../pic32c/lib/thumb/v6-m/nofp\libpic32c.a(_fstat.o)
 .debug_aranges
                0x00000aa8       0x20 c:/program files/microchip/xc32/v3.00/bin/bin/../../lib/gcc/pic32c/8.3.1/../../../../pic32c/lib/thumb/v6-m/nofp\libpic32c.a(_isatty.o)
 .debug_aranges
                0x00000ac8       0x20 c:/program files/microchip/xc32/v3.00/bin/bin/../../lib/gcc/pic32c/8.3.1/../../../../pic32c/lib/thumb/v6-m/nofp\libpic32c.a(_lseek.o)
 .debug_aranges
                0x00000ae8       0x20 c:/program files/microchip/xc32/v3.00/bin/bin/../../lib/gcc/pic32c/8.3.1/../../../../pic32c/lib/thumb/v6-m/nofp\libpic32c.a(_read.o)
 .debug_aranges
                0x00000b08       0x20 c:/program files/microchip/xc32/v3.00/bin/bin/../../lib/gcc/pic32c/8.3.1/../../../../pic32c/lib/thumb/v6-m/nofp\libpic32c.a(sbrk.o)
 .debug_aranges
                0x00000b28       0x20 c:/program files/microchip/xc32/v3.00/bin/bin/../../lib/gcc/pic32c/8.3.1/../../../../pic32c/lib/thumb/v6-m/nofp\libpic32c.a(_write.o)
 .debug_aranges
                0x00000b48       0x20 c:/program files/microchip/xc32/v3.00/bin/bin/../../lib/gcc/pic32c/8.3.1/../../../../pic32c/lib/thumb/v6-m/nofp\libpic32c.a(close.o)
 .debug_aranges
                0x00000b68       0x20 c:/program files/microchip/xc32/v3.00/bin/bin/../../lib/gcc/pic32c/8.3.1/../../../../pic32c/lib/thumb/v6-m/nofp\libpic32c.a(fstat.o)
 .debug_aranges
                0x00000b88       0x20 c:/program files/microchip/xc32/v3.00/bin/bin/../../lib/gcc/pic32c/8.3.1/../../../../pic32c/lib/thumb/v6-m/nofp\libpic32c.a(isatty.o)
 .debug_aranges
                0x00000ba8       0x20 c:/program files/microchip/xc32/v3.00/bin/bin/../../lib/gcc/pic32c/8.3.1/../../../../pic32c/lib/thumb/v6-m/nofp\libpic32c.a(lseek.o)
 .debug_aranges
                0x00000bc8       0x20 c:/program files/microchip/xc32/v3.00/bin/bin/../../lib/gcc/pic32c/8.3.1/../../../../pic32c/lib/thumb/v6-m/nofp\libpic32c.a(read.o)
 .debug_aranges
                0x00000be8       0x20 c:/program files/microchip/xc32/v3.00/bin/bin/../../lib/gcc/pic32c/8.3.1/../../../../pic32c/lib/thumb/v6-m/nofp\libpic32c.a(write.o)

.debug_ranges   0x00000000     0x19b0
 .debug_ranges  0x00000000       0x28 build/luos_bootloader/production/_ext/903266522/plib_clock.o
 .debug_ranges  0x00000028       0x10 build/luos_bootloader/production/_ext/901117036/plib_evsys.o
 .debug_ranges  0x00000038       0x28 build/luos_bootloader/production/_ext/1968463158/plib_nvic.o
 .debug_ranges  0x00000060       0x50 build/luos_bootloader/production/_ext/1001328808/plib_nvmctrl.o
 .debug_ranges  0x000000b0       0x60 build/luos_bootloader/production/_ext/1968410007/plib_port.o
 .debug_ranges  0x00000110       0x18 build/luos_bootloader/production/_ext/1426513406/xc32_monitor.o
 .debug_ranges  0x00000128       0x10 build/luos_bootloader/production/_ext/1137593668/initialization.o
 .debug_ranges  0x00000138       0x10 build/luos_bootloader/production/_ext/1137593668/interrupts.o
 .debug_ranges  0x00000148       0x18 build/luos_bootloader/production/_ext/1137593668/exceptions.o
 .debug_ranges  0x00000160       0x18 build/luos_bootloader/production/_ext/1137593668/startup_xc32.o
 .debug_ranges  0x00000178       0x10 build/luos_bootloader/production/_ext/1360937237/main.o
 .debug_ranges  0x00000188       0x88 build/luos_bootloader/production/_ext/1342350994/bootloader_core.o
 .debug_ranges  0x00000210      0x2c0 build/luos_bootloader/production/_ext/1555399743/luos_engine.o
 .debug_ranges  0x000004d0       0x18 build/luos_bootloader/production/_ext/1555399743/luos_utils.o
 .debug_ranges  0x000004e8      0x158 build/luos_bootloader/production/_ext/1555399743/routing_table.o
 .debug_ranges  0x00000640       0x98 build/luos_bootloader/production/_ext/1234256160/luos_hal.o
 .debug_ranges  0x000006d8       0xd0 build/luos_bootloader/production/_ext/1857845632/robus_hal.o
 .debug_ranges  0x000007a8      0xb08 build/luos_bootloader/production/_ext/1000620745/msg_alloc.o
 .debug_ranges  0x000012b0       0x48 build/luos_bootloader/production/_ext/1000620745/port_manager.o
 .debug_ranges  0x000012f8      0x128 build/luos_bootloader/production/_ext/1000620745/reception.o
 .debug_ranges  0x00001420      0x118 build/luos_bootloader/production/_ext/1000620745/robus.o
 .debug_ranges  0x00001538       0x18 build/luos_bootloader/production/_ext/1000620745/target.o
 .debug_ranges  0x00001550       0x38 build/luos_bootloader/production/_ext/1000620745/timestamp.o
 .debug_ranges  0x00001588       0x78 build/luos_bootloader/production/_ext/1000620745/transmission.o
 .debug_ranges  0x00001600       0x10 c:/program files/microchip/xc32/v3.00/bin/bin/../../lib/gcc/pic32c/8.3.1/../../../../pic32c/lib/thumb/v6-m/nofp\libpic32c.a(data_init.o)
 .debug_ranges  0x00001610       0x58 c:/program files/microchip/xc32/v3.00/bin/bin/../../lib/gcc/pic32c/8.3.1/thumb/v6-m/nofp\libgcc.a(mulsf3.o)
 .debug_ranges  0x00001668      0x198 c:/program files/microchip/xc32/v3.00/bin/bin/../../lib/gcc/pic32c/8.3.1/thumb/v6-m/nofp\libgcc.a(subsf3.o)
 .debug_ranges  0x00001800       0x30 c:/program files/microchip/xc32/v3.00/bin/bin/../../lib/gcc/pic32c/8.3.1/thumb/v6-m/nofp\libgcc.a(eqsf2.o)
 .debug_ranges  0x00001830       0x58 c:/program files/microchip/xc32/v3.00/bin/bin/../../lib/gcc/pic32c/8.3.1/thumb/v6-m/nofp\libgcc.a(gesf2.o)
 .debug_ranges  0x00001888       0x58 c:/program files/microchip/xc32/v3.00/bin/bin/../../lib/gcc/pic32c/8.3.1/thumb/v6-m/nofp\libgcc.a(lesf2.o)
 .debug_ranges  0x000018e0       0x10 c:/program files/microchip/xc32/v3.00/bin/bin/../../lib/gcc/pic32c/8.3.1/../../../../pic32c/lib/thumb/v6-m/nofp\libpic32c.a(_close.o)
 .debug_ranges  0x000018f0       0x10 c:/program files/microchip/xc32/v3.00/bin/bin/../../lib/gcc/pic32c/8.3.1/../../../../pic32c/lib/thumb/v6-m/nofp\libpic32c.a(_fstat.o)
 .debug_ranges  0x00001900       0x10 c:/program files/microchip/xc32/v3.00/bin/bin/../../lib/gcc/pic32c/8.3.1/../../../../pic32c/lib/thumb/v6-m/nofp\libpic32c.a(_isatty.o)
 .debug_ranges  0x00001910       0x10 c:/program files/microchip/xc32/v3.00/bin/bin/../../lib/gcc/pic32c/8.3.1/../../../../pic32c/lib/thumb/v6-m/nofp\libpic32c.a(_lseek.o)
 .debug_ranges  0x00001920       0x10 c:/program files/microchip/xc32/v3.00/bin/bin/../../lib/gcc/pic32c/8.3.1/../../../../pic32c/lib/thumb/v6-m/nofp\libpic32c.a(_read.o)
 .debug_ranges  0x00001930       0x10 c:/program files/microchip/xc32/v3.00/bin/bin/../../lib/gcc/pic32c/8.3.1/../../../../pic32c/lib/thumb/v6-m/nofp\libpic32c.a(sbrk.o)
 .debug_ranges  0x00001940       0x10 c:/program files/microchip/xc32/v3.00/bin/bin/../../lib/gcc/pic32c/8.3.1/../../../../pic32c/lib/thumb/v6-m/nofp\libpic32c.a(_write.o)
 .debug_ranges  0x00001950       0x10 c:/program files/microchip/xc32/v3.00/bin/bin/../../lib/gcc/pic32c/8.3.1/../../../../pic32c/lib/thumb/v6-m/nofp\libpic32c.a(close.o)
 .debug_ranges  0x00001960       0x10 c:/program files/microchip/xc32/v3.00/bin/bin/../../lib/gcc/pic32c/8.3.1/../../../../pic32c/lib/thumb/v6-m/nofp\libpic32c.a(fstat.o)
 .debug_ranges  0x00001970       0x10 c:/program files/microchip/xc32/v3.00/bin/bin/../../lib/gcc/pic32c/8.3.1/../../../../pic32c/lib/thumb/v6-m/nofp\libpic32c.a(isatty.o)
 .debug_ranges  0x00001980       0x10 c:/program files/microchip/xc32/v3.00/bin/bin/../../lib/gcc/pic32c/8.3.1/../../../../pic32c/lib/thumb/v6-m/nofp\libpic32c.a(lseek.o)
 .debug_ranges  0x00001990       0x10 c:/program files/microchip/xc32/v3.00/bin/bin/../../lib/gcc/pic32c/8.3.1/../../../../pic32c/lib/thumb/v6-m/nofp\libpic32c.a(read.o)
 .debug_ranges  0x000019a0       0x10 c:/program files/microchip/xc32/v3.00/bin/bin/../../lib/gcc/pic32c/8.3.1/../../../../pic32c/lib/thumb/v6-m/nofp\libpic32c.a(write.o)

.debug_line     0x00000000     0xbc3b
 .debug_line    0x00000000      0x216 build/luos_bootloader/production/_ext/903266522/plib_clock.o
 .debug_line    0x00000216       0x6e build/luos_bootloader/production/_ext/901117036/plib_evsys.o
 .debug_line    0x00000284      0x26a build/luos_bootloader/production/_ext/1968463158/plib_nvic.o
 .debug_line    0x000004ee      0x343 build/luos_bootloader/production/_ext/1001328808/plib_nvmctrl.o
 .debug_line    0x00000831      0x2c3 build/luos_bootloader/production/_ext/1968410007/plib_port.o
 .debug_line    0x00000af4       0x85 build/luos_bootloader/production/_ext/1426513406/xc32_monitor.o
 .debug_line    0x00000b79      0x27e build/luos_bootloader/production/_ext/1137593668/initialization.o
 .debug_line    0x00000df7      0x10c build/luos_bootloader/production/_ext/1137593668/interrupts.o
 .debug_line    0x00000f03       0x76 build/luos_bootloader/production/_ext/1137593668/exceptions.o
 .debug_line    0x00000f79      0x1ab build/luos_bootloader/production/_ext/1137593668/startup_xc32.o
 .debug_line    0x00001124      0x192 build/luos_bootloader/production/_ext/1360937237/main.o
 .debug_line    0x000012b6      0x69d build/luos_bootloader/production/_ext/1342350994/bootloader_core.o
 .debug_line    0x00001953     0x127e build/luos_bootloader/production/_ext/1555399743/luos_engine.o
 .debug_line    0x00002bd1      0x2dc build/luos_bootloader/production/_ext/1555399743/luos_utils.o
 .debug_line    0x00002ead      0xc6f build/luos_bootloader/production/_ext/1555399743/routing_table.o
 .debug_line    0x00003b1c      0x714 build/luos_bootloader/production/_ext/1234256160/luos_hal.o
 .debug_line    0x00004230      0xaf1 build/luos_bootloader/production/_ext/1857845632/robus_hal.o
 .debug_line    0x00004d21     0x2955 build/luos_bootloader/production/_ext/1000620745/msg_alloc.o
 .debug_line    0x00007676      0x398 build/luos_bootloader/production/_ext/1000620745/port_manager.o
 .debug_line    0x00007a0e      0xcaa build/luos_bootloader/production/_ext/1000620745/reception.o
 .debug_line    0x000086b8      0xa35 build/luos_bootloader/production/_ext/1000620745/robus.o
 .debug_line    0x000090ed      0x1c8 build/luos_bootloader/production/_ext/1000620745/target.o
 .debug_line    0x000092b5      0x445 build/luos_bootloader/production/_ext/1000620745/timestamp.o
 .debug_line    0x000096fa      0x4ef build/luos_bootloader/production/_ext/1000620745/transmission.o
 .debug_line    0x00009be9      0x132 c:/program files/microchip/xc32/v3.00/bin/bin/../../lib/gcc/pic32c/8.3.1/../../../../pic32c/lib/thumb/v6-m/nofp\libpic32c.a(data_init.o)
 .debug_line    0x00009d1b       0xa8 c:/program files/microchip/xc32/v3.00/bin/bin/../../lib/gcc/pic32c/8.3.1/thumb/v6-m/nofp\libgcc.a(_udivsi3.o)
 .debug_line    0x00009dc3       0x9c c:/program files/microchip/xc32/v3.00/bin/bin/../../lib/gcc/pic32c/8.3.1/thumb/v6-m/nofp\libgcc.a(_dvmd_tls.o)
 .debug_line    0x00009e5f       0xa7 c:/program files/microchip/xc32/v3.00/bin/bin/../../lib/gcc/pic32c/8.3.1/thumb/v6-m/nofp\libgcc.a(_aeabi_uldivmod.o)
 .debug_line    0x00009f06      0x2cb c:/program files/microchip/xc32/v3.00/bin/bin/../../lib/gcc/pic32c/8.3.1/thumb/v6-m/nofp\libgcc.a(_fixunssfsi.o)
 .debug_line    0x0000a1d1      0x3d7 c:/program files/microchip/xc32/v3.00/bin/bin/../../lib/gcc/pic32c/8.3.1/thumb/v6-m/nofp\libgcc.a(_udivmoddi4.o)
 .debug_line    0x0000a5a8      0x279 c:/program files/microchip/xc32/v3.00/bin/bin/../../lib/gcc/pic32c/8.3.1/thumb/v6-m/nofp\libgcc.a(mulsf3.o)
 .debug_line    0x0000a821      0x314 c:/program files/microchip/xc32/v3.00/bin/bin/../../lib/gcc/pic32c/8.3.1/thumb/v6-m/nofp\libgcc.a(subsf3.o)
 .debug_line    0x0000ab35      0x154 c:/program files/microchip/xc32/v3.00/bin/bin/../../lib/gcc/pic32c/8.3.1/thumb/v6-m/nofp\libgcc.a(fixsfsi.o)
 .debug_line    0x0000ac89       0xb1 c:/program files/microchip/xc32/v3.00/bin/bin/../../lib/gcc/pic32c/8.3.1/thumb/v6-m/nofp\libgcc.a(_arm_cmpsf2.o)
 .debug_line    0x0000ad3a       0xb0 c:/program files/microchip/xc32/v3.00/bin/bin/../../lib/gcc/pic32c/8.3.1/thumb/v6-m/nofp\libgcc.a(_clzsi2.o)
 .debug_line    0x0000adea       0xa6 c:/program files/microchip/xc32/v3.00/bin/bin/../../lib/gcc/pic32c/8.3.1/thumb/v6-m/nofp\libgcc.a(_clzdi2.o)
 .debug_line    0x0000ae90      0x179 c:/program files/microchip/xc32/v3.00/bin/bin/../../lib/gcc/pic32c/8.3.1/thumb/v6-m/nofp\libgcc.a(eqsf2.o)
 .debug_line    0x0000b009      0x1a8 c:/program files/microchip/xc32/v3.00/bin/bin/../../lib/gcc/pic32c/8.3.1/thumb/v6-m/nofp\libgcc.a(gesf2.o)
 .debug_line    0x0000b1b1      0x1a4 c:/program files/microchip/xc32/v3.00/bin/bin/../../lib/gcc/pic32c/8.3.1/thumb/v6-m/nofp\libgcc.a(lesf2.o)
 .debug_line    0x0000b355       0xa2 c:/program files/microchip/xc32/v3.00/bin/bin/../../lib/gcc/pic32c/8.3.1/../../../../pic32c/lib/thumb/v6-m/nofp\libpic32c.a(_close.o)
 .debug_line    0x0000b3f7       0xa2 c:/program files/microchip/xc32/v3.00/bin/bin/../../lib/gcc/pic32c/8.3.1/../../../../pic32c/lib/thumb/v6-m/nofp\libpic32c.a(_fstat.o)
 .debug_line    0x0000b499       0xa3 c:/program files/microchip/xc32/v3.00/bin/bin/../../lib/gcc/pic32c/8.3.1/../../../../pic32c/lib/thumb/v6-m/nofp\libpic32c.a(_isatty.o)
 .debug_line    0x0000b53c       0xa2 c:/program files/microchip/xc32/v3.00/bin/bin/../../lib/gcc/pic32c/8.3.1/../../../../pic32c/lib/thumb/v6-m/nofp\libpic32c.a(_lseek.o)
 .debug_line    0x0000b5de       0xa1 c:/program files/microchip/xc32/v3.00/bin/bin/../../lib/gcc/pic32c/8.3.1/../../../../pic32c/lib/thumb/v6-m/nofp\libpic32c.a(_read.o)
 .debug_line    0x0000b67f       0xb5 c:/program files/microchip/xc32/v3.00/bin/bin/../../lib/gcc/pic32c/8.3.1/../../../../pic32c/lib/thumb/v6-m/nofp\libpic32c.a(sbrk.o)
 .debug_line    0x0000b734       0xa2 c:/program files/microchip/xc32/v3.00/bin/bin/../../lib/gcc/pic32c/8.3.1/../../../../pic32c/lib/thumb/v6-m/nofp\libpic32c.a(_write.o)
 .debug_line    0x0000b7d6       0xa1 c:/program files/microchip/xc32/v3.00/bin/bin/../../lib/gcc/pic32c/8.3.1/../../../../pic32c/lib/thumb/v6-m/nofp\libpic32c.a(close.o)
 .debug_line    0x0000b877      0x10c c:/program files/microchip/xc32/v3.00/bin/bin/../../lib/gcc/pic32c/8.3.1/../../../../pic32c/lib/thumb/v6-m/nofp\libpic32c.a(fstat.o)
 .debug_line    0x0000b983       0x9d c:/program files/microchip/xc32/v3.00/bin/bin/../../lib/gcc/pic32c/8.3.1/../../../../pic32c/lib/thumb/v6-m/nofp\libpic32c.a(isatty.o)
 .debug_line    0x0000ba20       0x9e c:/program files/microchip/xc32/v3.00/bin/bin/../../lib/gcc/pic32c/8.3.1/../../../../pic32c/lib/thumb/v6-m/nofp\libpic32c.a(lseek.o)
 .debug_line    0x0000babe       0xb8 c:/program files/microchip/xc32/v3.00/bin/bin/../../lib/gcc/pic32c/8.3.1/../../../../pic32c/lib/thumb/v6-m/nofp\libpic32c.a(read.o)
 .debug_line    0x0000bb76       0xc5 c:/program files/microchip/xc32/v3.00/bin/bin/../../lib/gcc/pic32c/8.3.1/../../../../pic32c/lib/thumb/v6-m/nofp\libpic32c.a(write.o)

.debug_str      0x00000000     0x1636
 .debug_str     0x00000000        0x0 build/luos_bootloader/production/_ext/903266522/plib_clock.o
 .debug_str     0x00000000        0x0 build/luos_bootloader/production/_ext/901117036/plib_evsys.o
 .debug_str     0x00000000        0x0 build/luos_bootloader/production/_ext/1968463158/plib_nvic.o
 .debug_str     0x00000000       0x1f build/luos_bootloader/production/_ext/1001328808/plib_nvmctrl.o
 .debug_str     0x0000001f        0xb build/luos_bootloader/production/_ext/1968410007/plib_port.o
 .debug_str     0x0000002a        0x0 build/luos_bootloader/production/_ext/1426513406/xc32_monitor.o
 .debug_str     0x0000002a       0x55 build/luos_bootloader/production/_ext/1137593668/initialization.o
 .debug_str     0x0000007f        0x0 build/luos_bootloader/production/_ext/1137593668/interrupts.o
 .debug_str     0x0000007f        0x0 build/luos_bootloader/production/_ext/1137593668/exceptions.o
 .debug_str     0x0000007f       0x2f build/luos_bootloader/production/_ext/1137593668/startup_xc32.o
 .debug_str     0x000000ae       0x26 build/luos_bootloader/production/_ext/1360937237/main.o
 .debug_str     0x000000d4      0x113 build/luos_bootloader/production/_ext/1342350994/bootloader_core.o
 .debug_str     0x000001e7      0x491 build/luos_bootloader/production/_ext/1555399743/luos_engine.o
 .debug_str     0x00000678       0x61 build/luos_bootloader/production/_ext/1555399743/luos_utils.o
 .debug_str     0x000006d9      0x14d build/luos_bootloader/production/_ext/1555399743/routing_table.o
 .debug_str     0x00000826       0x3a build/luos_bootloader/production/_ext/1234256160/luos_hal.o
 .debug_str     0x00000860      0x1b5 build/luos_bootloader/production/_ext/1857845632/robus_hal.o
 .debug_str     0x00000a15       0x7b build/luos_bootloader/production/_ext/1000620745/msg_alloc.o
 .debug_str     0x00000a90       0x71 build/luos_bootloader/production/_ext/1000620745/port_manager.o
 .debug_str     0x00000b01      0x1c2 build/luos_bootloader/production/_ext/1000620745/reception.o
 .debug_str     0x00000cc3      0x1a9 build/luos_bootloader/production/_ext/1000620745/robus.o
 .debug_str     0x00000e6c        0xb build/luos_bootloader/production/_ext/1000620745/target.o
 .debug_str     0x00000e77       0x3a build/luos_bootloader/production/_ext/1000620745/timestamp.o
 .debug_str     0x00000eb1      0x110 build/luos_bootloader/production/_ext/1000620745/transmission.o
 .debug_str     0x00000fc1        0x0 c:/program files/microchip/xc32/v3.00/bin/bin/../../lib/gcc/pic32c/8.3.1/../../../../pic32c/lib/thumb/v6-m/nofp\libpic32c.a(data_init.o)
 .debug_str     0x00000fc1       0xee c:/program files/microchip/xc32/v3.00/bin/bin/../../lib/gcc/pic32c/8.3.1/thumb/v6-m/nofp\libgcc.a(_udivsi3.o)
 .debug_str     0x000010af       0xee c:/program files/microchip/xc32/v3.00/bin/bin/../../lib/gcc/pic32c/8.3.1/thumb/v6-m/nofp\libgcc.a(_dvmd_tls.o)
 .debug_str     0x0000119d       0xee c:/program files/microchip/xc32/v3.00/bin/bin/../../lib/gcc/pic32c/8.3.1/thumb/v6-m/nofp\libgcc.a(_aeabi_uldivmod.o)
 .debug_str     0x0000128b        0x0 c:/program files/microchip/xc32/v3.00/bin/bin/../../lib/gcc/pic32c/8.3.1/thumb/v6-m/nofp\libgcc.a(_fixunssfsi.o)
 .debug_str     0x0000128b        0x0 c:/program files/microchip/xc32/v3.00/bin/bin/../../lib/gcc/pic32c/8.3.1/thumb/v6-m/nofp\libgcc.a(_udivmoddi4.o)
 .debug_str     0x0000128b       0x30 c:/program files/microchip/xc32/v3.00/bin/bin/../../lib/gcc/pic32c/8.3.1/thumb/v6-m/nofp\libgcc.a(mulsf3.o)
 .debug_str     0x000012bb       0x2c c:/program files/microchip/xc32/v3.00/bin/bin/../../lib/gcc/pic32c/8.3.1/thumb/v6-m/nofp\libgcc.a(subsf3.o)
 .debug_str     0x000012e7       0x13 c:/program files/microchip/xc32/v3.00/bin/bin/../../lib/gcc/pic32c/8.3.1/thumb/v6-m/nofp\libgcc.a(fixsfsi.o)
 .debug_str     0x000012fa       0xee c:/program files/microchip/xc32/v3.00/bin/bin/../../lib/gcc/pic32c/8.3.1/thumb/v6-m/nofp\libgcc.a(_arm_cmpsf2.o)
 .debug_str     0x000013e8       0xee c:/program files/microchip/xc32/v3.00/bin/bin/../../lib/gcc/pic32c/8.3.1/thumb/v6-m/nofp\libgcc.a(_clzsi2.o)
 .debug_str     0x000014d6       0xee c:/program files/microchip/xc32/v3.00/bin/bin/../../lib/gcc/pic32c/8.3.1/thumb/v6-m/nofp\libgcc.a(_clzdi2.o)
 .debug_str     0x000015c4       0x26 c:/program files/microchip/xc32/v3.00/bin/bin/../../lib/gcc/pic32c/8.3.1/thumb/v6-m/nofp\libgcc.a(eqsf2.o)
 .debug_str     0x000015ea       0x26 c:/program files/microchip/xc32/v3.00/bin/bin/../../lib/gcc/pic32c/8.3.1/thumb/v6-m/nofp\libgcc.a(gesf2.o)
 .debug_str     0x00001610       0x26 c:/program files/microchip/xc32/v3.00/bin/bin/../../lib/gcc/pic32c/8.3.1/thumb/v6-m/nofp\libgcc.a(lesf2.o)
 .debug_str     0x00001636        0x0 c:/program files/microchip/xc32/v3.00/bin/bin/../../lib/gcc/pic32c/8.3.1/../../../../pic32c/lib/thumb/v6-m/nofp\libpic32c.a(_close.o)
 .debug_str     0x00001636        0x0 c:/program files/microchip/xc32/v3.00/bin/bin/../../lib/gcc/pic32c/8.3.1/../../../../pic32c/lib/thumb/v6-m/nofp\libpic32c.a(_fstat.o)
 .debug_str     0x00001636        0x0 c:/program files/microchip/xc32/v3.00/bin/bin/../../lib/gcc/pic32c/8.3.1/../../../../pic32c/lib/thumb/v6-m/nofp\libpic32c.a(_isatty.o)
 .debug_str     0x00001636        0x0 c:/program files/microchip/xc32/v3.00/bin/bin/../../lib/gcc/pic32c/8.3.1/../../../../pic32c/lib/thumb/v6-m/nofp\libpic32c.a(_lseek.o)
 .debug_str     0x00001636        0x0 c:/program files/microchip/xc32/v3.00/bin/bin/../../lib/gcc/pic32c/8.3.1/../../../../pic32c/lib/thumb/v6-m/nofp\libpic32c.a(_read.o)
 .debug_str     0x00001636        0x0 c:/program files/microchip/xc32/v3.00/bin/bin/../../lib/gcc/pic32c/8.3.1/../../../../pic32c/lib/thumb/v6-m/nofp\libpic32c.a(sbrk.o)
 .debug_str     0x00001636        0x0 c:/program files/microchip/xc32/v3.00/bin/bin/../../lib/gcc/pic32c/8.3.1/../../../../pic32c/lib/thumb/v6-m/nofp\libpic32c.a(_write.o)
 .debug_str     0x00001636        0x0 c:/program files/microchip/xc32/v3.00/bin/bin/../../lib/gcc/pic32c/8.3.1/../../../../pic32c/lib/thumb/v6-m/nofp\libpic32c.a(close.o)
 .debug_str     0x00001636        0x0 c:/program files/microchip/xc32/v3.00/bin/bin/../../lib/gcc/pic32c/8.3.1/../../../../pic32c/lib/thumb/v6-m/nofp\libpic32c.a(fstat.o)
 .debug_str     0x00001636        0x0 c:/program files/microchip/xc32/v3.00/bin/bin/../../lib/gcc/pic32c/8.3.1/../../../../pic32c/lib/thumb/v6-m/nofp\libpic32c.a(isatty.o)
 .debug_str     0x00001636        0x0 c:/program files/microchip/xc32/v3.00/bin/bin/../../lib/gcc/pic32c/8.3.1/../../../../pic32c/lib/thumb/v6-m/nofp\libpic32c.a(lseek.o)
 .debug_str     0x00001636        0x0 c:/program files/microchip/xc32/v3.00/bin/bin/../../lib/gcc/pic32c/8.3.1/../../../../pic32c/lib/thumb/v6-m/nofp\libpic32c.a(read.o)
 .debug_str     0x00001636        0x0 c:/program files/microchip/xc32/v3.00/bin/bin/../../lib/gcc/pic32c/8.3.1/../../../../pic32c/lib/thumb/v6-m/nofp\libpic32c.a(write.o)

.debug_frame    0x00000000     0x1914
 .debug_frame   0x00000000       0x20 build/luos_bootloader/production/_ext/903266522/plib_clock.o
 .debug_frame   0x00000020       0x20 build/luos_bootloader/production/_ext/901117036/plib_evsys.o
 .debug_frame   0x00000040       0x50 build/luos_bootloader/production/_ext/1968463158/plib_nvic.o
 .debug_frame   0x00000090       0xb8 build/luos_bootloader/production/_ext/1001328808/plib_nvmctrl.o
 .debug_frame   0x00000148       0xcc build/luos_bootloader/production/_ext/1968410007/plib_port.o
 .debug_frame   0x00000214       0x30 build/luos_bootloader/production/_ext/1426513406/xc32_monitor.o
 .debug_frame   0x00000244       0x28 build/luos_bootloader/production/_ext/1137593668/initialization.o
 .debug_frame   0x0000026c       0x20 build/luos_bootloader/production/_ext/1137593668/interrupts.o
 .debug_frame   0x0000028c       0x30 build/luos_bootloader/production/_ext/1137593668/exceptions.o
 .debug_frame   0x000002bc       0x38 build/luos_bootloader/production/_ext/1137593668/startup_xc32.o
 .debug_frame   0x000002f4       0x28 build/luos_bootloader/production/_ext/1360937237/main.o
 .debug_frame   0x0000031c       0xe8 build/luos_bootloader/production/_ext/1342350994/bootloader_core.o
 .debug_frame   0x00000404      0x358 build/luos_bootloader/production/_ext/1555399743/luos_engine.o
 .debug_frame   0x0000075c       0x3c build/luos_bootloader/production/_ext/1555399743/luos_utils.o
 .debug_frame   0x00000798      0x2bc build/luos_bootloader/production/_ext/1555399743/routing_table.o
 .debug_frame   0x00000a54      0x194 build/luos_bootloader/production/_ext/1234256160/luos_hal.o
 .debug_frame   0x00000be8      0x198 build/luos_bootloader/production/_ext/1857845632/robus_hal.o
 .debug_frame   0x00000d80      0x2cc build/luos_bootloader/production/_ext/1000620745/msg_alloc.o
 .debug_frame   0x0000104c       0x8c build/luos_bootloader/production/_ext/1000620745/port_manager.o
 .debug_frame   0x000010d8      0x144 build/luos_bootloader/production/_ext/1000620745/reception.o
 .debug_frame   0x0000121c      0x1a4 build/luos_bootloader/production/_ext/1000620745/robus.o
 .debug_frame   0x000013c0       0x38 build/luos_bootloader/production/_ext/1000620745/target.o
 .debug_frame   0x000013f8       0xa4 build/luos_bootloader/production/_ext/1000620745/timestamp.o
 .debug_frame   0x0000149c       0x98 build/luos_bootloader/production/_ext/1000620745/transmission.o
 .debug_frame   0x00001534       0x34 c:/program files/microchip/xc32/v3.00/bin/bin/../../lib/gcc/pic32c/8.3.1/../../../../pic32c/lib/thumb/v6-m/nofp\libpic32c.a(data_init.o)
 .debug_frame   0x00001568       0x20 c:/program files/microchip/xc32/v3.00/bin/bin/../../lib/gcc/pic32c/8.3.1/thumb/v6-m/nofp\libgcc.a(_udivsi3.o)
 .debug_frame   0x00001588       0x28 c:/program files/microchip/xc32/v3.00/bin/bin/../../lib/gcc/pic32c/8.3.1/thumb/v6-m/nofp\libgcc.a(_fixunssfsi.o)
 .debug_frame   0x000015b0       0x3c c:/program files/microchip/xc32/v3.00/bin/bin/../../lib/gcc/pic32c/8.3.1/thumb/v6-m/nofp\libgcc.a(_udivmoddi4.o)
 .debug_frame   0x000015ec       0x38 c:/program files/microchip/xc32/v3.00/bin/bin/../../lib/gcc/pic32c/8.3.1/thumb/v6-m/nofp\libgcc.a(mulsf3.o)
 .debug_frame   0x00001624       0x3c c:/program files/microchip/xc32/v3.00/bin/bin/../../lib/gcc/pic32c/8.3.1/thumb/v6-m/nofp\libgcc.a(subsf3.o)
 .debug_frame   0x00001660       0x20 c:/program files/microchip/xc32/v3.00/bin/bin/../../lib/gcc/pic32c/8.3.1/thumb/v6-m/nofp\libgcc.a(fixsfsi.o)
 .debug_frame   0x00001680       0x2c c:/program files/microchip/xc32/v3.00/bin/bin/../../lib/gcc/pic32c/8.3.1/thumb/v6-m/nofp\libgcc.a(eqsf2.o)
 .debug_frame   0x000016ac       0x30 c:/program files/microchip/xc32/v3.00/bin/bin/../../lib/gcc/pic32c/8.3.1/thumb/v6-m/nofp\libgcc.a(gesf2.o)
 .debug_frame   0x000016dc       0x30 c:/program files/microchip/xc32/v3.00/bin/bin/../../lib/gcc/pic32c/8.3.1/thumb/v6-m/nofp\libgcc.a(lesf2.o)
 .debug_frame   0x0000170c       0x20 c:/program files/microchip/xc32/v3.00/bin/bin/../../lib/gcc/pic32c/8.3.1/../../../../pic32c/lib/thumb/v6-m/nofp\libc_nano.a(lib_a-strcmp.o)
 .debug_frame   0x0000172c       0x28 c:/program files/microchip/xc32/v3.00/bin/bin/../../lib/gcc/pic32c/8.3.1/../../../../pic32c/lib/thumb/v6-m/nofp\libpic32c.a(_close.o)
 .debug_frame   0x00001754       0x28 c:/program files/microchip/xc32/v3.00/bin/bin/../../lib/gcc/pic32c/8.3.1/../../../../pic32c/lib/thumb/v6-m/nofp\libpic32c.a(_fstat.o)
 .debug_frame   0x0000177c       0x28 c:/program files/microchip/xc32/v3.00/bin/bin/../../lib/gcc/pic32c/8.3.1/../../../../pic32c/lib/thumb/v6-m/nofp\libpic32c.a(_isatty.o)
 .debug_frame   0x000017a4       0x28 c:/program files/microchip/xc32/v3.00/bin/bin/../../lib/gcc/pic32c/8.3.1/../../../../pic32c/lib/thumb/v6-m/nofp\libpic32c.a(_lseek.o)
 .debug_frame   0x000017cc       0x28 c:/program files/microchip/xc32/v3.00/bin/bin/../../lib/gcc/pic32c/8.3.1/../../../../pic32c/lib/thumb/v6-m/nofp\libpic32c.a(_read.o)
 .debug_frame   0x000017f4       0x20 c:/program files/microchip/xc32/v3.00/bin/bin/../../lib/gcc/pic32c/8.3.1/../../../../pic32c/lib/thumb/v6-m/nofp\libpic32c.a(sbrk.o)
 .debug_frame   0x00001814       0x28 c:/program files/microchip/xc32/v3.00/bin/bin/../../lib/gcc/pic32c/8.3.1/../../../../pic32c/lib/thumb/v6-m/nofp\libpic32c.a(_write.o)
 .debug_frame   0x0000183c       0x20 c:/program files/microchip/xc32/v3.00/bin/bin/../../lib/gcc/pic32c/8.3.1/../../../../pic32c/lib/thumb/v6-m/nofp\libpic32c.a(close.o)
 .debug_frame   0x0000185c       0x20 c:/program files/microchip/xc32/v3.00/bin/bin/../../lib/gcc/pic32c/8.3.1/../../../../pic32c/lib/thumb/v6-m/nofp\libpic32c.a(fstat.o)
 .debug_frame   0x0000187c       0x20 c:/program files/microchip/xc32/v3.00/bin/bin/../../lib/gcc/pic32c/8.3.1/../../../../pic32c/lib/thumb/v6-m/nofp\libpic32c.a(isatty.o)
 .debug_frame   0x0000189c       0x20 c:/program files/microchip/xc32/v3.00/bin/bin/../../lib/gcc/pic32c/8.3.1/../../../../pic32c/lib/thumb/v6-m/nofp\libpic32c.a(lseek.o)
 .debug_frame   0x000018bc       0x2c c:/program files/microchip/xc32/v3.00/bin/bin/../../lib/gcc/pic32c/8.3.1/../../../../pic32c/lib/thumb/v6-m/nofp\libpic32c.a(read.o)
 .debug_frame   0x000018e8       0x2c c:/program files/microchip/xc32/v3.00/bin/bin/../../lib/gcc/pic32c/8.3.1/../../../../pic32c/lib/thumb/v6-m/nofp\libpic32c.a(write.o)

.stack          0x200015d8      0x100
 .stack         0x200015d8      0x100 stack

.bss.data_buff%1
                0x20000004      0x800
 .bss.data_buff
                0x20000004      0x800 build/luos_bootloader/production/_ext/1342350994/bootloader_core.o
                0x20000004                data_buff

.bss.routing_table%2
                0x20000804      0x370
 .bss.routing_table
                0x20000804      0x370 build/luos_bootloader/production/_ext/1555399743/routing_table.o
                0x20000804                routing_table

.bss.msg_buffer%3
                0x20000b74      0x195
 .bss.msg_buffer
                0x20000b74      0x195 build/luos_bootloader/production/_ext/1000620745/msg_alloc.o
                0x20000b74                msg_buffer

.data.__global_locale%4
                0x20000d0c      0x16c
 .data.__global_locale
                0x20000d0c      0x16c c:/program files/microchip/xc32/v3.00/bin/bin/../../lib/gcc/pic32c/8.3.1/../../../../pic32c/lib/thumb/v6-m/nofp\libc_nano.a(lib_a-locale.o)
                0x20000d0c                __global_locale

.bss.service_table%5
                0x20000e78      0x131
 .bss.service_table
                0x20000e78      0x131 build/luos_bootloader/production/_ext/1555399743/luos_engine.o
                0x20000e78                service_table

.bss.tx_tasks%6
                0x20000fac       0xa0
 .bss.tx_tasks  0x20000fac       0xa0 build/luos_bootloader/production/_ext/1000620745/msg_alloc.o
                0x20000fac                tx_tasks

.bss.bootloader_data%7
                0x2000104c       0x7f
 .bss.bootloader_data
                0x2000104c       0x7f build/luos_bootloader/production/_ext/1342350994/bootloader_core.o

.bss.ctx%8      0x200010cc       0x7c
 .bss.ctx       0x200010cc       0x7c build/luos_bootloader/production/_ext/1000620745/robus.o
                0x200010cc                ctx

.data.impure_data%9
                0x20001148       0x60
 .data.impure_data
                0x20001148       0x60 c:/program files/microchip/xc32/v3.00/bin/bin/../../lib/gcc/pic32c/8.3.1/../../../../pic32c/lib/thumb/v6-m/nofp\libc_nano.a(lib_a-impure.o)

.bss.luos_tasks%10
                0x200011a8       0x50
 .bss.luos_tasks
                0x200011a8       0x50 build/luos_bootloader/production/_ext/1000620745/msg_alloc.o
                0x200011a8                luos_tasks

.bss.package_table%11
                0x200011f8       0x28
 .bss.package_table
                0x200011f8       0x28 build/luos_bootloader/production/_ext/1555399743/luos_engine.o
                0x200011f8                package_table

.bss.msg_tasks%12
                0x20001220       0x28
 .bss.msg_tasks
                0x20001220       0x28 build/luos_bootloader/production/_ext/1000620745/msg_alloc.o
                0x20001220                msg_tasks

.bss.__sf_fake_stderr%13
                0x20001248       0x20
 .bss.__sf_fake_stderr
                0x20001248       0x20 c:/program files/microchip/xc32/v3.00/bin/bin/../../lib/gcc/pic32c/8.3.1/../../../../pic32c/lib/thumb/v6-m/nofp\libc_nano.a(lib_a-findfp.o)
                0x20001248                __sf_fake_stderr

.bss.__sf_fake_stdin%14
                0x20001268       0x20
 .bss.__sf_fake_stdin
                0x20001268       0x20 c:/program files/microchip/xc32/v3.00/bin/bin/../../lib/gcc/pic32c/8.3.1/../../../../pic32c/lib/thumb/v6-m/nofp\libc_nano.a(lib_a-findfp.o)
                0x20001268                __sf_fake_stdin

.bss.__sf_fake_stdout%15
                0x20001288       0x20
 .bss.__sf_fake_stdout
                0x20001288       0x20 c:/program files/microchip/xc32/v3.00/bin/bin/../../lib/gcc/pic32c/8.3.1/../../../../pic32c/lib/thumb/v6-m/nofp\libc_nano.a(lib_a-findfp.o)
                0x20001288                __sf_fake_stdout

.bss%16         0x200012a8       0x1c
 .bss           0x200012a8       0x1c c:/program files/microchip/xc32/v3.00/bin/bin/../../lib/gcc/pic32c/8.3.1/thumb/v6-m/nofp/crtbegin.o

.bss.ll_timestamp%17
                0x200012c8       0x18
 .bss.ll_timestamp
                0x200012c8       0x18 build/luos_bootloader/production/_ext/1234256160/luos_hal.o

.bss.data_size.7939%18
                0x200012e0       0x14
 .bss.data_size.7939
                0x200012e0       0x14 build/luos_bootloader/production/_ext/1555399743/luos_engine.o

.bss.total_data_size.7940%19
                0x200012f4       0x14
 .bss.total_data_size.7940
                0x200012f4       0x14 build/luos_bootloader/production/_ext/1555399743/luos_engine.o

.bss.descriptor_section%20
                0x20001308       0x10
 .bss.descriptor_section
                0x20001308       0x10 build/luos_bootloader/production/_ext/1857845632/robus_hal.o

.bss.write_back_section%21
                0x20001318       0x10
 .bss.write_back_section
                0x20001318       0x10 build/luos_bootloader/production/_ext/1857845632/robus_hal.o

.bss.ll_rx_timestamp%22
                0x20001328        0x8
 .bss.ll_rx_timestamp
                0x20001328        0x8 build/luos_bootloader/production/_ext/1000620745/reception.o

.bss.general_stats%23
                0x20001330        0x7
 .bss.general_stats
                0x20001330        0x7 build/luos_bootloader/production/_ext/1555399743/luos_engine.o
                0x20001330                general_stats

.bss.luos_stats%24
                0x20001338        0x6
 .bss.luos_stats
                0x20001338        0x6 build/luos_bootloader/production/_ext/1555399743/luos_engine.o
                0x20001338                luos_stats

.bss.PTP%25     0x20001340        0x6
 .bss.PTP       0x20001340        0x6 build/luos_bootloader/production/_ext/1857845632/robus_hal.o
                0x20001340                PTP

.bss.nb_bytes%26
                0x200012c4        0x4
 .bss.nb_bytes  0x200012c4        0x4 build/luos_bootloader/production/_ext/1342350994/bootloader_core.o
                0x200012c4                nb_bytes

.bss.tickstart%27
                0x20001348        0x4
 .bss.tickstart
                0x20001348        0x4 build/luos_bootloader/production/_ext/1342350994/bootloader_core.o
                0x20001348                tickstart

.data.flash_addr%28
                0x2000134c        0x4
 .data.flash_addr
                0x2000134c        0x4 build/luos_bootloader/production/_ext/1342350994/bootloader_core.o
                0x2000134c                flash_addr

.bss.detection_service%29
                0x20001350        0x4
 .bss.detection_service
                0x20001350        0x4 build/luos_bootloader/production/_ext/1555399743/luos_engine.o
                0x20001350                detection_service

.bss.last_loop_date.7764%30
                0x20001354        0x4
 .bss.last_loop_date.7764
                0x20001354        0x4 build/luos_bootloader/production/_ext/1555399743/luos_engine.o

.bss.tick%31    0x20001358        0x4
 .bss.tick      0x20001358        0x4 build/luos_bootloader/production/_ext/1234256160/luos_hal.o
                0x20001358                tick

.bss.tx_data%32
                0x2000135c        0x4
 .bss.tx_data   0x2000135c        0x4 build/luos_bootloader/production/_ext/1857845632/robus_hal.o